Archive member included to satisfy reference by file (symbol)

../tetris_display_driver_bsp/\libhal_bsp.a(alt_load.o)
                              ../tetris_display_driver_bsp//obj/HAL/src/crt0.o (alt_load)
../tetris_display_driver_bsp/\libhal_bsp.a(alt_main.o)
                              ../tetris_display_driver_bsp//obj/HAL/src/crt0.o (alt_main)
../tetris_display_driver_bsp/\libhal_bsp.a(alt_usleep.o)
                              obj/default/tetris.o (usleep)
../tetris_display_driver_bsp/\libhal_bsp.a(alt_sys_init.o)
                              ../tetris_display_driver_bsp/\libhal_bsp.a(alt_main.o) (alt_irq_init)
../tetris_display_driver_bsp/\libhal_bsp.a(altera_avalon_jtag_uart_fd.o)
                              ../tetris_display_driver_bsp/\libhal_bsp.a(alt_sys_init.o) (altera_avalon_jtag_uart_read_fd)
../tetris_display_driver_bsp/\libhal_bsp.a(altera_avalon_jtag_uart_init.o)
                              ../tetris_display_driver_bsp/\libhal_bsp.a(alt_sys_init.o) (altera_avalon_jtag_uart_init)
../tetris_display_driver_bsp/\libhal_bsp.a(altera_avalon_jtag_uart_ioctl.o)
                              ../tetris_display_driver_bsp/\libhal_bsp.a(altera_avalon_jtag_uart_fd.o) (altera_avalon_jtag_uart_ioctl)
../tetris_display_driver_bsp/\libhal_bsp.a(altera_avalon_jtag_uart_read.o)
                              ../tetris_display_driver_bsp/\libhal_bsp.a(altera_avalon_jtag_uart_fd.o) (altera_avalon_jtag_uart_read)
../tetris_display_driver_bsp/\libhal_bsp.a(altera_avalon_jtag_uart_write.o)
                              ../tetris_display_driver_bsp/\libhal_bsp.a(altera_avalon_jtag_uart_fd.o) (altera_avalon_jtag_uart_write)
../tetris_display_driver_bsp/\libhal_bsp.a(altera_avalon_spi.o)
                              obj/default/tetris.o (alt_avalon_spi_command)
../tetris_display_driver_bsp/\libhal_bsp.a(altera_avalon_timer_sc.o)
                              ../tetris_display_driver_bsp/\libhal_bsp.a(alt_sys_init.o) (alt_avalon_timer_sc_init)
../tetris_display_driver_bsp/\libhal_bsp.a(alt_alarm_start.o)
                              ../tetris_display_driver_bsp/\libhal_bsp.a(altera_avalon_jtag_uart_init.o) (alt_alarm_start)
../tetris_display_driver_bsp/\libhal_bsp.a(alt_busy_sleep.o)
                              ../tetris_display_driver_bsp/\libhal_bsp.a(alt_usleep.o) (alt_busy_sleep)
../tetris_display_driver_bsp/\libhal_bsp.a(alt_close.o)
                              ../tetris_display_driver_bsp/\libhal_bsp.a(alt_main.o) (close)
../tetris_display_driver_bsp/\libhal_bsp.a(alt_dcache_flush_all.o)
                              ../tetris_display_driver_bsp/\libhal_bsp.a(alt_load.o) (alt_dcache_flush_all)
../tetris_display_driver_bsp/\libhal_bsp.a(alt_dev.o)
                              ../tetris_display_driver_bsp/\libhal_bsp.a(alt_sys_init.o) (alt_dev_list)
../tetris_display_driver_bsp/\libhal_bsp.a(alt_dev_llist_insert.o)
                              ../tetris_display_driver_bsp/\libhal_bsp.a(alt_sys_init.o) (alt_dev_llist_insert)
../tetris_display_driver_bsp/\libhal_bsp.a(alt_do_ctors.o)
                              ../tetris_display_driver_bsp/\libhal_bsp.a(alt_main.o) (_do_ctors)
../tetris_display_driver_bsp/\libhal_bsp.a(alt_do_dtors.o)
                              ../tetris_display_driver_bsp/\libhal_bsp.a(alt_main.o) (_do_dtors)
../tetris_display_driver_bsp/\libhal_bsp.a(alt_errno.o)
                              ../tetris_display_driver_bsp/\libhal_bsp.a(alt_close.o) (alt_errno)
../tetris_display_driver_bsp/\libhal_bsp.a(alt_icache_flush_all.o)
                              ../tetris_display_driver_bsp/\libhal_bsp.a(alt_load.o) (alt_icache_flush_all)
../tetris_display_driver_bsp/\libhal_bsp.a(alt_iic.o)
                              ../tetris_display_driver_bsp/\libhal_bsp.a(altera_avalon_jtag_uart_init.o) (alt_ic_isr_register)
../tetris_display_driver_bsp/\libhal_bsp.a(alt_iic_isr_register.o)
                              ../tetris_display_driver_bsp/\libhal_bsp.a(alt_iic.o) (alt_iic_isr_register)
../tetris_display_driver_bsp/\libhal_bsp.a(alt_io_redirect.o)
                              ../tetris_display_driver_bsp/\libhal_bsp.a(alt_main.o) (alt_io_redirect)
../tetris_display_driver_bsp/\libhal_bsp.a(alt_irq_entry.o)
                              ../tetris_display_driver_bsp/\libhal_bsp.a(alt_iic_isr_register.o) (alt_irq_entry)
../tetris_display_driver_bsp/\libhal_bsp.a(alt_irq_handler.o)
                              ../tetris_display_driver_bsp/\libhal_bsp.a(alt_iic_isr_register.o) (alt_irq)
../tetris_display_driver_bsp/\libhal_bsp.a(alt_irq_vars.o)
                              ../tetris_display_driver_bsp/\libhal_bsp.a(alt_iic.o) (alt_irq_active)
../tetris_display_driver_bsp/\libhal_bsp.a(alt_open.o)
                              ../tetris_display_driver_bsp/\libhal_bsp.a(alt_io_redirect.o) (open)
../tetris_display_driver_bsp/\libhal_bsp.a(alt_release_fd.o)
                              ../tetris_display_driver_bsp/\libhal_bsp.a(alt_close.o) (alt_release_fd)
[...]
Memory Configuration

Name             Origin             Length             Attributes
reset            0x0000000000020000 0x0000000000000020
memory           0x0000000000020020 0x000000000001ffe0
*default*        0x0000000000000000 0xffffffffffffffff

Linker script and memory map

LOAD ../tetris_display_driver_bsp//obj/HAL/src/crt0.o
LOAD obj/default/image.o
LOAD obj/default/tetris.o
LOAD c:/intelfpga_lite/18.1/nios2eds/bin/gnu/h-x86_64-mingw32/bin/../lib/gcc/nios2-elf/5.3.0/../../../../../H-x86_64-mingw32/nios2-elf/lib/mno-hw-mul\libstdc++.a
LOAD c:/intelfpga_lite/18.1/nios2eds/bin/gnu/h-x86_64-mingw32/bin/../lib/gcc/nios2-elf/5.3.0/../../../../../H-x86_64-mingw32/nios2-elf/lib/mno-hw-mul\libm.a
LOAD c:/intelfpga_lite/18.1/nios2eds/bin/gnu/h-x86_64-mingw32/bin/../lib/gcc/nios2-elf/5.3.0/mno-hw-mul\libgcc.a
START GROUP
LOAD c:/intelfpga_lite/18.1/nios2eds/bin/gnu/h-x86_64-mingw32/bin/../lib/gcc/nios2-elf/5.3.0/../../../../../H-x86_64-mingw32/nios2-elf/lib/mno-hw-mul\libc.a
LOAD c:/intelfpga_lite/18.1/nios2eds/bin/gnu/h-x86_64-mingw32/bin/../lib/gcc/nios2-elf/5.3.0/mno-hw-mul\libgcc.a
LOAD ../tetris_display_driver_bsp/\libhal_bsp.a
LOAD c:/intelfpga_lite/18.1/nios2eds/bin/gnu/h-x86_64-mingw32/bin/../lib/gcc/nios2-elf/5.3.0/../../../../../H-x86_64-mingw32/nios2-elf/lib/mno-hw-mul\libm.a
END GROUP
LOAD c:/intelfpga_lite/18.1/nios2eds/bin/gnu/h-x86_64-mingw32/bin/../lib/gcc/nios2-elf/5.3.0/mno-hw-mul\libgcc.a
                0x0000000000020000                __alt_mem_memory = 0x20000

.entry          0x0000000000020000       0x20
 *(.entry)
 .entry         0x0000000000020000       0x20 ../tetris_display_driver_bsp//obj/HAL/src/crt0.o
                0x0000000000020000                __reset

.exceptions     0x0000000000020020      0x210
                0x0000000000020020                PROVIDE (__ram_exceptions_start, ABSOLUTE (.))
                0x0000000000020020                . = ALIGN (0x20)
 *(.irq)
 *(.exceptions.entry.label)
 .exceptions.entry.label
                0x0000000000020020        0x0 ../tetris_display_driver_bsp/\libhal_bsp.a(alt_irq_entry.o)
                0x0000000000020020                alt_irq_entry
 .exceptions.entry.label
                0x0000000000020020        0x0 ../tetris_display_driver_bsp/\libhal_bsp.a(alt_exception_entry.o)
                0x0000000000020020                alt_exception
 *(.exceptions.entry.user)
 *(.exceptions.entry.ecc_fatal)
 *(.exceptions.entry)
 .exceptions.entry
                0x0000000000020020       0x54 ../tetris_display_driver_bsp/\libhal_bsp.a(alt_exception_entry.o)
 *(.exceptions.irqtest.user)
 *(.exceptions.irqtest)
 .exceptions.irqtest
                0x0000000000020074       0x10 ../tetris_display_driver_bsp/\libhal_bsp.a(alt_irq_entry.o)
 *(.exceptions.irqhandler.user)
 *(.exceptions.irqhandler)
 .exceptions.irqhandler
                0x0000000000020084        0x4 ../tetris_display_driver_bsp/\libhal_bsp.a(alt_irq_entry.o)
 *(.exceptions.irqreturn.user)
 *(.exceptions.irqreturn)
 .exceptions.irqreturn
                0x0000000000020088        0x4 ../tetris_display_driver_bsp/\libhal_bsp.a(alt_irq_entry.o)
 *(.exceptions.notirq.label)
 .exceptions.notirq.label
                0x000000000002008c        0x0 ../tetris_display_driver_bsp/\libhal_bsp.a(alt_irq_entry.o)
 *(.exceptions.notirq.user)
 *(.exceptions.notirq)
 .exceptions.notirq
                0x000000000002008c        0x8 ../tetris_display_driver_bsp/\libhal_bsp.a(alt_exception_entry.o)
 *(.exceptions.soft.user)
 *(.exceptions.soft)
 *(.exceptions.unknown.user)
 *(.exceptions.unknown)
 .exceptions.unknown
                0x0000000000020094       0x14 ../tetris_display_driver_bsp/\libhal_bsp.a(alt_exception_entry.o)
 *(.exceptions.exit.label)
 .exceptions.exit.label
                0x00000000000200a8        0x0 ../tetris_display_driver_bsp/\libhal_bsp.a(alt_irq_entry.o)
 .exceptions.exit.label
                0x00000000000200a8        0x0 ../tetris_display_driver_bsp/\libhal_bsp.a(alt_exception_entry.o)
 *(.exceptions.exit.user)
 *(.exceptions.exit)
 .exceptions.exit
                0x00000000000200a8       0x54 ../tetris_display_driver_bsp/\libhal_bsp.a(alt_exception_entry.o)
 *(.exceptions)
 .exceptions    0x00000000000200fc       0xd4 ../tetris_display_driver_bsp/\libhal_bsp.a(alt_irq_handler.o)
                0x00000000000200fc                alt_irq_handler
 .exceptions    0x00000000000201d0       0x60 ../tetris_display_driver_bsp/\libhal_bsp.a(alt_instruction_exception_entry.o)
                0x00000000000201d0                alt_instruction_exception_entry
                0x0000000000020230                PROVIDE (__ram_exceptions_end, ABSOLUTE (.))
                0x0000000000020020                PROVIDE (__flash_exceptions_start, LOADADDR (.exceptions))

.text           0x0000000000020230     0x3064
                [!provide]                        PROVIDE (stext, ABSOLUTE (.))
 *(.interp)
 *(.hash)
 *(.dynsym)
 *(.dynstr)
 *(.gnu.version)
 *(.gnu.version_d)
 *(.gnu.version_r)
 *(.rel.init)
 *(.rela.init)
 *(.rel.text .rel.text.* .rel.gnu.linkonce.t.*)
 *(.rela.text .rela.text.* .rela.gnu.linkonce.t.*)
 *(.rel.fini)
 *(.rela.fini)
 *(.rel.rodata .rel.rodata.* .rel.gnu.linkonce.r.*)
 *(.rela.rodata .rela.rodata.* .rela.gnu.linkonce.r.*)
 *(.rel.data .rel.data.* .rel.gnu.linkonce.d.*)
 *(.rela.data .rela.data.* .rela.gnu.linkonce.d.*)
 *(.rel.tdata .rel.tdata.* .rel.gnu.linkonce.td.*)
 *(.rela.tdata .rela.tdata.* .rela.gnu.linkonce.td.*)
 *(.rel.tbss .rel.tbss.* .rel.gnu.linkonce.tb.*)
 *(.rela.tbss .rela.tbss.* .rela.gnu.linkonce.tb.*)
 *(.rel.ctors)
 *(.rela.ctors)
 *(.rel.dtors)
 *(.rela.dtors)
 *(.rel.got)
 *(.rela.got)
 *(.rel.sdata .rel.sdata.* .rel.gnu.linkonce.s.*)
 *(.rela.sdata .rela.sdata.* .rela.gnu.linkonce.s.*)
 *(.rel.sbss .rel.sbss.* .rel.gnu.linkonce.sb.*)
 *(.rela.sbss .rela.sbss.* .rela.gnu.linkonce.sb.*)
 *(.rel.sdata2 .rel.sdata2.* .rel.gnu.linkonce.s2.*)
 *(.rela.sdata2 .rela.sdata2.* .rela.gnu.linkonce.s2.*)
 *(.rel.sbss2 .rel.sbss2.* .rel.gnu.linkonce.sb2.*)
 *(.rela.sbss2 .rela.sbss2.* .rela.gnu.linkonce.sb2.*)
 *(.rel.bss .rel.bss.* .rel.gnu.linkonce.b.*)
 *(.rela.bss .rela.bss.* .rela.gnu.linkonce.b.*)
 *(.rel.plt)
 *(.rela.plt)
 *(.rel.dyn)
 *(.init)
 *(.plt)
 *(.text .stub .text.* .gnu.linkonce.t.*)
 .text          0x0000000000020230       0x3c ../tetris_display_driver_bsp//obj/HAL/src/crt0.o
                0x0000000000020230                _start
 .text          0x000000000002026c        0x0 obj/default/image.o
 .text          0x000000000002026c      0x7ac obj/default/tetris.o
                0x000000000002026c                main
                0x00000000000208d0                lcdWrite
                0x0000000000020978                lcdWriteBulk
                0x00000000000209ec                get_adc_value
 .text          0x0000000000020a18       0xec ../tetris_display_driver_bsp/\libhal_bsp.a(alt_load.o)
                0x0000000000020a80                alt_load
 .text          0x0000000000020b04       0x7c ../tetris_display_driver_bsp/\libhal_bsp.a(alt_main.o)
                0x0000000000020b04                alt_main
 .text          0x0000000000020b80       0x30 ../tetris_display_driver_bsp/\libhal_bsp.a(alt_usleep.o)
                0x0000000000020b80                usleep
 .text          0x0000000000020bb0       0xd0 ../tetris_display_driver_bsp/\libhal_bsp.a(alt_sys_init.o)
                0x0000000000020be4                alt_irq_init
                0x0000000000020c1c                alt_sys_init
 .text          0x0000000000020c80      0x164 ../tetris_display_driver_bsp/\libhal_bsp.a(altera_avalon_jtag_uart_fd.o)
                0x0000000000020c80                altera_avalon_jtag_uart_read_fd
                0x0000000000020ce0                altera_avalon_jtag_uart_write_fd
                0x0000000000020d40                altera_avalon_jtag_uart_close_fd
                0x0000000000020d90                altera_avalon_jtag_uart_ioctl_fd
 .text          0x0000000000020de4      0x3d4 ../tetris_display_driver_bsp/\libhal_bsp.a(altera_avalon_jtag_uart_init.o)
                0x0000000000020de4                altera_avalon_jtag_uart_init
                0x0000000000021150                altera_avalon_jtag_uart_close
 .text          0x00000000000211b8       0xf0 ../tetris_display_driver_bsp/\libhal_bsp.a(altera_avalon_jtag_uart_ioctl.o)
                0x00000000000211b8                altera_avalon_jtag_uart_ioctl
 .text          0x00000000000212a8      0x21c ../tetris_display_driver_bsp/\libhal_bsp.a(altera_avalon_jtag_uart_read.o)
                0x00000000000212a8                altera_avalon_jtag_uart_read
 .text          0x00000000000214c4      0x224 ../tetris_display_driver_bsp/\libhal_bsp.a(altera_avalon_jtag_uart_write.o)
                0x00000000000214c4                altera_avalon_jtag_uart_write
 .text          0x00000000000216e8      0x1fc ../tetris_display_driver_bsp/\libhal_bsp.a(altera_avalon_spi.o)
                0x00000000000216e8                alt_avalon_spi_command
 .text          0x00000000000218e4       0xf4 ../tetris_display_driver_bsp/\libhal_bsp.a(altera_avalon_timer_sc.o)
                0x000000000002195c                alt_avalon_timer_sc_init
 .text          0x00000000000219d8      0x12c ../tetris_display_driver_bsp/\libhal_bsp.a(alt_alarm_start.o)
                0x00000000000219d8                alt_alarm_start
 .text          0x0000000000021b04      0x158 ../tetris_display_driver_bsp/\libhal_bsp.a(alt_busy_sleep.o)
                0x0000000000021b04                alt_busy_sleep
 .text          0x0000000000021c5c      0x114 ../tetris_display_driver_bsp/\libhal_bsp.a(alt_close.o)
                0x0000000000021c98                close
 .text          0x0000000000021d70       0x20 ../tetris_display_driver_bsp/\libhal_bsp.a(alt_dcache_flush_all.o)
                0x0000000000021d70                alt_dcache_flush_all
 .text          0x0000000000021d90       0x2c ../tetris_display_driver_bsp/\libhal_bsp.a(alt_dev.o)
 .text          0x0000000000021dbc       0xe0 ../tetris_display_driver_bsp/\libhal_bsp.a(alt_dev_llist_insert.o)
                0x0000000000021df8                alt_dev_llist_insert
 .text          0x0000000000021e9c       0x60 ../tetris_display_driver_bsp/\libhal_bsp.a(alt_do_ctors.o)
                0x0000000000021e9c                _do_ctors
 .text          0x0000000000021efc       0x60 ../tetris_display_driver_bsp/\libhal_bsp.a(alt_do_dtors.o)
                0x0000000000021efc                _do_dtors
 .text          0x0000000000021f5c        0x0 ../tetris_display_driver_bsp/\libhal_bsp.a(alt_errno.o)
 .text          0x0000000000021f5c       0x20 ../tetris_display_driver_bsp/\libhal_bsp.a(alt_icache_flush_all.o)
                0x0000000000021f5c                alt_icache_flush_all
 .text          0x0000000000021f7c      0x1b0 ../tetris_display_driver_bsp/\libhal_bsp.a(alt_iic.o)
                0x0000000000021f7c                alt_ic_isr_register
                0x0000000000021fcc                alt_ic_irq_enable
                0x0000000000022054                alt_ic_irq_disable
                0x00000000000220e0                alt_ic_irq_enabled
 .text          0x000000000002212c       0xf0 ../tetris_display_driver_bsp/\libhal_bsp.a(alt_iic_isr_register.o)
                0x000000000002212c                alt_iic_isr_register
 .text          0x000000000002221c      0x160 ../tetris_display_driver_bsp/\libhal_bsp.a(alt_io_redirect.o)
                0x0000000000022300                alt_io_redirect
 .text          0x000000000002237c        0x0 ../tetris_display_driver_bsp/\libhal_bsp.a(alt_irq_entry.o)
 .text          0x000000000002237c        0x0 ../tetris_display_driver_bsp/\libhal_bsp.a(alt_irq_handler.o)
 .text          0x000000000002237c        0x0 ../tetris_display_driver_bsp/\libhal_bsp.a(alt_irq_vars.o)
 .text          0x000000000002237c      0x284 ../tetris_display_driver_bsp/\libhal_bsp.a(alt_open.o)
                0x00000000000224a4                open
 .text          0x0000000000022600       0x84 ../tetris_display_driver_bsp/\libhal_bsp.a(alt_release_fd.o)
                0x0000000000022600                alt_release_fd
 .text          0x0000000000022684      0x1a4 ../tetris_display_driver_bsp/\libhal_bsp.a(alt_tick.o)
                0x0000000000022684                alt_alarm_stop
                0x0000000000022720                alt_tick
 .text          0x0000000000022828       0x24 ../tetris_display_driver_bsp/\libhal_bsp.a(altera_nios2_gen2_irq.o)
                0x0000000000022828                altera_nios2_gen2_irq_init
 .text          0x000000000002284c        0x0 ../tetris_display_driver_bsp/\libhal_bsp.a(alt_exception_entry.o)
 .text          0x000000000002284c       0x90 ../tetris_display_driver_bsp/\libhal_bsp.a(alt_find_dev.o)
                0x000000000002284c                alt_find_dev
 .text          0x00000000000228dc      0x108 ../tetris_display_driver_bsp/\libhal_bsp.a(alt_find_file.o)
                0x00000000000228dc                alt_find_file
 .text          0x00000000000229e4       0xc4 ../tetris_display_driver_bsp/\libhal_bsp.a(alt_get_fd.o)
                0x00000000000229e4                alt_get_fd
 .text          0x0000000000022aa8       0x9c ../tetris_display_driver_bsp/\libhal_bsp.a(alt_instruction_exception_entry.o)
                0x0000000000022aa8                alt_exception_cause_generated_bad_addr
 .text          0x0000000000022b44        0x0 c:/intelfpga_lite/18.1/nios2eds/bin/gnu/h-x86_64-mingw32/bin/../lib/gcc/nios2-elf/5.3.0/../../../../../H-x86_64-mingw32/nios2-elf/lib/mno-hw-mul\libc.a(lib_a-atexit.o)
 .text.atexit   0x0000000000022b44       0x14 c:/intelfpga_lite/18.1/nios2eds/bin/gnu/h-x86_64-mingw32/bin/../lib/gcc/nios2-elf/5.3.0/../../../../../H-x86_64-mingw32/nios2-elf/lib/mno-hw-mul\libc.a(lib_a-atexit.o)
                0x0000000000022b44                atexit
 .text          0x0000000000022b58        0x0 c:/intelfpga_lite/18.1/nios2eds/bin/gnu/h-x86_64-mingw32/bin/../lib/gcc/nios2-elf/5.3.0/../../../../../H-x86_64-mingw32/nios2-elf/lib/mno-hw-mul\libc.a(lib_a-exit.o)
 .text.exit     0x0000000000022b58       0x38 c:/intelfpga_lite/18.1/nios2eds/bin/gnu/h-x86_64-mingw32/bin/../lib/gcc/nios2-elf/5.3.0/../../../../../H-x86_64-mingw32/nios2-elf/lib/mno-hw-mul\libc.a(lib_a-exit.o)
                0x0000000000022b58                exit
 .text          0x0000000000022b90        0x0 c:/intelfpga_lite/18.1/nios2eds/bin/gnu/h-x86_64-mingw32/bin/../lib/gcc/nios2-elf/5.3.0/../../../../../H-x86_64-mingw32/nios2-elf/lib/mno-hw-mul\libc.a(lib_a-impure.o)
 .text          0x0000000000022b90        0x0 c:/intelfpga_lite/18.1/nios2eds/bin/gnu/h-x86_64-mingw32/bin/../lib/gcc/nios2-elf/5.3.0/../../../../../H-x86_64-mingw32/nios2-elf/lib/mno-hw-mul\libc.a(lib_a-int_errno.o)
 .text          0x0000000000022b90        0x0 c:/intelfpga_lite/18.1/nios2eds/bin/gnu/h-x86_64-mingw32/bin/../lib/gcc/nios2-elf/5.3.0/../../../../../H-x86_64-mingw32/nios2-elf/lib/mno-hw-mul\libc.a(lib_a-memcmp.o)
 .text.memcmp   0x0000000000022b90       0x7c c:/intelfpga_lite/18.1/nios2eds/bin/gnu/h-x86_64-mingw32/bin/../lib/gcc/nios2-elf/5.3.0/../../../../../H-x86_64-mingw32/nios2-elf/lib/mno-hw-mul\libc.a(lib_a-memcmp.o)
                0x0000000000022b90                memcmp
 .text          0x0000000000022c0c        0x0 c:/intelfpga_lite/18.1/nios2eds/bin/gnu/h-x86_64-mingw32/bin/../lib/gcc/nios2-elf/5.3.0/../../../../../H-x86_64-mingw32/nios2-elf/lib/mno-hw-mul\libc.a(lib_a-memcpy.o)
 .text.memcpy   0x0000000000022c0c      0x148 c:/intelfpga_lite/18.1/nios2eds/bin/gnu/h-x86_64-mingw32/bin/../lib/gcc/nios2-elf/5.3.0/../../../../../H-x86_64-mingw32/nios2-elf/lib/mno-hw-mul\libc.a(lib_a-memcpy.o)
                0x0000000000022c0c                memcpy
 .text          0x0000000000022d54        0x0 c:/intelfpga_lite/18.1/nios2eds/bin/gnu/h-x86_64-mingw32/bin/../lib/gcc/nios2-elf/5.3.0/../../../../../H-x86_64-mingw32/nios2-elf/lib/mno-hw-mul\libc.a(lib_a-strlen.o)
 .text.strlen   0x0000000000022d54       0x98 c:/intelfpga_lite/18.1/nios2eds/bin/gnu/h-x86_64-mingw32/bin/../lib/gcc/nios2-elf/5.3.0/../../../../../H-x86_64-mingw32/nios2-elf/lib/mno-hw-mul\libc.a(lib_a-strlen.o)
                0x0000000000022d54                strlen
 .text          0x0000000000022dec        0x0 c:/intelfpga_lite/18.1/nios2eds/bin/gnu/h-x86_64-mingw32/bin/../lib/gcc/nios2-elf/5.3.0/../../../../../H-x86_64-mingw32/nios2-elf/lib/mno-hw-mul\libc.a(lib_a-__atexit.o)
 .text.__register_exitproc
                0x0000000000022dec      0x118 c:/intelfpga_lite/18.1/nios2eds/bin/gnu/h-x86_64-mingw32/bin/../lib/gcc/nios2-elf/5.3.0/../../../../../H-x86_64-mingw32/nios2-elf/lib/mno-hw-mul\libc.a(lib_a-__atexit.o)
                0x0000000000022dec                __register_exitproc
 .text          0x0000000000022f04        0x0 c:/intelfpga_lite/18.1/nios2eds/bin/gnu/h-x86_64-mingw32/bin/../lib/gcc/nios2-elf/5.3.0/../../../../../H-x86_64-mingw32/nios2-elf/lib/mno-hw-mul\libc.a(lib_a-__call_atexit.o)
 .text.__call_exitprocs
                0x0000000000022f04      0x180 c:/intelfpga_lite/18.1/nios2eds/bin/gnu/h-x86_64-mingw32/bin/../lib/gcc/nios2-elf/5.3.0/../../../../../H-x86_64-mingw32/nios2-elf/lib/mno-hw-mul\libc.a(lib_a-__call_atexit.o)
                0x0000000000022f04                __call_exitprocs
 .text          0x0000000000023084      0x1b4 c:/intelfpga_lite/18.1/nios2eds/bin/gnu/h-x86_64-mingw32/bin/../lib/gcc/nios2-elf/5.3.0/mno-hw-mul\libgcc.a(lib2-divmod.o)
                0x0000000000023084                __divsi3
                0x0000000000023108                __modsi3
                0x000000000002317c                __udivsi3
                0x00000000000231e0                __umodsi3
 .text          0x0000000000023238       0x28 c:/intelfpga_lite/18.1/nios2eds/bin/gnu/h-x86_64-mingw32/bin/../lib/gcc/nios2-elf/5.3.0/mno-hw-mul\libgcc.a(lib2-mul.o)
                0x0000000000023238                __mulsi3
 .text          0x0000000000023260       0x34 ../tetris_display_driver_bsp/\libhal_bsp.a(alt_exit.o)
                0x0000000000023260                _exit
 *(.gnu.warning.*)
 *(.fini)
                [!provide]                        PROVIDE (__etext, ABSOLUTE (.))
                [!provide]                        PROVIDE (_etext, ABSOLUTE (.))
                [!provide]                        PROVIDE (etext, ABSOLUTE (.))
 *(.eh_frame_hdr)
                0x0000000000023294                . = ALIGN (0x4)
                [!provide]                        PROVIDE (__preinit_array_start, ABSOLUTE (.))
 *(.preinit_array)
                [!provide]                        PROVIDE (__preinit_array_end, ABSOLUTE (.))
                [!provide]                        PROVIDE (__init_array_start, ABSOLUTE (.))
 *(.init_array)
                [!provide]                        PROVIDE (__init_array_end, ABSOLUTE (.))
                [!provide]                        PROVIDE (__fini_array_start, ABSOLUTE (.))
 *(.fini_array)
                [!provide]                        PROVIDE (__fini_array_end, ABSOLUTE (.))
 *(.eh_frame)
 *(.gcc_except_table .gcc_except_table.*)
 *(.dynamic)
                0x0000000000023294                PROVIDE (__CTOR_LIST__, ABSOLUTE (.))
 *(.ctors)
 *(SORT(.ctors.*))
                0x0000000000023294                PROVIDE (__CTOR_END__, ABSOLUTE (.))
                0x0000000000023294                PROVIDE (__DTOR_LIST__, ABSOLUTE (.))
 *(.dtors)
 *(SORT(.dtors.*))
                0x0000000000023294                PROVIDE (__DTOR_END__, ABSOLUTE (.))
 *(.jcr)
                0x0000000000023294                . = ALIGN (0x4)

.rodata         0x0000000000023294       0x30
                0x0000000000023294                PROVIDE (__ram_rodata_start, ABSOLUTE (.))
                0x0000000000023294                . = ALIGN (0x4)
 *(.rodata .rodata.* .gnu.linkonce.r.*)
 .rodata        0x0000000000023294        0xf ../tetris_display_driver_bsp/\libhal_bsp.a(alt_main.o)
 *fill*         0x00000000000232a3        0x1 
 .rodata        0x00000000000232a4        0xf ../tetris_display_driver_bsp/\libhal_bsp.a(alt_sys_init.o)
 *fill*         0x00000000000232b3        0x1 
 .rodata        0x00000000000232b4        0xa ../tetris_display_driver_bsp/\libhal_bsp.a(alt_dev.o)
 *fill*         0x00000000000232be        0x2 
 .rodata.str1.4
                0x00000000000232c0        0x4 c:/intelfpga_lite/18.1/nios2eds/bin/gnu/h-x86_64-mingw32/bin/../lib/gcc/nios2-elf/5.3.0/../../../../../H-x86_64-mingw32/nios2-elf/lib/mno-hw-mul\libc.a(lib_a-impure.o)
                                          0x2 (size before relaxing)
 *(.rodata1)
                0x00000000000232c4                . = ALIGN (0x4)
                0x00000000000232c4                PROVIDE (__ram_rodata_end, ABSOLUTE (.))
                0x0000000000023294                PROVIDE (__flash_rodata_start, LOADADDR (.rodata))

.rwdata         0x00000000000232c4     0x9658 load address 0x000000000002c91c
                0x00000000000232c4                PROVIDE (__ram_rwdata_start, ABSOLUTE (.))
                0x00000000000232c4                . = ALIGN (0x4)
 *(.got.plt)
 *(.got)
 *(.data1)
 *(.data .data.* .gnu.linkonce.d.*)
 .data          0x00000000000232c4        0x0 ../tetris_display_driver_bsp//obj/HAL/src/crt0.o
 .data          0x00000000000232c4     0x8000 obj/default/image.o
                0x00000000000232c4                image_splash
 .data          0x000000000002b2c4        0x0 obj/default/tetris.o
 .data          0x000000000002b2c4        0x0 ../tetris_display_driver_bsp/\libhal_bsp.a(alt_load.o)
 .data          0x000000000002b2c4        0x0 ../tetris_display_driver_bsp/\libhal_bsp.a(alt_main.o)
 .data          0x000000000002b2c4        0x0 ../tetris_display_driver_bsp/\libhal_bsp.a(alt_usleep.o)
 .data          0x000000000002b2c4     0x1060 ../tetris_display_driver_bsp/\libhal_bsp.a(alt_sys_init.o)
 .data          0x000000000002c324        0x0 ../tetris_display_driver_bsp/\libhal_bsp.a(altera_avalon_jtag_uart_fd.o)
 .data          0x000000000002c324        0x0 ../tetris_display_driver_bsp/\libhal_bsp.a(altera_avalon_jtag_uart_init.o)
 .data          0x000000000002c324        0x0 ../tetris_display_driver_bsp/\libhal_bsp.a(altera_avalon_jtag_uart_ioctl.o)
 .data          0x000000000002c324        0x0 ../tetris_display_driver_bsp/\libhal_bsp.a(altera_avalon_jtag_uart_read.o)
 .data          0x000000000002c324        0x0 ../tetris_display_driver_bsp/\libhal_bsp.a(altera_avalon_jtag_uart_write.o)
 .data          0x000000000002c324        0x0 ../tetris_display_driver_bsp/\libhal_bsp.a(altera_avalon_spi.o)
 .data          0x000000000002c324        0x0 ../tetris_display_driver_bsp/\libhal_bsp.a(altera_avalon_timer_sc.o)
 .data          0x000000000002c324        0x0 ../tetris_display_driver_bsp/\libhal_bsp.a(alt_alarm_start.o)
 .data          0x000000000002c324        0x0 ../tetris_display_driver_bsp/\libhal_bsp.a(alt_busy_sleep.o)
 .data          0x000000000002c324        0x0 ../tetris_display_driver_bsp/\libhal_bsp.a(alt_close.o)
 .data          0x000000000002c324        0x0 ../tetris_display_driver_bsp/\libhal_bsp.a(alt_dcache_flush_all.o)
 .data          0x000000000002c324      0x1a8 ../tetris_display_driver_bsp/\libhal_bsp.a(alt_dev.o)
                0x000000000002c324                alt_dev_null
                0x000000000002c34c                alt_fd_list
 .data          0x000000000002c4cc        0x0 ../tetris_display_driver_bsp/\libhal_bsp.a(alt_dev_llist_insert.o)
 .data          0x000000000002c4cc        0x0 ../tetris_display_driver_bsp/\libhal_bsp.a(alt_do_ctors.o)
 .data          0x000000000002c4cc        0x0 ../tetris_display_driver_bsp/\libhal_bsp.a(alt_do_dtors.o)
 .data          0x000000000002c4cc        0x0 ../tetris_display_driver_bsp/\libhal_bsp.a(alt_errno.o)
 .data          0x000000000002c4cc        0x0 ../tetris_display_driver_bsp/\libhal_bsp.a(alt_icache_flush_all.o)
 .data          0x000000000002c4cc        0x0 ../tetris_display_driver_bsp/\libhal_bsp.a(alt_iic.o)
 .data          0x000000000002c4cc        0x0 ../tetris_display_driver_bsp/\libhal_bsp.a(alt_iic_isr_register.o)
 .data          0x000000000002c4cc        0x0 ../tetris_display_driver_bsp/\libhal_bsp.a(alt_io_redirect.o)
 .data          0x000000000002c4cc        0x0 ../tetris_display_driver_bsp/\libhal_bsp.a(alt_irq_entry.o)
 .data          0x000000000002c4cc        0x0 ../tetris_display_driver_bsp/\libhal_bsp.a(alt_irq_handler.o)
 .data          0x000000000002c4cc        0x0 ../tetris_display_driver_bsp/\libhal_bsp.a(alt_irq_vars.o)
 .data          0x000000000002c4cc        0x0 ../tetris_display_driver_bsp/\libhal_bsp.a(alt_open.o)
 .data          0x000000000002c4cc        0x0 ../tetris_display_driver_bsp/\libhal_bsp.a(alt_release_fd.o)
 .data          0x000000000002c4cc        0x0 ../tetris_display_driver_bsp/\libhal_bsp.a(alt_tick.o)
 .data          0x000000000002c4cc        0x0 ../tetris_display_driver_bsp/\libhal_bsp.a(altera_nios2_gen2_irq.o)
 .data          0x000000000002c4cc        0x0 ../tetris_display_driver_bsp/\libhal_bsp.a(alt_exception_entry.o)
 .data          0x000000000002c4cc        0x0 ../tetris_display_driver_bsp/\libhal_bsp.a(alt_find_dev.o)
 .data          0x000000000002c4cc        0x0 ../tetris_display_driver_bsp/\libhal_bsp.a(alt_find_file.o)
 .data          0x000000000002c4cc        0x0 ../tetris_display_driver_bsp/\libhal_bsp.a(alt_get_fd.o)
 .data          0x000000000002c4cc        0x0 ../tetris_display_driver_bsp/\libhal_bsp.a(alt_instruction_exception_entry.o)
 .data          0x000000000002c4cc        0x0 c:/intelfpga_lite/18.1/nios2eds/bin/gnu/h-x86_64-mingw32/bin/../lib/gcc/nios2-elf/5.3.0/../../../../../H-x86_64-mingw32/nios2-elf/lib/mno-hw-mul\libc.a(lib_a-atexit.o)
 .data          0x000000000002c4cc        0x0 c:/intelfpga_lite/18.1/nios2eds/bin/gnu/h-x86_64-mingw32/bin/../lib/gcc/nios2-elf/5.3.0/../../../../../H-x86_64-mingw32/nios2-elf/lib/mno-hw-mul\libc.a(lib_a-exit.o)
 .data          0x000000000002c4cc        0x0 c:/intelfpga_lite/18.1/nios2eds/bin/gnu/h-x86_64-mingw32/bin/../lib/gcc/nios2-elf/5.3.0/../../../../../H-x86_64-mingw32/nios2-elf/lib/mno-hw-mul\libc.a(lib_a-impure.o)
 .data.impure_data
                0x000000000002c4cc      0x424 c:/intelfpga_lite/18.1/nios2eds/bin/gnu/h-x86_64-mingw32/bin/../lib/gcc/nios2-elf/5.3.0/../../../../../H-x86_64-mingw32/nios2-elf/lib/mno-hw-mul\libc.a(lib_a-impure.o)
 .data          0x000000000002c8f0        0x0 c:/intelfpga_lite/18.1/nios2eds/bin/gnu/h-x86_64-mingw32/bin/../lib/gcc/nios2-elf/5.3.0/../../../../../H-x86_64-mingw32/nios2-elf/lib/mno-hw-mul\libc.a(lib_a-int_errno.o)
 .data          0x000000000002c8f0        0x0 c:/intelfpga_lite/18.1/nios2eds/bin/gnu/h-x86_64-mingw32/bin/../lib/gcc/nios2-elf/5.3.0/../../../../../H-x86_64-mingw32/nios2-elf/lib/mno-hw-mul\libc.a(lib_a-memcmp.o)
 .data          0x000000000002c8f0        0x0 c:/intelfpga_lite/18.1/nios2eds/bin/gnu/h-x86_64-mingw32/bin/../lib/gcc/nios2-elf/5.3.0/../../../../../H-x86_64-mingw32/nios2-elf/lib/mno-hw-mul\libc.a(lib_a-memcpy.o)
 .data          0x000000000002c8f0        0x0 c:/intelfpga_lite/18.1/nios2eds/bin/gnu/h-x86_64-mingw32/bin/../lib/gcc/nios2-elf/5.3.0/../../../../../H-x86_64-mingw32/nios2-elf/lib/mno-hw-mul\libc.a(lib_a-strlen.o)
 .data          0x000000000002c8f0        0x0 c:/intelfpga_lite/18.1/nios2eds/bin/gnu/h-x86_64-mingw32/bin/../lib/gcc/nios2-elf/5.3.0/../../../../../H-x86_64-mingw32/nios2-elf/lib/mno-hw-mul\libc.a(lib_a-__atexit.o)
 .data          0x000000000002c8f0        0x0 c:/intelfpga_lite/18.1/nios2eds/bin/gnu/h-x86_64-mingw32/bin/../lib/gcc/nios2-elf/5.3.0/../../../../../H-x86_64-mingw32/nios2-elf/lib/mno-hw-mul\libc.a(lib_a-__call_atexit.o)
 .data          0x000000000002c8f0        0x0 c:/intelfpga_lite/18.1/nios2eds/bin/gnu/h-x86_64-mingw32/bin/../lib/gcc/nios2-elf/5.3.0/mno-hw-mul\libgcc.a(lib2-divmod.o)
 .data          0x000000000002c8f0        0x0 c:/intelfpga_lite/18.1/nios2eds/bin/gnu/h-x86_64-mingw32/bin/../lib/gcc/nios2-elf/5.3.0/mno-hw-mul\libgcc.a(lib2-mul.o)
 .data          0x000000000002c8f0        0x0 ../tetris_display_driver_bsp/\libhal_bsp.a(alt_exit.o)
                0x00000000000348f0                _gp = ABSOLUTE ((. + 0x8000))
                [!provide]                        PROVIDE (gp, _gp)
 *(.rwdata .rwdata.*)
 *(.sdata .sdata.* .gnu.linkonce.s.*)
 .sdata         0x000000000002c8f0       0x14 ../tetris_display_driver_bsp/\libhal_bsp.a(alt_dev.o)
                0x000000000002c8f0                alt_fs_list
                0x000000000002c8f8                alt_dev_list
                0x000000000002c900                alt_max_fd
 .sdata         0x000000000002c904        0x4 ../tetris_display_driver_bsp/\libhal_bsp.a(alt_errno.o)
                0x000000000002c904                alt_errno
 .sdata         0x000000000002c908        0x4 ../tetris_display_driver_bsp/\libhal_bsp.a(alt_irq_vars.o)
                0x000000000002c908                alt_priority_mask
 .sdata         0x000000000002c90c        0x8 ../tetris_display_driver_bsp/\libhal_bsp.a(alt_tick.o)
                0x000000000002c90c                alt_alarm_list
 .sdata._global_impure_ptr
                0x000000000002c914        0x4 c:/intelfpga_lite/18.1/nios2eds/bin/gnu/h-x86_64-mingw32/bin/../lib/gcc/nios2-elf/5.3.0/../../../../../H-x86_64-mingw32/nios2-elf/lib/mno-hw-mul\libc.a(lib_a-impure.o)
                0x000000000002c914                _global_impure_ptr
 .sdata._impure_ptr
                0x000000000002c918        0x4 c:/intelfpga_lite/18.1/nios2eds/bin/gnu/h-x86_64-mingw32/bin/../lib/gcc/nios2-elf/5.3.0/../../../../../H-x86_64-mingw32/nios2-elf/lib/mno-hw-mul\libc.a(lib_a-impure.o)
                0x000000000002c918                _impure_ptr
 *(.sdata2 .sdata2.* .gnu.linkonce.s2.*)
                0x000000000002c91c                . = ALIGN (0x4)
                0x000000000002c91c                _edata = ABSOLUTE (.)
                [!provide]                        PROVIDE (edata, ABSOLUTE (.))
                0x000000000002c91c                PROVIDE (__ram_rwdata_end, ABSOLUTE (.))
                0x000000000002c91c                PROVIDE (__flash_rwdata_start, LOADADDR (.rwdata))

.bss            0x0000000000035f74      0x120
                0x0000000000035f74                __bss_start = ABSOLUTE (.)
                [!provide]                        PROVIDE (__sbss_start, ABSOLUTE (.))
                [!provide]                        PROVIDE (___sbss_start, ABSOLUTE (.))
 *(.dynsbss)
 *(.sbss .sbss.* .gnu.linkonce.sb.*)
 .sbss          0x0000000000035f74        0xc ../tetris_display_driver_bsp/\libhal_bsp.a(alt_main.o)
                0x0000000000035f74                alt_argc
                0x0000000000035f78                alt_argv
                0x0000000000035f7c                alt_envp
 .sbss          0x0000000000035f80        0x4 ../tetris_display_driver_bsp/\libhal_bsp.a(alt_irq_vars.o)
                0x0000000000035f80                alt_irq_active
 .sbss          0x0000000000035f84        0x8 ../tetris_display_driver_bsp/\libhal_bsp.a(alt_tick.o)
                0x0000000000035f84                _alt_tick_rate
                0x0000000000035f88                _alt_nticks
 .sbss          0x0000000000035f8c        0x4 ../tetris_display_driver_bsp/\libhal_bsp.a(alt_instruction_exception_entry.o)
                0x0000000000035f8c                alt_instruction_exception_handler
 .sbss          0x0000000000035f90        0x4 c:/intelfpga_lite/18.1/nios2eds/bin/gnu/h-x86_64-mingw32/bin/../lib/gcc/nios2-elf/5.3.0/../../../../../H-x86_64-mingw32/nios2-elf/lib/mno-hw-mul\libc.a(lib_a-int_errno.o)
                0x0000000000035f90                errno
 *(.sbss2 .sbss2.* .gnu.linkonce.sb2.*)
 *(.scommon)
                [!provide]                        PROVIDE (__sbss_end, ABSOLUTE (.))
                [!provide]                        PROVIDE (___sbss_end, ABSOLUTE (.))
 *(.dynbss)
 *(.bss .bss.* .gnu.linkonce.b.*)
 .bss           0x0000000000035f94        0x0 ../tetris_display_driver_bsp//obj/HAL/src/crt0.o
 .bss           0x0000000000035f94        0x0 obj/default/image.o
 .bss           0x0000000000035f94        0x0 obj/default/tetris.o
 .bss           0x0000000000035f94        0x0 ../tetris_display_driver_bsp/\libhal_bsp.a(alt_load.o)
 .bss           0x0000000000035f94        0x0 ../tetris_display_driver_bsp/\libhal_bsp.a(alt_main.o)
 .bss           0x0000000000035f94        0x0 ../tetris_display_driver_bsp/\libhal_bsp.a(alt_usleep.o)
 .bss           0x0000000000035f94        0x0 ../tetris_display_driver_bsp/\libhal_bsp.a(alt_sys_init.o)
 .bss           0x0000000000035f94        0x0 ../tetris_display_driver_bsp/\libhal_bsp.a(altera_avalon_jtag_uart_fd.o)
 .bss           0x0000000000035f94        0x0 ../tetris_display_driver_bsp/\libhal_bsp.a(altera_avalon_jtag_uart_init.o)
 .bss           0x0000000000035f94        0x0 ../tetris_display_driver_bsp/\libhal_bsp.a(altera_avalon_jtag_uart_ioctl.o)
 .bss           0x0000000000035f94        0x0 ../tetris_display_driver_bsp/\libhal_bsp.a(altera_avalon_jtag_uart_read.o)
 .bss           0x0000000000035f94        0x0 ../tetris_display_driver_bsp/\libhal_bsp.a(altera_avalon_jtag_uart_write.o)
 .bss           0x0000000000035f94        0x0 ../tetris_display_driver_bsp/\libhal_bsp.a(altera_avalon_spi.o)
 .bss           0x0000000000035f94        0x0 ../tetris_display_driver_bsp/\libhal_bsp.a(altera_avalon_timer_sc.o)
 .bss           0x0000000000035f94        0x0 ../tetris_display_driver_bsp/\libhal_bsp.a(alt_alarm_start.o)
 .bss           0x0000000000035f94        0x0 ../tetris_display_driver_bsp/\libhal_bsp.a(alt_busy_sleep.o)
 .bss           0x0000000000035f94        0x0 ../tetris_display_driver_bsp/\libhal_bsp.a(alt_close.o)
 .bss           0x0000000000035f94        0x0 ../tetris_display_driver_bsp/\libhal_bsp.a(alt_dcache_flush_all.o)
 .bss           0x0000000000035f94        0x0 ../tetris_display_driver_bsp/\libhal_bsp.a(alt_dev.o)
 .bss           0x0000000000035f94        0x0 ../tetris_display_driver_bsp/\libhal_bsp.a(alt_dev_llist_insert.o)
 .bss           0x0000000000035f94        0x0 ../tetris_display_driver_bsp/\libhal_bsp.a(alt_do_ctors.o)
 .bss           0x0000000000035f94        0x0 ../tetris_display_driver_bsp/\libhal_bsp.a(alt_do_dtors.o)
 .bss           0x0000000000035f94        0x0 ../tetris_display_driver_bsp/\libhal_bsp.a(alt_errno.o)
 .bss           0x0000000000035f94        0x0 ../tetris_display_driver_bsp/\libhal_bsp.a(alt_icache_flush_all.o)
 .bss           0x0000000000035f94        0x0 ../tetris_display_driver_bsp/\libhal_bsp.a(alt_iic.o)
 .bss           0x0000000000035f94        0x0 ../tetris_display_driver_bsp/\libhal_bsp.a(alt_iic_isr_register.o)
 .bss           0x0000000000035f94        0x0 ../tetris_display_driver_bsp/\libhal_bsp.a(alt_io_redirect.o)
 .bss           0x0000000000035f94        0x0 ../tetris_display_driver_bsp/\libhal_bsp.a(alt_irq_entry.o)
 .bss           0x0000000000035f94        0x0 ../tetris_display_driver_bsp/\libhal_bsp.a(alt_irq_handler.o)
 .bss           0x0000000000035f94        0x0 ../tetris_display_driver_bsp/\libhal_bsp.a(alt_irq_vars.o)
 .bss           0x0000000000035f94        0x0 ../tetris_display_driver_bsp/\libhal_bsp.a(alt_open.o)
 .bss           0x0000000000035f94        0x0 ../tetris_display_driver_bsp/\libhal_bsp.a(alt_release_fd.o)
 .bss           0x0000000000035f94        0x0 ../tetris_display_driver_bsp/\libhal_bsp.a(alt_tick.o)
 .bss           0x0000000000035f94        0x0 ../tetris_display_driver_bsp/\libhal_bsp.a(altera_nios2_gen2_irq.o)
 .bss           0x0000000000035f94        0x0 ../tetris_display_driver_bsp/\libhal_bsp.a(alt_exception_entry.o)
 .bss           0x0000000000035f94        0x0 ../tetris_display_driver_bsp/\libhal_bsp.a(alt_find_dev.o)
 .bss           0x0000000000035f94        0x0 ../tetris_display_driver_bsp/\libhal_bsp.a(alt_find_file.o)
 .bss           0x0000000000035f94        0x0 ../tetris_display_driver_bsp/\libhal_bsp.a(alt_get_fd.o)
 .bss           0x0000000000035f94        0x0 ../tetris_display_driver_bsp/\libhal_bsp.a(alt_instruction_exception_entry.o)
 .bss           0x0000000000035f94        0x0 c:/intelfpga_lite/18.1/nios2eds/bin/gnu/h-x86_64-mingw32/bin/../lib/gcc/nios2-elf/5.3.0/../../../../../H-x86_64-mingw32/nios2-elf/lib/mno-hw-mul\libc.a(lib_a-atexit.o)
 .bss           0x0000000000035f94        0x0 c:/intelfpga_lite/18.1/nios2eds/bin/gnu/h-x86_64-mingw32/bin/../lib/gcc/nios2-elf/5.3.0/../../../../../H-x86_64-mingw32/nios2-elf/lib/mno-hw-mul\libc.a(lib_a-exit.o)
 .bss           0x0000000000035f94        0x0 c:/intelfpga_lite/18.1/nios2eds/bin/gnu/h-x86_64-mingw32/bin/../lib/gcc/nios2-elf/5.3.0/../../../../../H-x86_64-mingw32/nios2-elf/lib/mno-hw-mul\libc.a(lib_a-impure.o)
 .bss           0x0000000000035f94        0x0 c:/intelfpga_lite/18.1/nios2eds/bin/gnu/h-x86_64-mingw32/bin/../lib/gcc/nios2-elf/5.3.0/../../../../../H-x86_64-mingw32/nios2-elf/lib/mno-hw-mul\libc.a(lib_a-int_errno.o)
 .bss           0x0000000000035f94        0x0 c:/intelfpga_lite/18.1/nios2eds/bin/gnu/h-x86_64-mingw32/bin/../lib/gcc/nios2-elf/5.3.0/../../../../../H-x86_64-mingw32/nios2-elf/lib/mno-hw-mul\libc.a(lib_a-memcmp.o)
 .bss           0x0000000000035f94        0x0 c:/intelfpga_lite/18.1/nios2eds/bin/gnu/h-x86_64-mingw32/bin/../lib/gcc/nios2-elf/5.3.0/../../../../../H-x86_64-mingw32/nios2-elf/lib/mno-hw-mul\libc.a(lib_a-memcpy.o)
 .bss           0x0000000000035f94        0x0 c:/intelfpga_lite/18.1/nios2eds/bin/gnu/h-x86_64-mingw32/bin/../lib/gcc/nios2-elf/5.3.0/../../../../../H-x86_64-mingw32/nios2-elf/lib/mno-hw-mul\libc.a(lib_a-strlen.o)
 .bss           0x0000000000035f94        0x0 c:/intelfpga_lite/18.1/nios2eds/bin/gnu/h-x86_64-mingw32/bin/../lib/gcc/nios2-elf/5.3.0/../../../../../H-x86_64-mingw32/nios2-elf/lib/mno-hw-mul\libc.a(lib_a-__atexit.o)
 .bss           0x0000000000035f94        0x0 c:/intelfpga_lite/18.1/nios2eds/bin/gnu/h-x86_64-mingw32/bin/../lib/gcc/nios2-elf/5.3.0/../../../../../H-x86_64-mingw32/nios2-elf/lib/mno-hw-mul\libc.a(lib_a-__call_atexit.o)
 .bss           0x0000000000035f94        0x0 c:/intelfpga_lite/18.1/nios2eds/bin/gnu/h-x86_64-mingw32/bin/../lib/gcc/nios2-elf/5.3.0/mno-hw-mul\libgcc.a(lib2-divmod.o)
 .bss           0x0000000000035f94        0x0 c:/intelfpga_lite/18.1/nios2eds/bin/gnu/h-x86_64-mingw32/bin/../lib/gcc/nios2-elf/5.3.0/mno-hw-mul\libgcc.a(lib2-mul.o)
 .bss           0x0000000000035f94        0x0 ../tetris_display_driver_bsp/\libhal_bsp.a(alt_exit.o)
 *(COMMON)
 COMMON         0x0000000000035f94      0x100 ../tetris_display_driver_bsp/\libhal_bsp.a(alt_irq_handler.o)
                0x0000000000035f94                alt_irq
                0x0000000000036094                . = ALIGN (0x4)
                0x0000000000036094                __bss_end = ABSOLUTE (.)

.memory         0x0000000000036094        0x0
                [!provide]                        PROVIDE (_alt_partition_memory_start, ABSOLUTE (.))
 *(.memory .memory. memory.*)
                0x0000000000036094                . = ALIGN (0x4)
                [!provide]                        PROVIDE (_alt_partition_memory_end, ABSOLUTE (.))
                0x0000000000036094                _end = ABSOLUTE (.)
                0x0000000000036094                end = ABSOLUTE (.)
                0x0000000000036094                __alt_stack_base = ABSOLUTE (.)
                [!provide]                        PROVIDE (_alt_partition_memory_load_addr, LOADADDR (.memory))

.stab
 *(.stab)

.stabstr
 *(.stabstr)

.stab.excl
 *(.stab.excl)

.stab.exclstr
 *(.stab.exclstr)

.stab.index
 *(.stab.index)

.stab.indexstr
 *(.stab.indexstr)

.comment        0x0000000000000000       0x23
 *(.comment)
 .comment       0x0000000000000000       0x23 obj/default/image.o
                                         0x24 (size before relaxing)
 .comment       0x0000000000000023       0x24 obj/default/tetris.o
 .comment       0x0000000000000023       0x24 ../tetris_display_driver_bsp/\libhal_bsp.a(alt_load.o)
 .comment       0x0000000000000023       0x24 ../tetris_display_driver_bsp/\libhal_bsp.a(alt_main.o)
 .comment       0x0000000000000023       0x24 ../tetris_display_driver_bsp/\libhal_bsp.a(alt_usleep.o)
 .comment       0x0000000000000023       0x24 ../tetris_display_driver_bsp/\libhal_bsp.a(alt_sys_init.o)
 .comment       0x0000000000000023       0x24 ../tetris_display_driver_bsp/\libhal_bsp.a(altera_avalon_jtag_uart_fd.o)
 .comment       0x0000000000000023       0x24 ../tetris_display_driver_bsp/\libhal_bsp.a(altera_avalon_jtag_uart_init.o)
 .comment       0x0000000000000023       0x24 ../tetris_display_driver_bsp/\libhal_bsp.a(altera_avalon_jtag_uart_ioctl.o)
 .comment       0x0000000000000023       0x24 ../tetris_display_driver_bsp/\libhal_bsp.a(altera_avalon_jtag_uart_read.o)
 .comment       0x0000000000000023       0x24 ../tetris_display_driver_bsp/\libhal_bsp.a(altera_avalon_jtag_uart_write.o)
 .comment       0x0000000000000023       0x24 ../tetris_display_driver_bsp/\libhal_bsp.a(altera_avalon_spi.o)
 .comment       0x0000000000000023       0x24 ../tetris_display_driver_bsp/\libhal_bsp.a(altera_avalon_timer_sc.o)
 .comment       0x0000000000000023       0x24 ../tetris_display_driver_bsp/\libhal_bsp.a(alt_alarm_start.o)
 .comment       0x0000000000000023       0x24 ../tetris_display_driver_bsp/\libhal_bsp.a(alt_busy_sleep.o)
 .comment       0x0000000000000023       0x24 ../tetris_display_driver_bsp/\libhal_bsp.a(alt_close.o)
 .comment       0x0000000000000023       0x24 ../tetris_display_driver_bsp/\libhal_bsp.a(alt_dcache_flush_all.o)
 .comment       0x0000000000000023       0x24 ../tetris_display_driver_bsp/\libhal_bsp.a(alt_dev.o)
 .comment       0x0000000000000023       0x24 ../tetris_display_driver_bsp/\libhal_bsp.a(alt_dev_llist_insert.o)
 .comment       0x0000000000000023       0x24 ../tetris_display_driver_bsp/\libhal_bsp.a(alt_do_ctors.o)
 .comment       0x0000000000000023       0x24 ../tetris_display_driver_bsp/\libhal_bsp.a(alt_do_dtors.o)
 .comment       0x0000000000000023       0x24 ../tetris_display_driver_bsp/\libhal_bsp.a(alt_errno.o)
 .comment       0x0000000000000023       0x24 ../tetris_display_driver_bsp/\libhal_bsp.a(alt_icache_flush_all.o)
 .comment       0x0000000000000023       0x24 ../tetris_display_driver_bsp/\libhal_bsp.a(alt_iic.o)
 .comment       0x0000000000000023       0x24 ../tetris_display_driver_bsp/\libhal_bsp.a(alt_iic_isr_register.o)
 .comment       0x0000000000000023       0x24 ../tetris_display_driver_bsp/\libhal_bsp.a(alt_io_redirect.o)
 .comment       0x0000000000000023       0x24 ../tetris_display_driver_bsp/\libhal_bsp.a(alt_irq_handler.o)
 .comment       0x0000000000000023       0x24 ../tetris_display_driver_bsp/\libhal_bsp.a(alt_irq_vars.o)
 .comment       0x0000000000000023       0x24 ../tetris_display_driver_bsp/\libhal_bsp.a(alt_open.o)
 .comment       0x0000000000000023       0x24 ../tetris_display_driver_bsp/\libhal_bsp.a(alt_release_fd.o)
 .comment       0x0000000000000023       0x24 ../tetris_display_driver_bsp/\libhal_bsp.a(alt_tick.o)
 .comment       0x0000000000000023       0x24 ../tetris_display_driver_bsp/\libhal_bsp.a(altera_nios2_gen2_irq.o)
 .comment       0x0000000000000023       0x24 ../tetris_display_driver_bsp/\libhal_bsp.a(alt_find_dev.o)
 .comment       0x0000000000000023       0x24 ../tetris_display_driver_bsp/\libhal_bsp.a(alt_find_file.o)
 .comment       0x0000000000000023       0x24 ../tetris_display_driver_bsp/\libhal_bsp.a(alt_get_fd.o)
 .comment       0x0000000000000023       0x24 ../tetris_display_driver_bsp/\libhal_bsp.a(alt_instruction_exception_entry.o)
 .comment       0x0000000000000023       0x24 c:/intelfpga_lite/18.1/nios2eds/bin/gnu/h-x86_64-mingw32/bin/../lib/gcc/nios2-elf/5.3.0/../../../../../H-x86_64-mingw32/nios2-elf/lib/mno-hw-mul\libc.a(lib_a-atexit.o)
 .comment       0x0000000000000023       0x24 c:/intelfpga_lite/18.1/nios2eds/bin/gnu/h-x86_64-mingw32/bin/../lib/gcc/nios2-elf/5.3.0/../../../../../H-x86_64-mingw32/nios2-elf/lib/mno-hw-mul\libc.a(lib_a-exit.o)
 .comment       0x0000000000000023       0x24 c:/intelfpga_lite/18.1/nios2eds/bin/gnu/h-x86_64-mingw32/bin/../lib/gcc/nios2-elf/5.3.0/../../../../../H-x86_64-mingw32/nios2-elf/lib/mno-hw-mul\libc.a(lib_a-impure.o)
 .comment       0x0000000000000023       0x24 c:/intelfpga_lite/18.1/nios2eds/bin/gnu/h-x86_64-mingw32/bin/../lib/gcc/nios2-elf/5.3.0/../../../../../H-x86_64-mingw32/nios2-elf/lib/mno-hw-mul\libc.a(lib_a-int_errno.o)
 .comment       0x0000000000000023       0x24 c:/intelfpga_lite/18.1/nios2eds/bin/gnu/h-x86_64-mingw32/bin/../lib/gcc/nios2-elf/5.3.0/../../../../../H-x86_64-mingw32/nios2-elf/lib/mno-hw-mul\libc.a(lib_a-memcmp.o)
 .comment       0x0000000000000023       0x24 c:/intelfpga_lite/18.1/nios2eds/bin/gnu/h-x86_64-mingw32/bin/../lib/gcc/nios2-elf/5.3.0/../../../../../H-x86_64-mingw32/nios2-elf/lib/mno-hw-mul\libc.a(lib_a-memcpy.o)
 .comment       0x0000000000000023       0x24 c:/intelfpga_lite/18.1/nios2eds/bin/gnu/h-x86_64-mingw32/bin/../lib/gcc/nios2-elf/5.3.0/../../../../../H-x86_64-mingw32/nios2-elf/lib/mno-hw-mul\libc.a(lib_a-strlen.o)
 .comment       0x0000000000000023       0x24 c:/intelfpga_lite/18.1/nios2eds/bin/gnu/h-x86_64-mingw32/bin/../lib/gcc/nios2-elf/5.3.0/../../../../../H-x86_64-mingw32/nios2-elf/lib/mno-hw-mul\libc.a(lib_a-__atexit.o)
 .comment       0x0000000000000023       0x24 c:/intelfpga_lite/18.1/nios2eds/bin/gnu/h-x86_64-mingw32/bin/../lib/gcc/nios2-elf/5.3.0/../../../../../H-x86_64-mingw32/nios2-elf/lib/mno-hw-mul\libc.a(lib_a-__call_atexit.o)
 .comment       0x0000000000000023       0x24 c:/intelfpga_lite/18.1/nios2eds/bin/gnu/h-x86_64-mingw32/bin/../lib/gcc/nios2-elf/5.3.0/mno-hw-mul\libgcc.a(lib2-divmod.o)
 .comment       0x0000000000000023       0x24 c:/intelfpga_lite/18.1/nios2eds/bin/gnu/h-x86_64-mingw32/bin/../lib/gcc/nios2-elf/5.3.0/mno-hw-mul\libgcc.a(lib2-mul.o)
 .comment       0x0000000000000023       0x24 ../tetris_display_driver_bsp/\libhal_bsp.a(alt_exit.o)

.debug
 *(.debug)

.line
 *(.line)

.debug_srcinfo
 *(.debug_srcinfo)

.debug_sfnames
 *(.debug_sfnames)

.debug_aranges  0x0000000000000000      0x670
 *(.debug_aranges)
 .debug_aranges
                0x0000000000000000       0x28 ../tetris_display_driver_bsp//obj/HAL/src/crt0.o
 .debug_aranges
                0x0000000000000028       0x18 obj/default/image.o
 .debug_aranges
                0x0000000000000040       0x20 obj/default/tetris.o
 .debug_aranges
                0x0000000000000060       0x20 ../tetris_display_driver_bsp/\libhal_bsp.a(alt_load.o)
 .debug_aranges
                0x0000000000000080       0x20 ../tetris_display_driver_bsp/\libhal_bsp.a(alt_main.o)
 .debug_aranges
                0x00000000000000a0       0x20 ../tetris_display_driver_bsp/\libhal_bsp.a(alt_usleep.o)
 .debug_aranges
                0x00000000000000c0       0x20 ../tetris_display_driver_bsp/\libhal_bsp.a(alt_sys_init.o)
 .debug_aranges
                0x00000000000000e0       0x20 ../tetris_display_driver_bsp/\libhal_bsp.a(altera_avalon_jtag_uart_fd.o)
 .debug_aranges
                0x0000000000000100       0x20 ../tetris_display_driver_bsp/\libhal_bsp.a(altera_avalon_jtag_uart_init.o)
 .debug_aranges
                0x0000000000000120       0x20 ../tetris_display_driver_bsp/\libhal_bsp.a(altera_avalon_jtag_uart_ioctl.o)
 .debug_aranges
                0x0000000000000140       0x20 ../tetris_display_driver_bsp/\libhal_bsp.a(altera_avalon_jtag_uart_read.o)
 .debug_aranges
                0x0000000000000160       0x20 ../tetris_display_driver_bsp/\libhal_bsp.a(altera_avalon_jtag_uart_write.o)
 .debug_aranges
                0x0000000000000180       0x20 ../tetris_display_driver_bsp/\libhal_bsp.a(altera_avalon_spi.o)
 .debug_aranges
                0x00000000000001a0       0x20 ../tetris_display_driver_bsp/\libhal_bsp.a(altera_avalon_timer_sc.o)
 .debug_aranges
                0x00000000000001c0       0x20 ../tetris_display_driver_bsp/\libhal_bsp.a(alt_alarm_start.o)
 .debug_aranges
                0x00000000000001e0       0x20 ../tetris_display_driver_bsp/\libhal_bsp.a(alt_busy_sleep.o)
 .debug_aranges
                0x0000000000000200       0x20 ../tetris_display_driver_bsp/\libhal_bsp.a(alt_close.o)
 .debug_aranges
                0x0000000000000220       0x20 ../tetris_display_driver_bsp/\libhal_bsp.a(alt_dcache_flush_all.o)
 .debug_aranges
                0x0000000000000240       0x20 ../tetris_display_driver_bsp/\libhal_bsp.a(alt_dev.o)
 .debug_aranges
                0x0000000000000260       0x20 ../tetris_display_driver_bsp/\libhal_bsp.a(alt_dev_llist_insert.o)
 .debug_aranges
                0x0000000000000280       0x20 ../tetris_display_driver_bsp/\libhal_bsp.a(alt_do_ctors.o)
 .debug_aranges
                0x00000000000002a0       0x20 ../tetris_display_driver_bsp/\libhal_bsp.a(alt_do_dtors.o)
 .debug_aranges
                0x00000000000002c0       0x18 ../tetris_display_driver_bsp/\libhal_bsp.a(alt_errno.o)
 .debug_aranges
                0x00000000000002d8       0x20 ../tetris_display_driver_bsp/\libhal_bsp.a(alt_icache_flush_all.o)
 .debug_aranges
                0x00000000000002f8       0x20 ../tetris_display_driver_bsp/\libhal_bsp.a(alt_iic.o)
 .debug_aranges
                0x0000000000000318       0x20 ../tetris_display_driver_bsp/\libhal_bsp.a(alt_iic_isr_register.o)
 .debug_aranges
                0x0000000000000338       0x20 ../tetris_display_driver_bsp/\libhal_bsp.a(alt_io_redirect.o)
 .debug_aranges
                0x0000000000000358       0x30 ../tetris_display_driver_bsp/\libhal_bsp.a(alt_irq_entry.o)
 .debug_aranges
                0x0000000000000388       0x20 ../tetris_display_driver_bsp/\libhal_bsp.a(alt_irq_handler.o)
 .debug_aranges
                0x00000000000003a8       0x18 ../tetris_display_driver_bsp/\libhal_bsp.a(alt_irq_vars.o)
 .debug_aranges
                0x00000000000003c0       0x20 ../tetris_display_driver_bsp/\libhal_bsp.a(alt_open.o)
 .debug_aranges
                0x00000000000003e0       0x20 ../tetris_display_driver_bsp/\libhal_bsp.a(alt_release_fd.o)
 .debug_aranges
                0x0000000000000400       0x20 ../tetris_display_driver_bsp/\libhal_bsp.a(alt_tick.o)
 .debug_aranges
                0x0000000000000420       0x20 ../tetris_display_driver_bsp/\libhal_bsp.a(altera_nios2_gen2_irq.o)
 .debug_aranges
                0x0000000000000440       0x38 ../tetris_display_driver_bsp/\libhal_bsp.a(alt_exception_entry.o)
 .debug_aranges
                0x0000000000000478       0x20 ../tetris_display_driver_bsp/\libhal_bsp.a(alt_find_dev.o)
 .debug_aranges
                0x0000000000000498       0x20 ../tetris_display_driver_bsp/\libhal_bsp.a(alt_find_file.o)
 .debug_aranges
                0x00000000000004b8       0x20 ../tetris_display_driver_bsp/\libhal_bsp.a(alt_get_fd.o)
 .debug_aranges
                0x00000000000004d8       0x28 ../tetris_display_driver_bsp/\libhal_bsp.a(alt_instruction_exception_entry.o)
 .debug_aranges
                0x0000000000000500       0x20 c:/intelfpga_lite/18.1/nios2eds/bin/gnu/h-x86_64-mingw32/bin/../lib/gcc/nios2-elf/5.3.0/../../../../../H-x86_64-mingw32/nios2-elf/lib/mno-hw-mul\libc.a(lib_a-atexit.o)
 .debug_aranges
                0x0000000000000520       0x20 c:/intelfpga_lite/18.1/nios2eds/bin/gnu/h-x86_64-mingw32/bin/../lib/gcc/nios2-elf/5.3.0/../../../../../H-x86_64-mingw32/nios2-elf/lib/mno-hw-mul\libc.a(lib_a-exit.o)
 .debug_aranges
                0x0000000000000540       0x18 c:/intelfpga_lite/18.1/nios2eds/bin/gnu/h-x86_64-mingw32/bin/../lib/gcc/nios2-elf/5.3.0/../../../../../H-x86_64-mingw32/nios2-elf/lib/mno-hw-mul\libc.a(lib_a-impure.o)
 .debug_aranges
                0x0000000000000558       0x18 c:/intelfpga_lite/18.1/nios2eds/bin/gnu/h-x86_64-mingw32/bin/../lib/gcc/nios2-elf/5.3.0/../../../../../H-x86_64-mingw32/nios2-elf/lib/mno-hw-mul\libc.a(lib_a-int_errno.o)
 .debug_aranges
                0x0000000000000570       0x20 c:/intelfpga_lite/18.1/nios2eds/bin/gnu/h-x86_64-mingw32/bin/../lib/gcc/nios2-elf/5.3.0/../../../../../H-x86_64-mingw32/nios2-elf/lib/mno-hw-mul\libc.a(lib_a-memcmp.o)
 .debug_aranges
                0x0000000000000590       0x20 c:/intelfpga_lite/18.1/nios2eds/bin/gnu/h-x86_64-mingw32/bin/../lib/gcc/nios2-elf/5.3.0/../../../../../H-x86_64-mingw32/nios2-elf/lib/mno-hw-mul\libc.a(lib_a-memcpy.o)
 .debug_aranges
                0x00000000000005b0       0x20 c:/intelfpga_lite/18.1/nios2eds/bin/gnu/h-x86_64-mingw32/bin/../lib/gcc/nios2-elf/5.3.0/../../../../../H-x86_64-mingw32/nios2-elf/lib/mno-hw-mul\libc.a(lib_a-strlen.o)
 .debug_aranges
                0x00000000000005d0       0x20 c:/intelfpga_lite/18.1/nios2eds/bin/gnu/h-x86_64-mingw32/bin/../lib/gcc/nios2-elf/5.3.0/../../../../../H-x86_64-mingw32/nios2-elf/lib/mno-hw-mul\libc.a(lib_a-__atexit.o)
 .debug_aranges
                0x00000000000005f0       0x20 c:/intelfpga_lite/18.1/nios2eds/bin/gnu/h-x86_64-mingw32/bin/../lib/gcc/nios2-elf/5.3.0/../../../../../H-x86_64-mingw32/nios2-elf/lib/mno-hw-mul\libc.a(lib_a-__call_atexit.o)
 .debug_aranges
                0x0000000000000610       0x20 c:/intelfpga_lite/18.1/nios2eds/bin/gnu/h-x86_64-mingw32/bin/../lib/gcc/nios2-elf/5.3.0/mno-hw-mul\libgcc.a(lib2-divmod.o)
 .debug_aranges
                0x0000000000000630       0x20 c:/intelfpga_lite/18.1/nios2eds/bin/gnu/h-x86_64-mingw32/bin/../lib/gcc/nios2-elf/5.3.0/mno-hw-mul\libgcc.a(lib2-mul.o)
 .debug_aranges
                0x0000000000000650       0x20 ../tetris_display_driver_bsp/\libhal_bsp.a(alt_exit.o)

.debug_pubnames
 *(.debug_pubnames)

.debug_info     0x0000000000000000     0x7f72
 *(.debug_info .gnu.linkonce.wi.*)
 .debug_info    0x0000000000000000       0x82 ../tetris_display_driver_bsp//obj/HAL/src/crt0.o
 .debug_info    0x0000000000000082       0x4e obj/default/image.o
 .debug_info    0x00000000000000d0      0x28d obj/default/tetris.o
 .debug_info    0x000000000000035d      0x145 ../tetris_display_driver_bsp/\libhal_bsp.a(alt_load.o)
 .debug_info    0x00000000000004a2      0x131 ../tetris_display_driver_bsp/\libhal_bsp.a(alt_main.o)
 .debug_info    0x00000000000005d3       0xb0 ../tetris_display_driver_bsp/\libhal_bsp.a(alt_usleep.o)
 .debug_info    0x0000000000000683      0x4d9 ../tetris_display_driver_bsp/\libhal_bsp.a(alt_sys_init.o)
 .debug_info    0x0000000000000b5c      0x52e ../tetris_display_driver_bsp/\libhal_bsp.a(altera_avalon_jtag_uart_fd.o)
 .debug_info    0x000000000000108a      0x3a0 ../tetris_display_driver_bsp/\libhal_bsp.a(altera_avalon_jtag_uart_init.o)
 .debug_info    0x000000000000142a      0x280 ../tetris_display_driver_bsp/\libhal_bsp.a(altera_avalon_jtag_uart_ioctl.o)
 .debug_info    0x00000000000016aa      0x345 ../tetris_display_driver_bsp/\libhal_bsp.a(altera_avalon_jtag_uart_read.o)
 .debug_info    0x00000000000019ef      0x340 ../tetris_display_driver_bsp/\libhal_bsp.a(altera_avalon_jtag_uart_write.o)
 .debug_info    0x0000000000001d2f      0x18d ../tetris_display_driver_bsp/\libhal_bsp.a(altera_avalon_spi.o)
 .debug_info    0x0000000000001ebc      0x226 ../tetris_display_driver_bsp/\libhal_bsp.a(altera_avalon_timer_sc.o)
 .debug_info    0x00000000000020e2      0x2cc ../tetris_display_driver_bsp/\libhal_bsp.a(alt_alarm_start.o)
 .debug_info    0x00000000000023ae       0xd7 ../tetris_display_driver_bsp/\libhal_bsp.a(alt_busy_sleep.o)
 .debug_info    0x0000000000002485      0x321 ../tetris_display_driver_bsp/\libhal_bsp.a(alt_close.o)
 .debug_info    0x00000000000027a6       0x92 ../tetris_display_driver_bsp/\libhal_bsp.a(alt_dcache_flush_all.o)
 .debug_info    0x0000000000002838      0x49c ../tetris_display_driver_bsp/\libhal_bsp.a(alt_dev.o)
 .debug_info    0x0000000000002cd4      0x1a9 ../tetris_display_driver_bsp/\libhal_bsp.a(alt_dev_llist_insert.o)
 .debug_info    0x0000000000002e7d       0x83 ../tetris_display_driver_bsp/\libhal_bsp.a(alt_do_ctors.o)
 .debug_info    0x0000000000002f00       0x83 ../tetris_display_driver_bsp/\libhal_bsp.a(alt_do_dtors.o)
 .debug_info    0x0000000000002f83       0xa6 ../tetris_display_driver_bsp/\libhal_bsp.a(alt_errno.o)
 .debug_info    0x0000000000003029       0x92 ../tetris_display_driver_bsp/\libhal_bsp.a(alt_icache_flush_all.o)
 .debug_info    0x00000000000030bb      0x350 ../tetris_display_driver_bsp/\libhal_bsp.a(alt_iic.o)
 .debug_info    0x000000000000340b      0x1ef ../tetris_display_driver_bsp/\libhal_bsp.a(alt_iic_isr_register.o)
 .debug_info    0x00000000000035fa      0x4a5 ../tetris_display_driver_bsp/\libhal_bsp.a(alt_io_redirect.o)
 .debug_info    0x0000000000003a9f       0x8b ../tetris_display_driver_bsp/\libhal_bsp.a(alt_irq_entry.o)
 .debug_info    0x0000000000003b2a      0x187 ../tetris_display_driver_bsp/\libhal_bsp.a(alt_irq_handler.o)
 .debug_info    0x0000000000003cb1       0x88 ../tetris_display_driver_bsp/\libhal_bsp.a(alt_irq_vars.o)
 .debug_info    0x0000000000003d39      0x3bb ../tetris_display_driver_bsp/\libhal_bsp.a(alt_open.o)
 .debug_info    0x00000000000040f4      0x2b0 ../tetris_display_driver_bsp/\libhal_bsp.a(alt_release_fd.o)
 .debug_info    0x00000000000043a4      0x299 ../tetris_display_driver_bsp/\libhal_bsp.a(alt_tick.o)
 .debug_info    0x000000000000463d       0x92 ../tetris_display_driver_bsp/\libhal_bsp.a(altera_nios2_gen2_irq.o)
 .debug_info    0x00000000000046cf       0x91 ../tetris_display_driver_bsp/\libhal_bsp.a(alt_exception_entry.o)
 .debug_info    0x0000000000004760      0x2e9 ../tetris_display_driver_bsp/\libhal_bsp.a(alt_find_dev.o)
 .debug_info    0x0000000000004a49      0x2e6 ../tetris_display_driver_bsp/\libhal_bsp.a(alt_find_file.o)
 .debug_info    0x0000000000004d2f      0x310 ../tetris_display_driver_bsp/\libhal_bsp.a(alt_get_fd.o)
 .debug_info    0x000000000000503f      0x1e7 ../tetris_display_driver_bsp/\libhal_bsp.a(alt_instruction_exception_entry.o)
 .debug_info    0x0000000000005226       0xfe c:/intelfpga_lite/18.1/nios2eds/bin/gnu/h-x86_64-mingw32/bin/../lib/gcc/nios2-elf/5.3.0/../../../../../H-x86_64-mingw32/nios2-elf/lib/mno-hw-mul\libc.a(lib_a-atexit.o)
 .debug_info    0x0000000000005324      0x8e4 c:/intelfpga_lite/18.1/nios2eds/bin/gnu/h-x86_64-mingw32/bin/../lib/gcc/nios2-elf/5.3.0/../../../../../H-x86_64-mingw32/nios2-elf/lib/mno-hw-mul\libc.a(lib_a-exit.o)
 .debug_info    0x0000000000005c08      0x8a1 c:/intelfpga_lite/18.1/nios2eds/bin/gnu/h-x86_64-mingw32/bin/../lib/gcc/nios2-elf/5.3.0/../../../../../H-x86_64-mingw32/nios2-elf/lib/mno-hw-mul\libc.a(lib_a-impure.o)
 .debug_info    0x00000000000064a9       0x8a c:/intelfpga_lite/18.1/nios2eds/bin/gnu/h-x86_64-mingw32/bin/../lib/gcc/nios2-elf/5.3.0/../../../../../H-x86_64-mingw32/nios2-elf/lib/mno-hw-mul\libc.a(lib_a-int_errno.o)
 .debug_info    0x0000000000006533      0x11a c:/intelfpga_lite/18.1/nios2eds/bin/gnu/h-x86_64-mingw32/bin/../lib/gcc/nios2-elf/5.3.0/../../../../../H-x86_64-mingw32/nios2-elf/lib/mno-hw-mul\libc.a(lib_a-memcmp.o)
 .debug_info    0x000000000000664d      0x144 c:/intelfpga_lite/18.1/nios2eds/bin/gnu/h-x86_64-mingw32/bin/../lib/gcc/nios2-elf/5.3.0/../../../../../H-x86_64-mingw32/nios2-elf/lib/mno-hw-mul\libc.a(lib_a-memcpy.o)
 .debug_info    0x0000000000006791       0xe2 c:/intelfpga_lite/18.1/nios2eds/bin/gnu/h-x86_64-mingw32/bin/../lib/gcc/nios2-elf/5.3.0/../../../../../H-x86_64-mingw32/nios2-elf/lib/mno-hw-mul\libc.a(lib_a-strlen.o)
 .debug_info    0x0000000000006873      0x934 c:/intelfpga_lite/18.1/nios2eds/bin/gnu/h-x86_64-mingw32/bin/../lib/gcc/nios2-elf/5.3.0/../../../../../H-x86_64-mingw32/nios2-elf/lib/mno-hw-mul\libc.a(lib_a-__atexit.o)
 .debug_info    0x00000000000071a7      0x965 c:/intelfpga_lite/18.1/nios2eds/bin/gnu/h-x86_64-mingw32/bin/../lib/gcc/nios2-elf/5.3.0/../../../../../H-x86_64-mingw32/nios2-elf/lib/mno-hw-mul\libc.a(lib_a-__call_atexit.o)
 .debug_info    0x0000000000007b0c      0x2c6 c:/intelfpga_lite/18.1/nios2eds/bin/gnu/h-x86_64-mingw32/bin/../lib/gcc/nios2-elf/5.3.0/mno-hw-mul\libgcc.a(lib2-divmod.o)
 .debug_info    0x0000000000007dd2       0xb4 c:/intelfpga_lite/18.1/nios2eds/bin/gnu/h-x86_64-mingw32/bin/../lib/gcc/nios2-elf/5.3.0/mno-hw-mul\libgcc.a(lib2-mul.o)
 .debug_info    0x0000000000007e86       0xec ../tetris_display_driver_bsp/\libhal_bsp.a(alt_exit.o)

.debug_abbrev   0x0000000000000000     0x2dc1
 *(.debug_abbrev)
 .debug_abbrev  0x0000000000000000       0x12 ../tetris_display_driver_bsp//obj/HAL/src/crt0.o
 .debug_abbrev  0x0000000000000012       0x3e obj/default/image.o
 .debug_abbrev  0x0000000000000050      0x104 obj/default/tetris.o
 .debug_abbrev  0x0000000000000154       0x9f ../tetris_display_driver_bsp/\libhal_bsp.a(alt_load.o)
 .debug_abbrev  0x00000000000001f3       0xba ../tetris_display_driver_bsp/\libhal_bsp.a(alt_main.o)
 .debug_abbrev  0x00000000000002ad       0x60 ../tetris_display_driver_bsp/\libhal_bsp.a(alt_usleep.o)
 .debug_abbrev  0x000000000000030d      0x187 ../tetris_display_driver_bsp/\libhal_bsp.a(alt_sys_init.o)
 .debug_abbrev  0x0000000000000494      0x127 ../tetris_display_driver_bsp/\libhal_bsp.a(altera_avalon_jtag_uart_fd.o)
 .debug_abbrev  0x00000000000005bb      0x19e ../tetris_display_driver_bsp/\libhal_bsp.a(altera_avalon_jtag_uart_init.o)
 .debug_abbrev  0x0000000000000759      0x111 ../tetris_display_driver_bsp/\libhal_bsp.a(altera_avalon_jtag_uart_ioctl.o)
 .debug_abbrev  0x000000000000086a      0x1aa ../tetris_display_driver_bsp/\libhal_bsp.a(altera_avalon_jtag_uart_read.o)
 .debug_abbrev  0x0000000000000a14      0x1a8 ../tetris_display_driver_bsp/\libhal_bsp.a(altera_avalon_jtag_uart_write.o)
 .debug_abbrev  0x0000000000000bbc       0x8a ../tetris_display_driver_bsp/\libhal_bsp.a(altera_avalon_spi.o)
 .debug_abbrev  0x0000000000000c46      0x155 ../tetris_display_driver_bsp/\libhal_bsp.a(altera_avalon_timer_sc.o)
 .debug_abbrev  0x0000000000000d9b      0x162 ../tetris_display_driver_bsp/\libhal_bsp.a(alt_alarm_start.o)
 .debug_abbrev  0x0000000000000efd       0x7e ../tetris_display_driver_bsp/\libhal_bsp.a(alt_busy_sleep.o)
 .debug_abbrev  0x0000000000000f7b      0x11f ../tetris_display_driver_bsp/\libhal_bsp.a(alt_close.o)
 .debug_abbrev  0x000000000000109a       0x42 ../tetris_display_driver_bsp/\libhal_bsp.a(alt_dcache_flush_all.o)
 .debug_abbrev  0x00000000000010dc       0xd9 ../tetris_display_driver_bsp/\libhal_bsp.a(alt_dev.o)
 .debug_abbrev  0x00000000000011b5      0x114 ../tetris_display_driver_bsp/\libhal_bsp.a(alt_dev_llist_insert.o)
 .debug_abbrev  0x00000000000012c9       0x79 ../tetris_display_driver_bsp/\libhal_bsp.a(alt_do_ctors.o)
 .debug_abbrev  0x0000000000001342       0x79 ../tetris_display_driver_bsp/\libhal_bsp.a(alt_do_dtors.o)
 .debug_abbrev  0x00000000000013bb       0x5a ../tetris_display_driver_bsp/\libhal_bsp.a(alt_errno.o)
 .debug_abbrev  0x0000000000001415       0x42 ../tetris_display_driver_bsp/\libhal_bsp.a(alt_icache_flush_all.o)
 .debug_abbrev  0x0000000000001457      0x163 ../tetris_display_driver_bsp/\libhal_bsp.a(alt_iic.o)
 .debug_abbrev  0x00000000000015ba      0x169 ../tetris_display_driver_bsp/\libhal_bsp.a(alt_iic_isr_register.o)
 .debug_abbrev  0x0000000000001723      0x114 ../tetris_display_driver_bsp/\libhal_bsp.a(alt_io_redirect.o)
 .debug_abbrev  0x0000000000001837       0x12 ../tetris_display_driver_bsp/\libhal_bsp.a(alt_irq_entry.o)
 .debug_abbrev  0x0000000000001849      0x122 ../tetris_display_driver_bsp/\libhal_bsp.a(alt_irq_handler.o)
 .debug_abbrev  0x000000000000196b       0x40 ../tetris_display_driver_bsp/\libhal_bsp.a(alt_irq_vars.o)
 .debug_abbrev  0x00000000000019ab      0x148 ../tetris_display_driver_bsp/\libhal_bsp.a(alt_open.o)
 .debug_abbrev  0x0000000000001af3       0xde ../tetris_display_driver_bsp/\libhal_bsp.a(alt_release_fd.o)
 .debug_abbrev  0x0000000000001bd1      0x15a ../tetris_display_driver_bsp/\libhal_bsp.a(alt_tick.o)
 .debug_abbrev  0x0000000000001d2b       0x42 ../tetris_display_driver_bsp/\libhal_bsp.a(altera_nios2_gen2_irq.o)
 .debug_abbrev  0x0000000000001d6d       0x12 ../tetris_display_driver_bsp/\libhal_bsp.a(alt_exception_entry.o)
 .debug_abbrev  0x0000000000001d7f       0xf0 ../tetris_display_driver_bsp/\libhal_bsp.a(alt_find_dev.o)
 .debug_abbrev  0x0000000000001e6f       0xf0 ../tetris_display_driver_bsp/\libhal_bsp.a(alt_find_file.o)
 .debug_abbrev  0x0000000000001f5f      0x10d ../tetris_display_driver_bsp/\libhal_bsp.a(alt_get_fd.o)
 .debug_abbrev  0x000000000000206c       0xdc ../tetris_display_driver_bsp/\libhal_bsp.a(alt_instruction_exception_entry.o)
 .debug_abbrev  0x0000000000002148       0xaa c:/intelfpga_lite/18.1/nios2eds/bin/gnu/h-x86_64-mingw32/bin/../lib/gcc/nios2-elf/5.3.0/../../../../../H-x86_64-mingw32/nios2-elf/lib/mno-hw-mul\libc.a(lib_a-atexit.o)
 .debug_abbrev  0x00000000000021f2      0x1e5 c:/intelfpga_lite/18.1/nios2eds/bin/gnu/h-x86_64-mingw32/bin/../lib/gcc/nios2-elf/5.3.0/../../../../../H-x86_64-mingw32/nios2-elf/lib/mno-hw-mul\libc.a(lib_a-exit.o)
 .debug_abbrev  0x00000000000023d7      0x18f c:/intelfpga_lite/18.1/nios2eds/bin/gnu/h-x86_64-mingw32/bin/../lib/gcc/nios2-elf/5.3.0/../../../../../H-x86_64-mingw32/nios2-elf/lib/mno-hw-mul\libc.a(lib_a-impure.o)
 .debug_abbrev  0x0000000000002566       0x37 c:/intelfpga_lite/18.1/nios2eds/bin/gnu/h-x86_64-mingw32/bin/../lib/gcc/nios2-elf/5.3.0/../../../../../H-x86_64-mingw32/nios2-elf/lib/mno-hw-mul\libc.a(lib_a-int_errno.o)
 .debug_abbrev  0x000000000000259d       0x7f c:/intelfpga_lite/18.1/nios2eds/bin/gnu/h-x86_64-mingw32/bin/../lib/gcc/nios2-elf/5.3.0/../../../../../H-x86_64-mingw32/nios2-elf/lib/mno-hw-mul\libc.a(lib_a-memcmp.o)
 .debug_abbrev  0x000000000000261c       0xa3 c:/intelfpga_lite/18.1/nios2eds/bin/gnu/h-x86_64-mingw32/bin/../lib/gcc/nios2-elf/5.3.0/../../../../../H-x86_64-mingw32/nios2-elf/lib/mno-hw-mul\libc.a(lib_a-memcpy.o)
 .debug_abbrev  0x00000000000026bf       0x90 c:/intelfpga_lite/18.1/nios2eds/bin/gnu/h-x86_64-mingw32/bin/../lib/gcc/nios2-elf/5.3.0/../../../../../H-x86_64-mingw32/nios2-elf/lib/mno-hw-mul\libc.a(lib_a-strlen.o)
 .debug_abbrev  0x000000000000274f      0x21e c:/intelfpga_lite/18.1/nios2eds/bin/gnu/h-x86_64-mingw32/bin/../lib/gcc/nios2-elf/5.3.0/../../../../../H-x86_64-mingw32/nios2-elf/lib/mno-hw-mul\libc.a(lib_a-__atexit.o)
 .debug_abbrev  0x000000000000296d      0x22e c:/intelfpga_lite/18.1/nios2eds/bin/gnu/h-x86_64-mingw32/bin/../lib/gcc/nios2-elf/5.3.0/../../../../../H-x86_64-mingw32/nios2-elf/lib/mno-hw-mul\libc.a(lib_a-__call_atexit.o)
 .debug_abbrev  0x0000000000002b9b      0x10e c:/intelfpga_lite/18.1/nios2eds/bin/gnu/h-x86_64-mingw32/bin/../lib/gcc/nios2-elf/5.3.0/mno-hw-mul\libgcc.a(lib2-divmod.o)
 .debug_abbrev  0x0000000000002ca9       0x6f c:/intelfpga_lite/18.1/nios2eds/bin/gnu/h-x86_64-mingw32/bin/../lib/gcc/nios2-elf/5.3.0/mno-hw-mul\libgcc.a(lib2-mul.o)
 .debug_abbrev  0x0000000000002d18       0xa9 ../tetris_display_driver_bsp/\libhal_bsp.a(alt_exit.o)

.debug_line     0x0000000000000000     0x2f4c
 *(.debug_line)
 .debug_line    0x0000000000000000       0x66 ../tetris_display_driver_bsp//obj/HAL/src/crt0.o
 .debug_line    0x0000000000000066       0x28 obj/default/image.o
 .debug_line    0x000000000000008e      0x1ed obj/default/tetris.o
 .debug_line    0x000000000000027b       0x8e ../tetris_display_driver_bsp/\libhal_bsp.a(alt_load.o)
 .debug_line    0x0000000000000309       0xa4 ../tetris_display_driver_bsp/\libhal_bsp.a(alt_main.o)
 .debug_line    0x00000000000003ad       0xad ../tetris_display_driver_bsp/\libhal_bsp.a(alt_usleep.o)
 .debug_line    0x000000000000045a      0x152 ../tetris_display_driver_bsp/\libhal_bsp.a(alt_sys_init.o)
 .debug_line    0x00000000000005ac      0x12f ../tetris_display_driver_bsp/\libhal_bsp.a(altera_avalon_jtag_uart_fd.o)
 .debug_line    0x00000000000006db      0x18b ../tetris_display_driver_bsp/\libhal_bsp.a(altera_avalon_jtag_uart_init.o)
 .debug_line    0x0000000000000866      0x131 ../tetris_display_driver_bsp/\libhal_bsp.a(altera_avalon_jtag_uart_ioctl.o)
 .debug_line    0x0000000000000997      0x171 ../tetris_display_driver_bsp/\libhal_bsp.a(altera_avalon_jtag_uart_read.o)
 .debug_line    0x0000000000000b08      0x170 ../tetris_display_driver_bsp/\libhal_bsp.a(altera_avalon_jtag_uart_write.o)
 .debug_line    0x0000000000000c78       0xb7 ../tetris_display_driver_bsp/\libhal_bsp.a(altera_avalon_spi.o)
 .debug_line    0x0000000000000d2f       0xfd ../tetris_display_driver_bsp/\libhal_bsp.a(altera_avalon_timer_sc.o)
 .debug_line    0x0000000000000e2c       0xf9 ../tetris_display_driver_bsp/\libhal_bsp.a(alt_alarm_start.o)
 .debug_line    0x0000000000000f25       0xa2 ../tetris_display_driver_bsp/\libhal_bsp.a(alt_busy_sleep.o)
 .debug_line    0x0000000000000fc7      0x165 ../tetris_display_driver_bsp/\libhal_bsp.a(alt_close.o)
 .debug_line    0x000000000000112c       0x51 ../tetris_display_driver_bsp/\libhal_bsp.a(alt_dcache_flush_all.o)
 .debug_line    0x000000000000117d       0xf8 ../tetris_display_driver_bsp/\libhal_bsp.a(alt_dev.o)
 .debug_line    0x0000000000001275       0xcf ../tetris_display_driver_bsp/\libhal_bsp.a(alt_dev_llist_insert.o)
 .debug_line    0x0000000000001344       0x59 ../tetris_display_driver_bsp/\libhal_bsp.a(alt_do_ctors.o)
 .debug_line    0x000000000000139d       0x59 ../tetris_display_driver_bsp/\libhal_bsp.a(alt_do_dtors.o)
 .debug_line    0x00000000000013f6       0x51 ../tetris_display_driver_bsp/\libhal_bsp.a(alt_errno.o)
 .debug_line    0x0000000000001447       0x4f ../tetris_display_driver_bsp/\libhal_bsp.a(alt_icache_flush_all.o)
 .debug_line    0x0000000000001496       0xeb ../tetris_display_driver_bsp/\libhal_bsp.a(alt_iic.o)
 .debug_line    0x0000000000001581       0xdb ../tetris_display_driver_bsp/\libhal_bsp.a(alt_iic_isr_register.o)
 .debug_line    0x000000000000165c      0x135 ../tetris_display_driver_bsp/\libhal_bsp.a(alt_io_redirect.o)
 .debug_line    0x0000000000001791       0x6b ../tetris_display_driver_bsp/\libhal_bsp.a(alt_irq_entry.o)
 .debug_line    0x00000000000017fc       0xaa ../tetris_display_driver_bsp/\libhal_bsp.a(alt_irq_handler.o)
 .debug_line    0x00000000000018a6       0x50 ../tetris_display_driver_bsp/\libhal_bsp.a(alt_irq_vars.o)
 .debug_line    0x00000000000018f6      0x12b ../tetris_display_driver_bsp/\libhal_bsp.a(alt_open.o)
 .debug_line    0x0000000000001a21       0xb0 ../tetris_display_driver_bsp/\libhal_bsp.a(alt_release_fd.o)
 .debug_line    0x0000000000001ad1       0xff ../tetris_display_driver_bsp/\libhal_bsp.a(alt_tick.o)
 .debug_line    0x0000000000001bd0       0x51 ../tetris_display_driver_bsp/\libhal_bsp.a(altera_nios2_gen2_irq.o)
 .debug_line    0x0000000000001c21       0xb3 ../tetris_display_driver_bsp/\libhal_bsp.a(alt_exception_entry.o)
 .debug_line    0x0000000000001cd4       0xb5 ../tetris_display_driver_bsp/\libhal_bsp.a(alt_find_dev.o)
 .debug_line    0x0000000000001d89       0xd1 ../tetris_display_driver_bsp/\libhal_bsp.a(alt_find_file.o)
 .debug_line    0x0000000000001e5a       0xd7 ../tetris_display_driver_bsp/\libhal_bsp.a(alt_get_fd.o)
 .debug_line    0x0000000000001f31       0xb9 ../tetris_display_driver_bsp/\libhal_bsp.a(alt_instruction_exception_entry.o)
 .debug_line    0x0000000000001fea       0xe7 c:/intelfpga_lite/18.1/nios2eds/bin/gnu/h-x86_64-mingw32/bin/../lib/gcc/nios2-elf/5.3.0/../../../../../H-x86_64-mingw32/nios2-elf/lib/mno-hw-mul\libc.a(lib_a-atexit.o)
 .debug_line    0x00000000000020d1      0x1fc c:/intelfpga_lite/18.1/nios2eds/bin/gnu/h-x86_64-mingw32/bin/../lib/gcc/nios2-elf/5.3.0/../../../../../H-x86_64-mingw32/nios2-elf/lib/mno-hw-mul\libc.a(lib_a-exit.o)
 .debug_line    0x00000000000022cd      0x160 c:/intelfpga_lite/18.1/nios2eds/bin/gnu/h-x86_64-mingw32/bin/../lib/gcc/nios2-elf/5.3.0/../../../../../H-x86_64-mingw32/nios2-elf/lib/mno-hw-mul\libc.a(lib_a-impure.o)
 .debug_line    0x000000000000242d       0x5f c:/intelfpga_lite/18.1/nios2eds/bin/gnu/h-x86_64-mingw32/bin/../lib/gcc/nios2-elf/5.3.0/../../../../../H-x86_64-mingw32/nios2-elf/lib/mno-hw-mul\libc.a(lib_a-int_errno.o)
 .debug_line    0x000000000000248c      0x176 c:/intelfpga_lite/18.1/nios2eds/bin/gnu/h-x86_64-mingw32/bin/../lib/gcc/nios2-elf/5.3.0/../../../../../H-x86_64-mingw32/nios2-elf/lib/mno-hw-mul\libc.a(lib_a-memcmp.o)
 .debug_line    0x0000000000002602      0x18c c:/intelfpga_lite/18.1/nios2eds/bin/gnu/h-x86_64-mingw32/bin/../lib/gcc/nios2-elf/5.3.0/../../../../../H-x86_64-mingw32/nios2-elf/lib/mno-hw-mul\libc.a(lib_a-memcpy.o)
 .debug_line    0x000000000000278e      0x16f c:/intelfpga_lite/18.1/nios2eds/bin/gnu/h-x86_64-mingw32/bin/../lib/gcc/nios2-elf/5.3.0/../../../../../H-x86_64-mingw32/nios2-elf/lib/mno-hw-mul\libc.a(lib_a-strlen.o)
 .debug_line    0x00000000000028fd      0x21f c:/intelfpga_lite/18.1/nios2eds/bin/gnu/h-x86_64-mingw32/bin/../lib/gcc/nios2-elf/5.3.0/../../../../../H-x86_64-mingw32/nios2-elf/lib/mno-hw-mul\libc.a(lib_a-__atexit.o)
 .debug_line    0x0000000000002b1c      0x23a c:/intelfpga_lite/18.1/nios2eds/bin/gnu/h-x86_64-mingw32/bin/../lib/gcc/nios2-elf/5.3.0/../../../../../H-x86_64-mingw32/nios2-elf/lib/mno-hw-mul\libc.a(lib_a-__call_atexit.o)
 .debug_line    0x0000000000002d56      0x105 c:/intelfpga_lite/18.1/nios2eds/bin/gnu/h-x86_64-mingw32/bin/../lib/gcc/nios2-elf/5.3.0/mno-hw-mul\libgcc.a(lib2-divmod.o)
 .debug_line    0x0000000000002e5b       0x80 c:/intelfpga_lite/18.1/nios2eds/bin/gnu/h-x86_64-mingw32/bin/../lib/gcc/nios2-elf/5.3.0/mno-hw-mul\libgcc.a(lib2-mul.o)
 .debug_line    0x0000000000002edb       0x71 ../tetris_display_driver_bsp/\libhal_bsp.a(alt_exit.o)

.debug_frame    0x0000000000000000      0xc6c
 *(.debug_frame)
 .debug_frame   0x0000000000000000       0xa0 obj/default/tetris.o
 .debug_frame   0x00000000000000a0       0x5c ../tetris_display_driver_bsp/\libhal_bsp.a(alt_load.o)
 .debug_frame   0x00000000000000fc       0x2c ../tetris_display_driver_bsp/\libhal_bsp.a(alt_main.o)
 .debug_frame   0x0000000000000128       0x38 ../tetris_display_driver_bsp/\libhal_bsp.a(alt_usleep.o)
 .debug_frame   0x0000000000000160       0x88 ../tetris_display_driver_bsp/\libhal_bsp.a(alt_sys_init.o)
 .debug_frame   0x00000000000001e8       0xb0 ../tetris_display_driver_bsp/\libhal_bsp.a(altera_avalon_jtag_uart_fd.o)
 .debug_frame   0x0000000000000298       0xa4 ../tetris_display_driver_bsp/\libhal_bsp.a(altera_avalon_jtag_uart_init.o)
 .debug_frame   0x000000000000033c       0x34 ../tetris_display_driver_bsp/\libhal_bsp.a(altera_avalon_jtag_uart_ioctl.o)
 .debug_frame   0x0000000000000370       0x38 ../tetris_display_driver_bsp/\libhal_bsp.a(altera_avalon_jtag_uart_read.o)
 .debug_frame   0x00000000000003a8       0x38 ../tetris_display_driver_bsp/\libhal_bsp.a(altera_avalon_jtag_uart_write.o)
 .debug_frame   0x00000000000003e0       0x34 ../tetris_display_driver_bsp/\libhal_bsp.a(altera_avalon_spi.o)
 .debug_frame   0x0000000000000414       0x60 ../tetris_display_driver_bsp/\libhal_bsp.a(altera_avalon_timer_sc.o)
 .debug_frame   0x0000000000000474       0x34 ../tetris_display_driver_bsp/\libhal_bsp.a(alt_alarm_start.o)
 .debug_frame   0x00000000000004a8       0x38 ../tetris_display_driver_bsp/\libhal_bsp.a(alt_busy_sleep.o)
 .debug_frame   0x00000000000004e0       0x60 ../tetris_display_driver_bsp/\libhal_bsp.a(alt_close.o)
 .debug_frame   0x0000000000000540       0x34 ../tetris_display_driver_bsp/\libhal_bsp.a(alt_dcache_flush_all.o)
 .debug_frame   0x0000000000000574       0x34 ../tetris_display_driver_bsp/\libhal_bsp.a(alt_dev.o)
 .debug_frame   0x00000000000005a8       0x60 ../tetris_display_driver_bsp/\libhal_bsp.a(alt_dev_llist_insert.o)
 .debug_frame   0x0000000000000608       0x38 ../tetris_display_driver_bsp/\libhal_bsp.a(alt_do_ctors.o)
 .debug_frame   0x0000000000000640       0x38 ../tetris_display_driver_bsp/\libhal_bsp.a(alt_do_dtors.o)
 .debug_frame   0x0000000000000678       0x34 ../tetris_display_driver_bsp/\libhal_bsp.a(alt_icache_flush_all.o)
 .debug_frame   0x00000000000006ac       0xa4 ../tetris_display_driver_bsp/\libhal_bsp.a(alt_iic.o)
 .debug_frame   0x0000000000000750       0x38 ../tetris_display_driver_bsp/\libhal_bsp.a(alt_iic_isr_register.o)
 .debug_frame   0x0000000000000788       0x64 ../tetris_display_driver_bsp/\libhal_bsp.a(alt_io_redirect.o)
 .debug_frame   0x00000000000007ec       0x38 ../tetris_display_driver_bsp/\libhal_bsp.a(alt_irq_handler.o)
 .debug_frame   0x0000000000000824       0x8c ../tetris_display_driver_bsp/\libhal_bsp.a(alt_open.o)
 .debug_frame   0x00000000000008b0       0x3c ../tetris_display_driver_bsp/\libhal_bsp.a(alt_release_fd.o)
 .debug_frame   0x00000000000008ec       0x5c ../tetris_display_driver_bsp/\libhal_bsp.a(alt_tick.o)
 .debug_frame   0x0000000000000948       0x34 ../tetris_display_driver_bsp/\libhal_bsp.a(altera_nios2_gen2_irq.o)
 .debug_frame   0x000000000000097c       0x38 ../tetris_display_driver_bsp/\libhal_bsp.a(alt_find_dev.o)
 .debug_frame   0x00000000000009b4       0x38 ../tetris_display_driver_bsp/\libhal_bsp.a(alt_find_file.o)
 .debug_frame   0x00000000000009ec       0x3c ../tetris_display_driver_bsp/\libhal_bsp.a(alt_get_fd.o)
 .debug_frame   0x0000000000000a28       0x5c ../tetris_display_driver_bsp/\libhal_bsp.a(alt_instruction_exception_entry.o)
 .debug_frame   0x0000000000000a84       0x20 c:/intelfpga_lite/18.1/nios2eds/bin/gnu/h-x86_64-mingw32/bin/../lib/gcc/nios2-elf/5.3.0/../../../../../H-x86_64-mingw32/nios2-elf/lib/mno-hw-mul\libc.a(lib_a-atexit.o)
 .debug_frame   0x0000000000000aa4       0x28 c:/intelfpga_lite/18.1/nios2eds/bin/gnu/h-x86_64-mingw32/bin/../lib/gcc/nios2-elf/5.3.0/../../../../../H-x86_64-mingw32/nios2-elf/lib/mno-hw-mul\libc.a(lib_a-exit.o)
 .debug_frame   0x0000000000000acc       0x20 c:/intelfpga_lite/18.1/nios2eds/bin/gnu/h-x86_64-mingw32/bin/../lib/gcc/nios2-elf/5.3.0/../../../../../H-x86_64-mingw32/nios2-elf/lib/mno-hw-mul\libc.a(lib_a-memcmp.o)
 .debug_frame   0x0000000000000aec       0x38 c:/intelfpga_lite/18.1/nios2eds/bin/gnu/h-x86_64-mingw32/bin/../lib/gcc/nios2-elf/5.3.0/../../../../../H-x86_64-mingw32/nios2-elf/lib/mno-hw-mul\libc.a(lib_a-memcpy.o)
 .debug_frame   0x0000000000000b24       0x20 c:/intelfpga_lite/18.1/nios2eds/bin/gnu/h-x86_64-mingw32/bin/../lib/gcc/nios2-elf/5.3.0/../../../../../H-x86_64-mingw32/nios2-elf/lib/mno-hw-mul\libc.a(lib_a-strlen.o)
 .debug_frame   0x0000000000000b44       0x38 c:/intelfpga_lite/18.1/nios2eds/bin/gnu/h-x86_64-mingw32/bin/../lib/gcc/nios2-elf/5.3.0/../../../../../H-x86_64-mingw32/nios2-elf/lib/mno-hw-mul\libc.a(lib_a-__atexit.o)
 .debug_frame   0x0000000000000b7c       0x54 c:/intelfpga_lite/18.1/nios2eds/bin/gnu/h-x86_64-mingw32/bin/../lib/gcc/nios2-elf/5.3.0/../../../../../H-x86_64-mingw32/nios2-elf/lib/mno-hw-mul\libc.a(lib_a-__call_atexit.o)
 .debug_frame   0x0000000000000bd0       0x50 c:/intelfpga_lite/18.1/nios2eds/bin/gnu/h-x86_64-mingw32/bin/../lib/gcc/nios2-elf/5.3.0/mno-hw-mul\libgcc.a(lib2-divmod.o)
 .debug_frame   0x0000000000000c20       0x20 c:/intelfpga_lite/18.1/nios2eds/bin/gnu/h-x86_64-mingw32/bin/../lib/gcc/nios2-elf/5.3.0/mno-hw-mul\libgcc.a(lib2-mul.o)
 .debug_frame   0x0000000000000c40       0x2c ../tetris_display_driver_bsp/\libhal_bsp.a(alt_exit.o)

.debug_str      0x0000000000000000     0x1e17
 *(.debug_str)
 .debug_str     0x0000000000000000       0xbf obj/default/image.o
 .debug_str     0x00000000000000bf       0xc2 obj/default/tetris.o
                                        0x1e0 (size before relaxing)
 .debug_str     0x0000000000000181      0x13f ../tetris_display_driver_bsp/\libhal_bsp.a(alt_load.o)
                                        0x226 (size before relaxing)
 .debug_str     0x00000000000002c0       0x70 ../tetris_display_driver_bsp/\libhal_bsp.a(alt_main.o)
                                        0x1b1 (size before relaxing)
 .debug_str     0x0000000000000330       0x27 ../tetris_display_driver_bsp/\libhal_bsp.a(alt_usleep.o)
                                        0x15c (size before relaxing)
 .debug_str     0x0000000000000357      0x1d8 ../tetris_display_driver_bsp/\libhal_bsp.a(alt_sys_init.o)
                                        0x3a2 (size before relaxing)
 .debug_str     0x000000000000052f       0xb2 ../tetris_display_driver_bsp/\libhal_bsp.a(altera_avalon_jtag_uart_fd.o)
                                        0x3b8 (size before relaxing)
 .debug_str     0x00000000000005e1       0xd1 ../tetris_display_driver_bsp/\libhal_bsp.a(altera_avalon_jtag_uart_init.o)
                                        0x34c (size before relaxing)
 .debug_str     0x00000000000006b2       0x4a ../tetris_display_driver_bsp/\libhal_bsp.a(altera_avalon_jtag_uart_ioctl.o)
                                        0x2a7 (size before relaxing)
 .debug_str     0x00000000000006fc       0x7f ../tetris_display_driver_bsp/\libhal_bsp.a(altera_avalon_jtag_uart_read.o)
                                        0x2fc (size before relaxing)
 .debug_str     0x000000000000077b       0x4a ../tetris_display_driver_bsp/\libhal_bsp.a(altera_avalon_jtag_uart_write.o)
                                        0x2fd (size before relaxing)
 .debug_str     0x00000000000007c5       0xb3 ../tetris_display_driver_bsp/\libhal_bsp.a(altera_avalon_spi.o)
                                        0x1f4 (size before relaxing)
 .debug_str     0x0000000000000878       0x6d ../tetris_display_driver_bsp/\libhal_bsp.a(altera_avalon_timer_sc.o)
                                        0x25f (size before relaxing)
 .debug_str     0x00000000000008e5       0x59 ../tetris_display_driver_bsp/\libhal_bsp.a(alt_alarm_start.o)
                                        0x292 (size before relaxing)
 .debug_str     0x000000000000093e       0x42 ../tetris_display_driver_bsp/\libhal_bsp.a(alt_busy_sleep.o)
                                        0x17f (size before relaxing)
 .debug_str     0x0000000000000980       0x44 ../tetris_display_driver_bsp/\libhal_bsp.a(alt_close.o)
                                        0x21f (size before relaxing)
 .debug_str     0x00000000000009c4       0x34 ../tetris_display_driver_bsp/\libhal_bsp.a(alt_dcache_flush_all.o)
                                        0x169 (size before relaxing)
 .debug_str     0x00000000000009f8      0x119 ../tetris_display_driver_bsp/\libhal_bsp.a(alt_dev.o)
                                        0x319 (size before relaxing)
 .debug_str     0x0000000000000b11       0x34 ../tetris_display_driver_bsp/\libhal_bsp.a(alt_dev_llist_insert.o)
                                        0x1e0 (size before relaxing)
 .debug_str     0x0000000000000b45       0x48 ../tetris_display_driver_bsp/\libhal_bsp.a(alt_do_ctors.o)
                                         0xe4 (size before relaxing)
 .debug_str     0x0000000000000b8d       0x4c ../tetris_display_driver_bsp/\libhal_bsp.a(alt_do_dtors.o)
                                         0xe3 (size before relaxing)
 .debug_str     0x0000000000000bd9       0x14 ../tetris_display_driver_bsp/\libhal_bsp.a(alt_errno.o)
                                        0x159 (size before relaxing)
 .debug_str     0x0000000000000bed       0x34 ../tetris_display_driver_bsp/\libhal_bsp.a(alt_icache_flush_all.o)
                                        0x169 (size before relaxing)
 .debug_str     0x0000000000000c21       0xbd ../tetris_display_driver_bsp/\libhal_bsp.a(alt_iic.o)
                                        0x252 (size before relaxing)
 .debug_str     0x0000000000000cde       0x4c ../tetris_display_driver_bsp/\libhal_bsp.a(alt_iic_isr_register.o)
                                        0x1fc (size before relaxing)
 .debug_str     0x0000000000000d2a       0x56 ../tetris_display_driver_bsp/\libhal_bsp.a(alt_io_redirect.o)
                                        0x32a (size before relaxing)
 .debug_str     0x0000000000000d80       0x3a ../tetris_display_driver_bsp/\libhal_bsp.a(alt_irq_handler.o)
                                        0x1ab (size before relaxing)
 .debug_str     0x0000000000000dba       0x17 ../tetris_display_driver_bsp/\libhal_bsp.a(alt_irq_vars.o)
                                        0x14e (size before relaxing)
 .debug_str     0x0000000000000dd1       0x29 ../tetris_display_driver_bsp/\libhal_bsp.a(alt_open.o)
                                        0x25f (size before relaxing)
 .debug_str     0x0000000000000dfa       0x28 ../tetris_display_driver_bsp/\libhal_bsp.a(alt_release_fd.o)
                                        0x1e7 (size before relaxing)
 .debug_str     0x0000000000000e22       0x4a ../tetris_display_driver_bsp/\libhal_bsp.a(alt_tick.o)
                                        0x266 (size before relaxing)
 .debug_str     0x0000000000000e6c       0x3b ../tetris_display_driver_bsp/\libhal_bsp.a(altera_nios2_gen2_irq.o)
                                        0x170 (size before relaxing)
 .debug_str     0x0000000000000ea7       0x24 ../tetris_display_driver_bsp/\libhal_bsp.a(alt_find_dev.o)
                                        0x200 (size before relaxing)
 .debug_str     0x0000000000000ecb       0x26 ../tetris_display_driver_bsp/\libhal_bsp.a(alt_find_file.o)
                                        0x20e (size before relaxing)
 .debug_str     0x0000000000000ef1       0x30 ../tetris_display_driver_bsp/\libhal_bsp.a(alt_get_fd.o)
                                        0x230 (size before relaxing)
 .debug_str     0x0000000000000f21      0x48b ../tetris_display_driver_bsp/\libhal_bsp.a(alt_instruction_exception_entry.o)
                                        0x5b4 (size before relaxing)
 .debug_str     0x00000000000013ac      0x17c c:/intelfpga_lite/18.1/nios2eds/bin/gnu/h-x86_64-mingw32/bin/../lib/gcc/nios2-elf/5.3.0/../../../../../H-x86_64-mingw32/nios2-elf/lib/mno-hw-mul\libc.a(lib_a-atexit.o)
                                        0x221 (size before relaxing)
 .debug_str     0x0000000000001528      0x3af c:/intelfpga_lite/18.1/nios2eds/bin/gnu/h-x86_64-mingw32/bin/../lib/gcc/nios2-elf/5.3.0/../../../../../H-x86_64-mingw32/nios2-elf/lib/mno-hw-mul\libc.a(lib_a-exit.o)
                                        0x5be (size before relaxing)
 .debug_str     0x00000000000018d7       0xd6 c:/intelfpga_lite/18.1/nios2eds/bin/gnu/h-x86_64-mingw32/bin/../lib/gcc/nios2-elf/5.3.0/../../../../../H-x86_64-mingw32/nios2-elf/lib/mno-hw-mul\libc.a(lib_a-impure.o)
                                        0x5b5 (size before relaxing)
 .debug_str     0x00000000000019ad       0x3f c:/intelfpga_lite/18.1/nios2eds/bin/gnu/h-x86_64-mingw32/bin/../lib/gcc/nios2-elf/5.3.0/../../../../../H-x86_64-mingw32/nios2-elf/lib/mno-hw-mul\libc.a(lib_a-int_errno.o)
                                        0x1dd (size before relaxing)
 .debug_str     0x00000000000019ec       0xda c:/intelfpga_lite/18.1/nios2eds/bin/gnu/h-x86_64-mingw32/bin/../lib/gcc/nios2-elf/5.3.0/../../../../../H-x86_64-mingw32/nios2-elf/lib/mno-hw-mul\libc.a(lib_a-memcmp.o)
                                        0x1e4 (size before relaxing)
 .debug_str     0x0000000000001ac6       0x6b c:/intelfpga_lite/18.1/nios2eds/bin/gnu/h-x86_64-mingw32/bin/../lib/gcc/nios2-elf/5.3.0/../../../../../H-x86_64-mingw32/nios2-elf/lib/mno-hw-mul\libc.a(lib_a-memcpy.o)
                                        0x20b (size before relaxing)
 .debug_str     0x0000000000001b31       0x51 c:/intelfpga_lite/18.1/nios2eds/bin/gnu/h-x86_64-mingw32/bin/../lib/gcc/nios2-elf/5.3.0/../../../../../H-x86_64-mingw32/nios2-elf/lib/mno-hw-mul\libc.a(lib_a-strlen.o)
                                        0x1f7 (size before relaxing)
 .debug_str     0x0000000000001b82       0x3f c:/intelfpga_lite/18.1/nios2eds/bin/gnu/h-x86_64-mingw32/bin/../lib/gcc/nios2-elf/5.3.0/../../../../../H-x86_64-mingw32/nios2-elf/lib/mno-hw-mul\libc.a(lib_a-__atexit.o)
                                        0x5f6 (size before relaxing)
 .debug_str     0x0000000000001bc1       0x65 c:/intelfpga_lite/18.1/nios2eds/bin/gnu/h-x86_64-mingw32/bin/../lib/gcc/nios2-elf/5.3.0/../../../../../H-x86_64-mingw32/nios2-elf/lib/mno-hw-mul\libc.a(lib_a-__call_atexit.o)
                                        0x5e2 (size before relaxing)
 .debug_str     0x0000000000001c26      0x187 c:/intelfpga_lite/18.1/nios2eds/bin/gnu/h-x86_64-mingw32/bin/../lib/gcc/nios2-elf/5.3.0/mno-hw-mul\libgcc.a(lib2-divmod.o)
                                        0x1d2 (size before relaxing)
 .debug_str     0x0000000000001dad       0x40 c:/intelfpga_lite/18.1/nios2eds/bin/gnu/h-x86_64-mingw32/bin/../lib/gcc/nios2-elf/5.3.0/mno-hw-mul\libgcc.a(lib2-mul.o)
                                        0x193 (size before relaxing)
 .debug_str     0x0000000000001ded       0x2a ../tetris_display_driver_bsp/\libhal_bsp.a(alt_exit.o)
                                        0x165 (size before relaxing)

.debug_loc      0x0000000000000000      0xcd1
 *(.debug_loc)
 .debug_loc     0x0000000000000000       0x2c c:/intelfpga_lite/18.1/nios2eds/bin/gnu/h-x86_64-mingw32/bin/../lib/gcc/nios2-elf/5.3.0/../../../../../H-x86_64-mingw32/nios2-elf/lib/mno-hw-mul\libc.a(lib_a-atexit.o)
 .debug_loc     0x000000000000002c       0x1e c:/intelfpga_lite/18.1/nios2eds/bin/gnu/h-x86_64-mingw32/bin/../lib/gcc/nios2-elf/5.3.0/../../../../../H-x86_64-mingw32/nios2-elf/lib/mno-hw-mul\libc.a(lib_a-exit.o)
 .debug_loc     0x000000000000004a      0x126 c:/intelfpga_lite/18.1/nios2eds/bin/gnu/h-x86_64-mingw32/bin/../lib/gcc/nios2-elf/5.3.0/../../../../../H-x86_64-mingw32/nios2-elf/lib/mno-hw-mul\libc.a(lib_a-memcmp.o)
 .debug_loc     0x0000000000000170      0x266 c:/intelfpga_lite/18.1/nios2eds/bin/gnu/h-x86_64-mingw32/bin/../lib/gcc/nios2-elf/5.3.0/../../../../../H-x86_64-mingw32/nios2-elf/lib/mno-hw-mul\libc.a(lib_a-memcpy.o)
 .debug_loc     0x00000000000003d6       0x47 c:/intelfpga_lite/18.1/nios2eds/bin/gnu/h-x86_64-mingw32/bin/../lib/gcc/nios2-elf/5.3.0/../../../../../H-x86_64-mingw32/nios2-elf/lib/mno-hw-mul\libc.a(lib_a-strlen.o)
 .debug_loc     0x000000000000041d      0x185 c:/intelfpga_lite/18.1/nios2eds/bin/gnu/h-x86_64-mingw32/bin/../lib/gcc/nios2-elf/5.3.0/../../../../../H-x86_64-mingw32/nios2-elf/lib/mno-hw-mul\libc.a(lib_a-__atexit.o)
 .debug_loc     0x00000000000005a2      0x1ce c:/intelfpga_lite/18.1/nios2eds/bin/gnu/h-x86_64-mingw32/bin/../lib/gcc/nios2-elf/5.3.0/../../../../../H-x86_64-mingw32/nios2-elf/lib/mno-hw-mul\libc.a(lib_a-__call_atexit.o)
 .debug_loc     0x0000000000000770      0x4ce c:/intelfpga_lite/18.1/nios2eds/bin/gnu/h-x86_64-mingw32/bin/../lib/gcc/nios2-elf/5.3.0/mno-hw-mul\libgcc.a(lib2-divmod.o)
 .debug_loc     0x0000000000000c3e       0x93 c:/intelfpga_lite/18.1/nios2eds/bin/gnu/h-x86_64-mingw32/bin/../lib/gcc/nios2-elf/5.3.0/mno-hw-mul\libgcc.a(lib2-mul.o)

.debug_macinfo
 *(.debug_macinfo)

.debug_weaknames
 *(.debug_weaknames)

.debug_funcnames
 *(.debug_funcnames)

.debug_typenames
 *(.debug_typenames)

.debug_varnames
 *(.debug_varnames)

.debug_alt_sim_info
                0x0000000000000000       0x40
 *(.debug_alt_sim_info)
 .debug_alt_sim_info
                0x0000000000000000       0x10 ../tetris_display_driver_bsp//obj/HAL/src/crt0.o
 .debug_alt_sim_info
                0x0000000000000010       0x30 ../tetris_display_driver_bsp/\libhal_bsp.a(alt_busy_sleep.o)
                0x0000000000040000                __alt_data_end = 0x40000
                0x0000000000040000                PROVIDE (__alt_stack_pointer, __alt_data_end)
                [!provide]                        PROVIDE (__alt_stack_limit, __alt_stack_base)
                [!provide]                        PROVIDE (__alt_heap_start, end)
                [!provide]                        PROVIDE (__alt_heap_limit, 0x40000)
OUTPUT(tetris_display_driver.elf elf32-littlenios2)

.debug_ranges   0x0000000000000000      0x1d8
 .debug_ranges  0x0000000000000000       0x20 ../tetris_display_driver_bsp//obj/HAL/src/crt0.o
 .debug_ranges  0x0000000000000020       0x30 ../tetris_display_driver_bsp/\libhal_bsp.a(altera_avalon_jtag_uart_init.o)
 .debug_ranges  0x0000000000000050       0x18 ../tetris_display_driver_bsp/\libhal_bsp.a(altera_avalon_jtag_uart_read.o)
 .debug_ranges  0x0000000000000068       0x28 ../tetris_display_driver_bsp/\libhal_bsp.a(alt_irq_entry.o)
 .debug_ranges  0x0000000000000090       0x10 ../tetris_display_driver_bsp/\libhal_bsp.a(alt_irq_handler.o)
 .debug_ranges  0x00000000000000a0       0x30 ../tetris_display_driver_bsp/\libhal_bsp.a(alt_exception_entry.o)
 .debug_ranges  0x00000000000000d0       0x18 ../tetris_display_driver_bsp/\libhal_bsp.a(alt_instruction_exception_entry.o)
 .debug_ranges  0x00000000000000e8       0x10 c:/intelfpga_lite/18.1/nios2eds/bin/gnu/h-x86_64-mingw32/bin/../lib/gcc/nios2-elf/5.3.0/../../../../../H-x86_64-mingw32/nios2-elf/lib/mno-hw-mul\libc.a(lib_a-atexit.o)
 .debug_ranges  0x00000000000000f8       0x10 c:/intelfpga_lite/18.1/nios2eds/bin/gnu/h-x86_64-mingw32/bin/../lib/gcc/nios2-elf/5.3.0/../../../../../H-x86_64-mingw32/nios2-elf/lib/mno-hw-mul\libc.a(lib_a-exit.o)
 .debug_ranges  0x0000000000000108       0x10 c:/intelfpga_lite/18.1/nios2eds/bin/gnu/h-x86_64-mingw32/bin/../lib/gcc/nios2-elf/5.3.0/../../../../../H-x86_64-mingw32/nios2-elf/lib/mno-hw-mul\libc.a(lib_a-memcmp.o)
 .debug_ranges  0x0000000000000118       0x10 c:/intelfpga_lite/18.1/nios2eds/bin/gnu/h-x86_64-mingw32/bin/../lib/gcc/nios2-elf/5.3.0/../../../../../H-x86_64-mingw32/nios2-elf/lib/mno-hw-mul\libc.a(lib_a-memcpy.o)
 .debug_ranges  0x0000000000000128       0x10 c:/intelfpga_lite/18.1/nios2eds/bin/gnu/h-x86_64-mingw32/bin/../lib/gcc/nios2-elf/5.3.0/../../../../../H-x86_64-mingw32/nios2-elf/lib/mno-hw-mul\libc.a(lib_a-strlen.o)
 .debug_ranges  0x0000000000000138       0x10 c:/intelfpga_lite/18.1/nios2eds/bin/gnu/h-x86_64-mingw32/bin/../lib/gcc/nios2-elf/5.3.0/../../../../../H-x86_64-mingw32/nios2-elf/lib/mno-hw-mul\libc.a(lib_a-__atexit.o)
 .debug_ranges  0x0000000000000148       0x30 c:/intelfpga_lite/18.1/nios2eds/bin/gnu/h-x86_64-mingw32/bin/../lib/gcc/nios2-elf/5.3.0/../../../../../H-x86_64-mingw32/nios2-elf/lib/mno-hw-mul\libc.a(lib_a-__call_atexit.o)
 .debug_ranges  0x0000000000000178       0x60 c:/intelfpga_lite/18.1/nios2eds/bin/gnu/h-x86_64-mingw32/bin/../lib/gcc/nios2-elf/5.3.0/mno-hw-mul\libgcc.a(lib2-divmod.o)