Archive member included to satisfy reference by file (symbol)

c:/intelfpga_lite/18.1/nios2eds/bin/gnu/h-x86_64-mingw32/bin/../lib/gcc/nios2-elf/5.3.0/mno-hw-mul\libgcc.a(lib2-mul.o)
                              obj/default/tetris.o (__mulsi3)
../tetris_display_driver_bsp/\libhal_bsp.a(alt_load.o)
                              ../tetris_display_driver_bsp//obj/HAL/src/crt0.o (alt_load)
../tetris_display_driver_bsp/\libhal_bsp.a(alt_main.o)
                              ../tetris_display_driver_bsp//obj/HAL/src/crt0.o (alt_main)
../tetris_display_driver_bsp/\libhal_bsp.a(alt_usleep.o)
                              obj/default/tetris.o (usleep)
../tetris_display_driver_bsp/\libhal_bsp.a(alt_sys_init.o)
                              ../tetris_display_driver_bsp/\libhal_bsp.a(alt_main.o) (alt_irq_init)
../tetris_display_driver_bsp/\libhal_bsp.a(altera_avalon_jtag_uart_fd.o)
                              ../tetris_display_driver_bsp/\libhal_bsp.a(alt_sys_init.o) (altera_avalon_jtag_uart_read_fd)
../tetris_display_driver_bsp/\libhal_bsp.a(altera_avalon_jtag_uart_init.o)
                              ../tetris_display_driver_bsp/\libhal_bsp.a(alt_sys_init.o) (altera_avalon_jtag_uart_init)
../tetris_display_driver_bsp/\libhal_bsp.a(altera_avalon_jtag_uart_ioctl.o)
                              ../tetris_display_driver_bsp/\libhal_bsp.a(altera_avalon_jtag_uart_fd.o) (altera_avalon_jtag_uart_ioctl)
../tetris_display_driver_bsp/\libhal_bsp.a(altera_avalon_jtag_uart_read.o)
                              ../tetris_display_driver_bsp/\libhal_bsp.a(altera_avalon_jtag_uart_fd.o) (altera_avalon_jtag_uart_read)
../tetris_display_driver_bsp/\libhal_bsp.a(altera_avalon_jtag_uart_write.o)
                              ../tetris_display_driver_bsp/\libhal_bsp.a(altera_avalon_jtag_uart_fd.o) (altera_avalon_jtag_uart_write)
../tetris_display_driver_bsp/\libhal_bsp.a(altera_avalon_spi.o)
                              obj/default/tetris.o (alt_avalon_spi_command)
../tetris_display_driver_bsp/\libhal_bsp.a(altera_avalon_timer_sc.o)
                              ../tetris_display_driver_bsp/\libhal_bsp.a(alt_sys_init.o) (alt_avalon_timer_sc_init)
../tetris_display_driver_bsp/\libhal_bsp.a(alt_alarm_start.o)
                              ../tetris_display_driver_bsp/\libhal_bsp.a(altera_avalon_jtag_uart_init.o) (alt_alarm_start)
../tetris_display_driver_bsp/\libhal_bsp.a(alt_busy_sleep.o)
                              ../tetris_display_driver_bsp/\libhal_bsp.a(alt_usleep.o) (alt_busy_sleep)
../tetris_display_driver_bsp/\libhal_bsp.a(alt_close.o)
                              ../tetris_display_driver_bsp/\libhal_bsp.a(alt_main.o) (close)
../tetris_display_driver_bsp/\libhal_bsp.a(alt_dcache_flush_all.o)
                              ../tetris_display_driver_bsp/\libhal_bsp.a(alt_load.o) (alt_dcache_flush_all)
../tetris_display_driver_bsp/\libhal_bsp.a(alt_dev.o)
                              ../tetris_display_driver_bsp/\libhal_bsp.a(alt_sys_init.o) (alt_dev_list)
../tetris_display_driver_bsp/\libhal_bsp.a(alt_dev_llist_insert.o)
                              ../tetris_display_driver_bsp/\libhal_bsp.a(alt_sys_init.o) (alt_dev_llist_insert)
../tetris_display_driver_bsp/\libhal_bsp.a(alt_do_ctors.o)
                              ../tetris_display_driver_bsp/\libhal_bsp.a(alt_main.o) (_do_ctors)
../tetris_display_driver_bsp/\libhal_bsp.a(alt_do_dtors.o)
                              ../tetris_display_driver_bsp/\libhal_bsp.a(alt_main.o) (_do_dtors)
../tetris_display_driver_bsp/\libhal_bsp.a(alt_errno.o)
                              ../tetris_display_driver_bsp/\libhal_bsp.a(alt_close.o) (alt_errno)
../tetris_display_driver_bsp/\libhal_bsp.a(alt_icache_flush_all.o)
                              ../tetris_display_driver_bsp/\libhal_bsp.a(alt_load.o) (alt_icache_flush_all)
../tetris_display_driver_bsp/\libhal_bsp.a(alt_iic.o)
                              ../tetris_display_driver_bsp/\libhal_bsp.a(altera_avalon_jtag_uart_init.o) (alt_ic_isr_register)
../tetris_display_driver_bsp/\libhal_bsp.a(alt_iic_isr_register.o)
                              ../tetris_display_driver_bsp/\libhal_bsp.a(alt_iic.o) (alt_iic_isr_register)
../tetris_display_driver_bsp/\libhal_bsp.a(alt_io_redirect.o)
                              ../tetris_display_driver_bsp/\libhal_bsp.a(alt_main.o) (alt_io_redirect)
../tetris_display_driver_bsp/\libhal_bsp.a(alt_irq_entry.o)
                              ../tetris_display_driver_bsp/\libhal_bsp.a(alt_iic_isr_register.o) (alt_irq_entry)
../tetris_display_driver_bsp/\libhal_bsp.a(alt_irq_handler.o)
                              ../tetris_display_driver_bsp/\libhal_bsp.a(alt_iic_isr_register.o) (alt_irq)
../tetris_display_driver_bsp/\libhal_bsp.a(alt_irq_vars.o)
                              ../tetris_display_driver_bsp/\libhal_bsp.a(alt_iic.o) (alt_irq_active)
../tetris_display_driver_bsp/\libhal_bsp.a(alt_open.o)
                              ../tetris_display_driver_bsp/\libhal_bsp.a(alt_io_redirect.o) (open)
[...]
Memory Configuration

Name             Origin             Length             Attributes
reset            0x0000000000020000 0x0000000000000020
memory           0x0000000000020020 0x000000000001ffe0
*default*        0x0000000000000000 0xffffffffffffffff

Linker script and memory map

LOAD ../tetris_display_driver_bsp//obj/HAL/src/crt0.o
LOAD obj/default/image.o
LOAD obj/default/tetris.o
LOAD c:/intelfpga_lite/18.1/nios2eds/bin/gnu/h-x86_64-mingw32/bin/../lib/gcc/nios2-elf/5.3.0/../../../../../H-x86_64-mingw32/nios2-elf/lib/mno-hw-mul\libstdc++.a
LOAD c:/intelfpga_lite/18.1/nios2eds/bin/gnu/h-x86_64-mingw32/bin/../lib/gcc/nios2-elf/5.3.0/../../../../../H-x86_64-mingw32/nios2-elf/lib/mno-hw-mul\libm.a
LOAD c:/intelfpga_lite/18.1/nios2eds/bin/gnu/h-x86_64-mingw32/bin/../lib/gcc/nios2-elf/5.3.0/mno-hw-mul\libgcc.a
START GROUP
LOAD c:/intelfpga_lite/18.1/nios2eds/bin/gnu/h-x86_64-mingw32/bin/../lib/gcc/nios2-elf/5.3.0/../../../../../H-x86_64-mingw32/nios2-elf/lib/mno-hw-mul\libc.a
LOAD c:/intelfpga_lite/18.1/nios2eds/bin/gnu/h-x86_64-mingw32/bin/../lib/gcc/nios2-elf/5.3.0/mno-hw-mul\libgcc.a
LOAD ../tetris_display_driver_bsp/\libhal_bsp.a
LOAD c:/intelfpga_lite/18.1/nios2eds/bin/gnu/h-x86_64-mingw32/bin/../lib/gcc/nios2-elf/5.3.0/../../../../../H-x86_64-mingw32/nios2-elf/lib/mno-hw-mul\libm.a
END GROUP
LOAD c:/intelfpga_lite/18.1/nios2eds/bin/gnu/h-x86_64-mingw32/bin/../lib/gcc/nios2-elf/5.3.0/mno-hw-mul\libgcc.a
                0x0000000000020000                __alt_mem_memory = 0x20000

.entry          0x0000000000020000       0x20
 *(.entry)
 .entry         0x0000000000020000       0x20 ../tetris_display_driver_bsp//obj/HAL/src/crt0.o
                0x0000000000020000                __reset

.exceptions     0x0000000000020020      0x210
                0x0000000000020020                PROVIDE (__ram_exceptions_start, ABSOLUTE (.))
                0x0000000000020020                . = ALIGN (0x20)
 *(.irq)
 *(.exceptions.entry.label)
 .exceptions.entry.label
                0x0000000000020020        0x0 ../tetris_display_driver_bsp/\libhal_bsp.a(alt_irq_entry.o)
                0x0000000000020020                alt_irq_entry
 .exceptions.entry.label
                0x0000000000020020        0x0 ../tetris_display_driver_bsp/\libhal_bsp.a(alt_exception_entry.o)
                0x0000000000020020                alt_exception
 *(.exceptions.entry.user)
 *(.exceptions.entry.ecc_fatal)
 *(.exceptions.entry)
 .exceptions.entry
                0x0000000000020020       0x54 ../tetris_display_driver_bsp/\libhal_bsp.a(alt_exception_entry.o)
 *(.exceptions.irqtest.user)
 *(.exceptions.irqtest)
 .exceptions.irqtest
                0x0000000000020074       0x10 ../tetris_display_driver_bsp/\libhal_bsp.a(alt_irq_entry.o)
 *(.exceptions.irqhandler.user)
 *(.exceptions.irqhandler)
 .exceptions.irqhandler
                0x0000000000020084        0x4 ../tetris_display_driver_bsp/\libhal_bsp.a(alt_irq_entry.o)
 *(.exceptions.irqreturn.user)
 *(.exceptions.irqreturn)
 .exceptions.irqreturn
                0x0000000000020088        0x4 ../tetris_display_driver_bsp/\libhal_bsp.a(alt_irq_entry.o)
 *(.exceptions.notirq.label)
 .exceptions.notirq.label
                0x000000000002008c        0x0 ../tetris_display_driver_bsp/\libhal_bsp.a(alt_irq_entry.o)
 *(.exceptions.notirq.user)
 *(.exceptions.notirq)
 .exceptions.notirq
                0x000000000002008c        0x8 ../tetris_display_driver_bsp/\libhal_bsp.a(alt_exception_entry.o)
 *(.exceptions.soft.user)
 *(.exceptions.soft)
 *(.exceptions.unknown.user)
 *(.exceptions.unknown)
 .exceptions.unknown
                0x0000000000020094       0x14 ../tetris_display_driver_bsp/\libhal_bsp.a(alt_exception_entry.o)
 *(.exceptions.exit.label)
 .exceptions.exit.label
                0x00000000000200a8        0x0 ../tetris_display_driver_bsp/\libhal_bsp.a(alt_irq_entry.o)
 .exceptions.exit.label
                0x00000000000200a8        0x0 ../tetris_display_driver_bsp/\libhal_bsp.a(alt_exception_entry.o)
 *(.exceptions.exit.user)
 *(.exceptions.exit)
 .exceptions.exit
                0x00000000000200a8       0x54 ../tetris_display_driver_bsp/\libhal_bsp.a(alt_exception_entry.o)
 *(.exceptions)
 .exceptions    0x00000000000200fc       0xd4 ../tetris_display_driver_bsp/\libhal_bsp.a(alt_irq_handler.o)
                0x00000000000200fc                alt_irq_handler
 .exceptions    0x00000000000201d0       0x60 ../tetris_display_driver_bsp/\libhal_bsp.a(alt_instruction_exception_entry.o)
                0x00000000000201d0                alt_instruction_exception_entry
                0x0000000000020230                PROVIDE (__ram_exceptions_end, ABSOLUTE (.))
                0x0000000000020020                PROVIDE (__flash_exceptions_start, LOADADDR (.exceptions))

.text           0x0000000000020230     0x30f0
                [!provide]                        PROVIDE (stext, ABSOLUTE (.))
 *(.interp)
 *(.hash)
 *(.dynsym)
 *(.dynstr)
 *(.gnu.version)
 *(.gnu.version_d)
 *(.gnu.version_r)
 *(.rel.init)
 *(.rela.init)
 *(.rel.text .rel.text.* .rel.gnu.linkonce.t.*)
 *(.rela.text .rela.text.* .rela.gnu.linkonce.t.*)
 *(.rel.fini)
 *(.rela.fini)
 *(.rel.rodata .rel.rodata.* .rel.gnu.linkonce.r.*)
 *(.rela.rodata .rela.rodata.* .rela.gnu.linkonce.r.*)
 *(.rel.data .rel.data.* .rel.gnu.linkonce.d.*)
 *(.rela.data .rela.data.* .rela.gnu.linkonce.d.*)
 *(.rel.tdata .rel.tdata.* .rel.gnu.linkonce.td.*)
 *(.rela.tdata .rela.tdata.* .rela.gnu.linkonce.td.*)
 *(.rel.tbss .rel.tbss.* .rel.gnu.linkonce.tb.*)
 *(.rela.tbss .rela.tbss.* .rela.gnu.linkonce.tb.*)
 *(.rel.ctors)
 *(.rela.ctors)
 *(.rel.dtors)
 *(.rela.dtors)
 *(.rel.got)
 *(.rela.got)
 *(.rel.sdata .rel.sdata.* .rel.gnu.linkonce.s.*)
 *(.rela.sdata .rela.sdata.* .rela.gnu.linkonce.s.*)
 *(.rel.sbss .rel.sbss.* .rel.gnu.linkonce.sb.*)
 *(.rela.sbss .rela.sbss.* .rela.gnu.linkonce.sb.*)
 *(.rel.sdata2 .rel.sdata2.* .rel.gnu.linkonce.s2.*)
 *(.rela.sdata2 .rela.sdata2.* .rela.gnu.linkonce.s2.*)
 *(.rel.sbss2 .rel.sbss2.* .rel.gnu.linkonce.sb2.*)
 *(.rela.sbss2 .rela.sbss2.* .rela.gnu.linkonce.sb2.*)
 *(.rel.bss .rel.bss.* .rel.gnu.linkonce.b.*)
 *(.rela.bss .rela.bss.* .rela.gnu.linkonce.b.*)
 *(.rel.plt)
 *(.rela.plt)
 *(.rel.dyn)
 *(.init)
 *(.plt)
 *(.text .stub .text.* .gnu.linkonce.t.*)
 .text          0x0000000000020230       0x3c ../tetris_display_driver_bsp//obj/HAL/src/crt0.o
                0x0000000000020230                _start
 .text          0x000000000002026c        0x0 obj/default/image.o
 .text          0x000000000002026c      0x838 obj/default/tetris.o
                0x000000000002026c                main
                0x000000000002095c                lcdWrite
                0x0000000000020a04                lcdWriteBulk
                0x0000000000020a78                get_adc_value
 .text          0x0000000000020aa4       0x28 c:/intelfpga_lite/18.1/nios2eds/bin/gnu/h-x86_64-mingw32/bin/../lib/gcc/nios2-elf/5.3.0/mno-hw-mul\libgcc.a(lib2-mul.o)
                0x0000000000020aa4                __mulsi3
 .text          0x0000000000020acc       0xec ../tetris_display_driver_bsp/\libhal_bsp.a(alt_load.o)
                0x0000000000020b34                alt_load
 .text          0x0000000000020bb8       0x7c ../tetris_display_driver_bsp/\libhal_bsp.a(alt_main.o)
                0x0000000000020bb8                alt_main
 .text          0x0000000000020c34       0x30 ../tetris_display_driver_bsp/\libhal_bsp.a(alt_usleep.o)
                0x0000000000020c34                usleep
 .text          0x0000000000020c64       0xd0 ../tetris_display_driver_bsp/\libhal_bsp.a(alt_sys_init.o)
                0x0000000000020c98                alt_irq_init
                0x0000000000020cd0                alt_sys_init
 .text          0x0000000000020d34      0x164 ../tetris_display_driver_bsp/\libhal_bsp.a(altera_avalon_jtag_uart_fd.o)
                0x0000000000020d34                altera_avalon_jtag_uart_read_fd
                0x0000000000020d94                altera_avalon_jtag_uart_write_fd
                0x0000000000020df4                altera_avalon_jtag_uart_close_fd
                0x0000000000020e44                altera_avalon_jtag_uart_ioctl_fd
 .text          0x0000000000020e98      0x3d4 ../tetris_display_driver_bsp/\libhal_bsp.a(altera_avalon_jtag_uart_init.o)
                0x0000000000020e98                altera_avalon_jtag_uart_init
                0x0000000000021204                altera_avalon_jtag_uart_close
 .text          0x000000000002126c       0xf0 ../tetris_display_driver_bsp/\libhal_bsp.a(altera_avalon_jtag_uart_ioctl.o)
                0x000000000002126c                altera_avalon_jtag_uart_ioctl
 .text          0x000000000002135c      0x21c ../tetris_display_driver_bsp/\libhal_bsp.a(altera_avalon_jtag_uart_read.o)
                0x000000000002135c                altera_avalon_jtag_uart_read
 .text          0x0000000000021578      0x224 ../tetris_display_driver_bsp/\libhal_bsp.a(altera_avalon_jtag_uart_write.o)
                0x0000000000021578                altera_avalon_jtag_uart_write
 .text          0x000000000002179c      0x1fc ../tetris_display_driver_bsp/\libhal_bsp.a(altera_avalon_spi.o)
                0x000000000002179c                alt_avalon_spi_command
 .text          0x0000000000021998       0xf4 ../tetris_display_driver_bsp/\libhal_bsp.a(altera_avalon_timer_sc.o)
                0x0000000000021a10                alt_avalon_timer_sc_init
 .text          0x0000000000021a8c      0x12c ../tetris_display_driver_bsp/\libhal_bsp.a(alt_alarm_start.o)
                0x0000000000021a8c                alt_alarm_start
 .text          0x0000000000021bb8      0x158 ../tetris_display_driver_bsp/\libhal_bsp.a(alt_busy_sleep.o)
                0x0000000000021bb8                alt_busy_sleep
 .text          0x0000000000021d10      0x114 ../tetris_display_driver_bsp/\libhal_bsp.a(alt_close.o)
                0x0000000000021d4c                close
 .text          0x0000000000021e24       0x20 ../tetris_display_driver_bsp/\libhal_bsp.a(alt_dcache_flush_all.o)
                0x0000000000021e24                alt_dcache_flush_all
 .text          0x0000000000021e44       0x2c ../tetris_display_driver_bsp/\libhal_bsp.a(alt_dev.o)
 .text          0x0000000000021e70       0xe0 ../tetris_display_driver_bsp/\libhal_bsp.a(alt_dev_llist_insert.o)
                0x0000000000021eac                alt_dev_llist_insert
 .text          0x0000000000021f50       0x60 ../tetris_display_driver_bsp/\libhal_bsp.a(alt_do_ctors.o)
                0x0000000000021f50                _do_ctors
 .text          0x0000000000021fb0       0x60 ../tetris_display_driver_bsp/\libhal_bsp.a(alt_do_dtors.o)
                0x0000000000021fb0                _do_dtors
 .text          0x0000000000022010        0x0 ../tetris_display_driver_bsp/\libhal_bsp.a(alt_errno.o)
 .text          0x0000000000022010       0x20 ../tetris_display_driver_bsp/\libhal_bsp.a(alt_icache_flush_all.o)
                0x0000000000022010                alt_icache_flush_all
 .text          0x0000000000022030      0x1b0 ../tetris_display_driver_bsp/\libhal_bsp.a(alt_iic.o)
                0x0000000000022030                alt_ic_isr_register
                0x0000000000022080                alt_ic_irq_enable
                0x0000000000022108                alt_ic_irq_disable
                0x0000000000022194                alt_ic_irq_enabled
 .text          0x00000000000221e0       0xf0 ../tetris_display_driver_bsp/\libhal_bsp.a(alt_iic_isr_register.o)
                0x00000000000221e0                alt_iic_isr_register
 .text          0x00000000000222d0      0x160 ../tetris_display_driver_bsp/\libhal_bsp.a(alt_io_redirect.o)
                0x00000000000223b4                alt_io_redirect
 .text          0x0000000000022430        0x0 ../tetris_display_driver_bsp/\libhal_bsp.a(alt_irq_entry.o)
 .text          0x0000000000022430        0x0 ../tetris_display_driver_bsp/\libhal_bsp.a(alt_irq_handler.o)
 .text          0x0000000000022430        0x0 ../tetris_display_driver_bsp/\libhal_bsp.a(alt_irq_vars.o)
 .text          0x0000000000022430      0x284 ../tetris_display_driver_bsp/\libhal_bsp.a(alt_open.o)
                0x0000000000022558                open
 .text          0x00000000000226b4       0x84 ../tetris_display_driver_bsp/\libhal_bsp.a(alt_release_fd.o)
                0x00000000000226b4                alt_release_fd
 .text          0x0000000000022738      0x1a4 ../tetris_display_driver_bsp/\libhal_bsp.a(alt_tick.o)
                0x0000000000022738                alt_alarm_stop
                0x00000000000227d4                alt_tick
 .text          0x00000000000228dc       0x24 ../tetris_display_driver_bsp/\libhal_bsp.a(altera_nios2_gen2_irq.o)
                0x00000000000228dc                altera_nios2_gen2_irq_init
 .text          0x0000000000022900        0x0 ../tetris_display_driver_bsp/\libhal_bsp.a(alt_exception_entry.o)
 .text          0x0000000000022900       0x90 ../tetris_display_driver_bsp/\libhal_bsp.a(alt_find_dev.o)
                0x0000000000022900                alt_find_dev
 .text          0x0000000000022990      0x108 ../tetris_display_driver_bsp/\libhal_bsp.a(alt_find_file.o)
                0x0000000000022990                alt_find_file
 .text          0x0000000000022a98       0xc4 ../tetris_display_driver_bsp/\libhal_bsp.a(alt_get_fd.o)
                0x0000000000022a98                alt_get_fd
 .text          0x0000000000022b5c       0x9c ../tetris_display_driver_bsp/\libhal_bsp.a(alt_instruction_exception_entry.o)
                0x0000000000022b5c                alt_exception_cause_generated_bad_addr
 .text          0x0000000000022bf8        0x0 c:/intelfpga_lite/18.1/nios2eds/bin/gnu/h-x86_64-mingw32/bin/../lib/gcc/nios2-elf/5.3.0/../../../../../H-x86_64-mingw32/nios2-elf/lib/mno-hw-mul\libc.a(lib_a-atexit.o)
 .text.atexit   0x0000000000022bf8       0x14 c:/intelfpga_lite/18.1/nios2eds/bin/gnu/h-x86_64-mingw32/bin/../lib/gcc/nios2-elf/5.3.0/../../../../../H-x86_64-mingw32/nios2-elf/lib/mno-hw-mul\libc.a(lib_a-atexit.o)
                0x0000000000022bf8                atexit
 .text          0x0000000000022c0c        0x0 c:/intelfpga_lite/18.1/nios2eds/bin/gnu/h-x86_64-mingw32/bin/../lib/gcc/nios2-elf/5.3.0/../../../../../H-x86_64-mingw32/nios2-elf/lib/mno-hw-mul\libc.a(lib_a-exit.o)
 .text.exit     0x0000000000022c0c       0x38 c:/intelfpga_lite/18.1/nios2eds/bin/gnu/h-x86_64-mingw32/bin/../lib/gcc/nios2-elf/5.3.0/../../../../../H-x86_64-mingw32/nios2-elf/lib/mno-hw-mul\libc.a(lib_a-exit.o)
                0x0000000000022c0c                exit
 .text          0x0000000000022c44        0x0 c:/intelfpga_lite/18.1/nios2eds/bin/gnu/h-x86_64-mingw32/bin/../lib/gcc/nios2-elf/5.3.0/../../../../../H-x86_64-mingw32/nios2-elf/lib/mno-hw-mul\libc.a(lib_a-impure.o)
 .text          0x0000000000022c44        0x0 c:/intelfpga_lite/18.1/nios2eds/bin/gnu/h-x86_64-mingw32/bin/../lib/gcc/nios2-elf/5.3.0/../../../../../H-x86_64-mingw32/nios2-elf/lib/mno-hw-mul\libc.a(lib_a-int_errno.o)
 .text          0x0000000000022c44        0x0 c:/intelfpga_lite/18.1/nios2eds/bin/gnu/h-x86_64-mingw32/bin/../lib/gcc/nios2-elf/5.3.0/../../../../../H-x86_64-mingw32/nios2-elf/lib/mno-hw-mul\libc.a(lib_a-memcmp.o)
 .text.memcmp   0x0000000000022c44       0x7c c:/intelfpga_lite/18.1/nios2eds/bin/gnu/h-x86_64-mingw32/bin/../lib/gcc/nios2-elf/5.3.0/../../../../../H-x86_64-mingw32/nios2-elf/lib/mno-hw-mul\libc.a(lib_a-memcmp.o)
                0x0000000000022c44                memcmp
 .text          0x0000000000022cc0        0x0 c:/intelfpga_lite/18.1/nios2eds/bin/gnu/h-x86_64-mingw32/bin/../lib/gcc/nios2-elf/5.3.0/../../../../../H-x86_64-mingw32/nios2-elf/lib/mno-hw-mul\libc.a(lib_a-memcpy.o)
 .text.memcpy   0x0000000000022cc0      0x148 c:/intelfpga_lite/18.1/nios2eds/bin/gnu/h-x86_64-mingw32/bin/../lib/gcc/nios2-elf/5.3.0/../../../../../H-x86_64-mingw32/nios2-elf/lib/mno-hw-mul\libc.a(lib_a-memcpy.o)
                0x0000000000022cc0                memcpy
 .text          0x0000000000022e08        0x0 c:/intelfpga_lite/18.1/nios2eds/bin/gnu/h-x86_64-mingw32/bin/../lib/gcc/nios2-elf/5.3.0/../../../../../H-x86_64-mingw32/nios2-elf/lib/mno-hw-mul\libc.a(lib_a-strlen.o)
 .text.strlen   0x0000000000022e08       0x98 c:/intelfpga_lite/18.1/nios2eds/bin/gnu/h-x86_64-mingw32/bin/../lib/gcc/nios2-elf/5.3.0/../../../../../H-x86_64-mingw32/nios2-elf/lib/mno-hw-mul\libc.a(lib_a-strlen.o)
                0x0000000000022e08                strlen
 .text          0x0000000000022ea0        0x0 c:/intelfpga_lite/18.1/nios2eds/bin/gnu/h-x86_64-mingw32/bin/../lib/gcc/nios2-elf/5.3.0/../../../../../H-x86_64-mingw32/nios2-elf/lib/mno-hw-mul\libc.a(lib_a-__atexit.o)
 .text.__register_exitproc
                0x0000000000022ea0      0x118 c:/intelfpga_lite/18.1/nios2eds/bin/gnu/h-x86_64-mingw32/bin/../lib/gcc/nios2-elf/5.3.0/../../../../../H-x86_64-mingw32/nios2-elf/lib/mno-hw-mul\libc.a(lib_a-__atexit.o)
                0x0000000000022ea0                __register_exitproc
 .text          0x0000000000022fb8        0x0 c:/intelfpga_lite/18.1/nios2eds/bin/gnu/h-x86_64-mingw32/bin/../lib/gcc/nios2-elf/5.3.0/../../../../../H-x86_64-mingw32/nios2-elf/lib/mno-hw-mul\libc.a(lib_a-__call_atexit.o)
 .text.__call_exitprocs
                0x0000000000022fb8      0x180 c:/intelfpga_lite/18.1/nios2eds/bin/gnu/h-x86_64-mingw32/bin/../lib/gcc/nios2-elf/5.3.0/../../../../../H-x86_64-mingw32/nios2-elf/lib/mno-hw-mul\libc.a(lib_a-__call_atexit.o)
                0x0000000000022fb8                __call_exitprocs
 .text          0x0000000000023138      0x1b4 c:/intelfpga_lite/18.1/nios2eds/bin/gnu/h-x86_64-mingw32/bin/../lib/gcc/nios2-elf/5.3.0/mno-hw-mul\libgcc.a(lib2-divmod.o)
                0x0000000000023138                __divsi3
                0x00000000000231bc                __modsi3
                0x0000000000023230                __udivsi3
                0x0000000000023294                __umodsi3
 .text          0x00000000000232ec       0x34 ../tetris_display_driver_bsp/\libhal_bsp.a(alt_exit.o)
                0x00000000000232ec                _exit
 *(.gnu.warning.*)
 *(.fini)
                [!provide]                        PROVIDE (__etext, ABSOLUTE (.))
                [!provide]                        PROVIDE (_etext, ABSOLUTE (.))
                [!provide]                        PROVIDE (etext, ABSOLUTE (.))
 *(.eh_frame_hdr)
                0x0000000000023320                . = ALIGN (0x4)
                [!provide]                        PROVIDE (__preinit_array_start, ABSOLUTE (.))
 *(.preinit_array)
                [!provide]                        PROVIDE (__preinit_array_end, ABSOLUTE (.))
                [!provide]                        PROVIDE (__init_array_start, ABSOLUTE (.))
 *(.init_array)
                [!provide]                        PROVIDE (__init_array_end, ABSOLUTE (.))
                [!provide]                        PROVIDE (__fini_array_start, ABSOLUTE (.))
 *(.fini_array)
                [!provide]                        PROVIDE (__fini_array_end, ABSOLUTE (.))
 *(.eh_frame)
 *(.gcc_except_table .gcc_except_table.*)
 *(.dynamic)
                0x0000000000023320                PROVIDE (__CTOR_LIST__, ABSOLUTE (.))
 *(.ctors)
 *(SORT(.ctors.*))
                0x0000000000023320                PROVIDE (__CTOR_END__, ABSOLUTE (.))
                0x0000000000023320                PROVIDE (__DTOR_LIST__, ABSOLUTE (.))
 *(.dtors)
 *(SORT(.dtors.*))
                0x0000000000023320                PROVIDE (__DTOR_END__, ABSOLUTE (.))
 *(.jcr)
                0x0000000000023320                . = ALIGN (0x4)

.rodata         0x0000000000023320       0x30
                0x0000000000023320                PROVIDE (__ram_rodata_start, ABSOLUTE (.))
                0x0000000000023320                . = ALIGN (0x4)
 *(.rodata .rodata.* .gnu.linkonce.r.*)
 .rodata        0x0000000000023320        0xf ../tetris_display_driver_bsp/\libhal_bsp.a(alt_main.o)
 *fill*         0x000000000002332f        0x1 
 .rodata        0x0000000000023330        0xf ../tetris_display_driver_bsp/\libhal_bsp.a(alt_sys_init.o)
 *fill*         0x000000000002333f        0x1 
 .rodata        0x0000000000023340        0xa ../tetris_display_driver_bsp/\libhal_bsp.a(alt_dev.o)
 *fill*         0x000000000002334a        0x2 
 .rodata.str1.4
                0x000000000002334c        0x4 c:/intelfpga_lite/18.1/nios2eds/bin/gnu/h-x86_64-mingw32/bin/../lib/gcc/nios2-elf/5.3.0/../../../../../H-x86_64-mingw32/nios2-elf/lib/mno-hw-mul\libc.a(lib_a-impure.o)
                                          0x2 (size before relaxing)
 *(.rodata1)
                0x0000000000023350                . = ALIGN (0x4)
                0x0000000000023350                PROVIDE (__ram_rodata_end, ABSOLUTE (.))
                0x0000000000023320                PROVIDE (__flash_rodata_start, LOADADDR (.rodata))

.rwdata         0x0000000000023350     0x9658 load address 0x000000000002c9a8
                0x0000000000023350                PROVIDE (__ram_rwdata_start, ABSOLUTE (.))
                0x0000000000023350                . = ALIGN (0x4)
 *(.got.plt)
 *(.got)
 *(.data1)
 *(.data .data.* .gnu.linkonce.d.*)
 .data          0x0000000000023350        0x0 ../tetris_display_driver_bsp//obj/HAL/src/crt0.o
 .data          0x0000000000023350     0x8000 obj/default/image.o
                0x0000000000023350                image_splash
 .data          0x000000000002b350        0x0 obj/default/tetris.o
 .data          0x000000000002b350        0x0 c:/intelfpga_lite/18.1/nios2eds/bin/gnu/h-x86_64-mingw32/bin/../lib/gcc/nios2-elf/5.3.0/mno-hw-mul\libgcc.a(lib2-mul.o)
 .data          0x000000000002b350        0x0 ../tetris_display_driver_bsp/\libhal_bsp.a(alt_load.o)
 .data          0x000000000002b350        0x0 ../tetris_display_driver_bsp/\libhal_bsp.a(alt_main.o)
 .data          0x000000000002b350        0x0 ../tetris_display_driver_bsp/\libhal_bsp.a(alt_usleep.o)
 .data          0x000000000002b350     0x1060 ../tetris_display_driver_bsp/\libhal_bsp.a(alt_sys_init.o)
 .data          0x000000000002c3b0        0x0 ../tetris_display_driver_bsp/\libhal_bsp.a(altera_avalon_jtag_uart_fd.o)
 .data          0x000000000002c3b0        0x0 ../tetris_display_driver_bsp/\libhal_bsp.a(altera_avalon_jtag_uart_init.o)
 .data          0x000000000002c3b0        0x0 ../tetris_display_driver_bsp/\libhal_bsp.a(altera_avalon_jtag_uart_ioctl.o)
 .data          0x000000000002c3b0        0x0 ../tetris_display_driver_bsp/\libhal_bsp.a(altera_avalon_jtag_uart_read.o)
 .data          0x000000000002c3b0        0x0 ../tetris_display_driver_bsp/\libhal_bsp.a(altera_avalon_jtag_uart_write.o)
 .data          0x000000000002c3b0        0x0 ../tetris_display_driver_bsp/\libhal_bsp.a(altera_avalon_spi.o)
 .data          0x000000000002c3b0        0x0 ../tetris_display_driver_bsp/\libhal_bsp.a(altera_avalon_timer_sc.o)
 .data          0x000000000002c3b0        0x0 ../tetris_display_driver_bsp/\libhal_bsp.a(alt_alarm_start.o)
 .data          0x000000000002c3b0        0x0 ../tetris_display_driver_bsp/\libhal_bsp.a(alt_busy_sleep.o)
 .data          0x000000000002c3b0        0x0 ../tetris_display_driver_bsp/\libhal_bsp.a(alt_close.o)
 .data          0x000000000002c3b0        0x0 ../tetris_display_driver_bsp/\libhal_bsp.a(alt_dcache_flush_all.o)
 .data          0x000000000002c3b0      0x1a8 ../tetris_display_driver_bsp/\libhal_bsp.a(alt_dev.o)
                0x000000000002c3b0                alt_dev_null
                0x000000000002c3d8                alt_fd_list
 .data          0x000000000002c558        0x0 ../tetris_display_driver_bsp/\libhal_bsp.a(alt_dev_llist_insert.o)
 .data          0x000000000002c558        0x0 ../tetris_display_driver_bsp/\libhal_bsp.a(alt_do_ctors.o)
 .data          0x000000000002c558        0x0 ../tetris_display_driver_bsp/\libhal_bsp.a(alt_do_dtors.o)
 .data          0x000000000002c558        0x0 ../tetris_display_driver_bsp/\libhal_bsp.a(alt_errno.o)
 .data          0x000000000002c558        0x0 ../tetris_display_driver_bsp/\libhal_bsp.a(alt_icache_flush_all.o)
 .data          0x000000000002c558        0x0 ../tetris_display_driver_bsp/\libhal_bsp.a(alt_iic.o)
 .data          0x000000000002c558        0x0 ../tetris_display_driver_bsp/\libhal_bsp.a(alt_iic_isr_register.o)
 .data          0x000000000002c558        0x0 ../tetris_display_driver_bsp/\libhal_bsp.a(alt_io_redirect.o)
 .data          0x000000000002c558        0x0 ../tetris_display_driver_bsp/\libhal_bsp.a(alt_irq_entry.o)
 .data          0x000000000002c558        0x0 ../tetris_display_driver_bsp/\libhal_bsp.a(alt_irq_handler.o)
 .data          0x000000000002c558        0x0 ../tetris_display_driver_bsp/\libhal_bsp.a(alt_irq_vars.o)
 .data          0x000000000002c558        0x0 ../tetris_display_driver_bsp/\libhal_bsp.a(alt_open.o)
 .data          0x000000000002c558        0x0 ../tetris_display_driver_bsp/\libhal_bsp.a(alt_release_fd.o)
 .data          0x000000000002c558        0x0 ../tetris_display_driver_bsp/\libhal_bsp.a(alt_tick.o)
 .data          0x000000000002c558        0x0 ../tetris_display_driver_bsp/\libhal_bsp.a(altera_nios2_gen2_irq.o)
 .data          0x000000000002c558        0x0 ../tetris_display_driver_bsp/\libhal_bsp.a(alt_exception_entry.o)
 .data          0x000000000002c558        0x0 ../tetris_display_driver_bsp/\libhal_bsp.a(alt_find_dev.o)
 .data          0x000000000002c558        0x0 ../tetris_display_driver_bsp/\libhal_bsp.a(alt_find_file.o)
 .data          0x000000000002c558        0x0 ../tetris_display_driver_bsp/\libhal_bsp.a(alt_get_fd.o)
 .data          0x000000000002c558        0x0 ../tetris_display_driver_bsp/\libhal_bsp.a(alt_instruction_exception_entry.o)
 .data          0x000000000002c558        0x0 c:/intelfpga_lite/18.1/nios2eds/bin/gnu/h-x86_64-mingw32/bin/../lib/gcc/nios2-elf/5.3.0/../../../../../H-x86_64-mingw32/nios2-elf/lib/mno-hw-mul\libc.a(lib_a-atexit.o)
 .data          0x000000000002c558        0x0 c:/intelfpga_lite/18.1/nios2eds/bin/gnu/h-x86_64-mingw32/bin/../lib/gcc/nios2-elf/5.3.0/../../../../../H-x86_64-mingw32/nios2-elf/lib/mno-hw-mul\libc.a(lib_a-exit.o)
 .data          0x000000000002c558        0x0 c:/intelfpga_lite/18.1/nios2eds/bin/gnu/h-x86_64-mingw32/bin/../lib/gcc/nios2-elf/5.3.0/../../../../../H-x86_64-mingw32/nios2-elf/lib/mno-hw-mul\libc.a(lib_a-impure.o)
 .data.impure_data
                0x000000000002c558      0x424 c:/intelfpga_lite/18.1/nios2eds/bin/gnu/h-x86_64-mingw32/bin/../lib/gcc/nios2-elf/5.3.0/../../../../../H-x86_64-mingw32/nios2-elf/lib/mno-hw-mul\libc.a(lib_a-impure.o)
 .data          0x000000000002c97c        0x0 c:/intelfpga_lite/18.1/nios2eds/bin/gnu/h-x86_64-mingw32/bin/../lib/gcc/nios2-elf/5.3.0/../../../../../H-x86_64-mingw32/nios2-elf/lib/mno-hw-mul\libc.a(lib_a-int_errno.o)
 .data          0x000000000002c97c        0x0 c:/intelfpga_lite/18.1/nios2eds/bin/gnu/h-x86_64-mingw32/bin/../lib/gcc/nios2-elf/5.3.0/../../../../../H-x86_64-mingw32/nios2-elf/lib/mno-hw-mul\libc.a(lib_a-memcmp.o)
 .data          0x000000000002c97c        0x0 c:/intelfpga_lite/18.1/nios2eds/bin/gnu/h-x86_64-mingw32/bin/../lib/gcc/nios2-elf/5.3.0/../../../../../H-x86_64-mingw32/nios2-elf/lib/mno-hw-mul\libc.a(lib_a-memcpy.o)
 .data          0x000000000002c97c        0x0 c:/intelfpga_lite/18.1/nios2eds/bin/gnu/h-x86_64-mingw32/bin/../lib/gcc/nios2-elf/5.3.0/../../../../../H-x86_64-mingw32/nios2-elf/lib/mno-hw-mul\libc.a(lib_a-strlen.o)
 .data          0x000000000002c97c        0x0 c:/intelfpga_lite/18.1/nios2eds/bin/gnu/h-x86_64-mingw32/bin/../lib/gcc/nios2-elf/5.3.0/../../../../../H-x86_64-mingw32/nios2-elf/lib/mno-hw-mul\libc.a(lib_a-__atexit.o)
 .data          0x000000000002c97c        0x0 c:/intelfpga_lite/18.1/nios2eds/bin/gnu/h-x86_64-mingw32/bin/../lib/gcc/nios2-elf/5.3.0/../../../../../H-x86_64-mingw32/nios2-elf/lib/mno-hw-mul\libc.a(lib_a-__call_atexit.o)
 .data          0x000000000002c97c        0x0 c:/intelfpga_lite/18.1/nios2eds/bin/gnu/h-x86_64-mingw32/bin/../lib/gcc/nios2-elf/5.3.0/mno-hw-mul\libgcc.a(lib2-divmod.o)
 .data          0x000000000002c97c        0x0 ../tetris_display_driver_bsp/\libhal_bsp.a(alt_exit.o)
                0x000000000003497c                _gp = ABSOLUTE ((. + 0x8000))
                [!provide]                        PROVIDE (gp, _gp)
 *(.rwdata .rwdata.*)
 *(.sdata .sdata.* .gnu.linkonce.s.*)
 .sdata         0x000000000002c97c       0x14 ../tetris_display_driver_bsp/\libhal_bsp.a(alt_dev.o)
                0x000000000002c97c                alt_fs_list
                0x000000000002c984                alt_dev_list
                0x000000000002c98c                alt_max_fd
 .sdata         0x000000000002c990        0x4 ../tetris_display_driver_bsp/\libhal_bsp.a(alt_errno.o)
                0x000000000002c990                alt_errno
 .sdata         0x000000000002c994        0x4 ../tetris_display_driver_bsp/\libhal_bsp.a(alt_irq_vars.o)
                0x000000000002c994                alt_priority_mask
 .sdata         0x000000000002c998        0x8 ../tetris_display_driver_bsp/\libhal_bsp.a(alt_tick.o)
                0x000000000002c998                alt_alarm_list
 .sdata._global_impure_ptr
                0x000000000002c9a0        0x4 c:/intelfpga_lite/18.1/nios2eds/bin/gnu/h-x86_64-mingw32/bin/../lib/gcc/nios2-elf/5.3.0/../../../../../H-x86_64-mingw32/nios2-elf/lib/mno-hw-mul\libc.a(lib_a-impure.o)
                0x000000000002c9a0                _global_impure_ptr
 .sdata._impure_ptr
                0x000000000002c9a4        0x4 c:/intelfpga_lite/18.1/nios2eds/bin/gnu/h-x86_64-mingw32/bin/../lib/gcc/nios2-elf/5.3.0/../../../../../H-x86_64-mingw32/nios2-elf/lib/mno-hw-mul\libc.a(lib_a-impure.o)
                0x000000000002c9a4                _impure_ptr
 *(.sdata2 .sdata2.* .gnu.linkonce.s2.*)
                0x000000000002c9a8                . = ALIGN (0x4)
                0x000000000002c9a8                _edata = ABSOLUTE (.)
                [!provide]                        PROVIDE (edata, ABSOLUTE (.))
                0x000000000002c9a8                PROVIDE (__ram_rwdata_end, ABSOLUTE (.))
                0x000000000002c9a8                PROVIDE (__flash_rwdata_start, LOADADDR (.rwdata))

.bss            0x0000000000036000      0x120
                0x0000000000036000                __bss_start = ABSOLUTE (.)
                [!provide]                        PROVIDE (__sbss_start, ABSOLUTE (.))
                [!provide]                        PROVIDE (___sbss_start, ABSOLUTE (.))
 *(.dynsbss)
 *(.sbss .sbss.* .gnu.linkonce.sb.*)
 .sbss          0x0000000000036000        0xc ../tetris_display_driver_bsp/\libhal_bsp.a(alt_main.o)
                0x0000000000036000                alt_argc
                0x0000000000036004                alt_argv
                0x0000000000036008                alt_envp
 .sbss          0x000000000003600c        0x4 ../tetris_display_driver_bsp/\libhal_bsp.a(alt_irq_vars.o)
                0x000000000003600c                alt_irq_active
 .sbss          0x0000000000036010        0x8 ../tetris_display_driver_bsp/\libhal_bsp.a(alt_tick.o)
                0x0000000000036010                _alt_tick_rate
                0x0000000000036014                _alt_nticks
 .sbss          0x0000000000036018        0x4 ../tetris_display_driver_bsp/\libhal_bsp.a(alt_instruction_exception_entry.o)
                0x0000000000036018                alt_instruction_exception_handler
 .sbss          0x000000000003601c        0x4 c:/intelfpga_lite/18.1/nios2eds/bin/gnu/h-x86_64-mingw32/bin/../lib/gcc/nios2-elf/5.3.0/../../../../../H-x86_64-mingw32/nios2-elf/lib/mno-hw-mul\libc.a(lib_a-int_errno.o)
                0x000000000003601c                errno
 *(.sbss2 .sbss2.* .gnu.linkonce.sb2.*)
 *(.scommon)
                [!provide]                        PROVIDE (__sbss_end, ABSOLUTE (.))
                [!provide]                        PROVIDE (___sbss_end, ABSOLUTE (.))
 *(.dynbss)
 *(.bss .bss.* .gnu.linkonce.b.*)
 .bss           0x0000000000036020        0x0 ../tetris_display_driver_bsp//obj/HAL/src/crt0.o
 .bss           0x0000000000036020        0x0 obj/default/image.o
 .bss           0x0000000000036020        0x0 obj/default/tetris.o
 .bss           0x0000000000036020        0x0 c:/intelfpga_lite/18.1/nios2eds/bin/gnu/h-x86_64-mingw32/bin/../lib/gcc/nios2-elf/5.3.0/mno-hw-mul\libgcc.a(lib2-mul.o)
 .bss           0x0000000000036020        0x0 ../tetris_display_driver_bsp/\libhal_bsp.a(alt_load.o)
 .bss           0x0000000000036020        0x0 ../tetris_display_driver_bsp/\libhal_bsp.a(alt_main.o)
 .bss           0x0000000000036020        0x0 ../tetris_display_driver_bsp/\libhal_bsp.a(alt_usleep.o)
 .bss           0x0000000000036020        0x0 ../tetris_display_driver_bsp/\libhal_bsp.a(alt_sys_init.o)
 .bss           0x0000000000036020        0x0 ../tetris_display_driver_bsp/\libhal_bsp.a(altera_avalon_jtag_uart_fd.o)
 .bss           0x0000000000036020        0x0 ../tetris_display_driver_bsp/\libhal_bsp.a(altera_avalon_jtag_uart_init.o)
 .bss           0x0000000000036020        0x0 ../tetris_display_driver_bsp/\libhal_bsp.a(altera_avalon_jtag_uart_ioctl.o)
 .bss           0x0000000000036020        0x0 ../tetris_display_driver_bsp/\libhal_bsp.a(altera_avalon_jtag_uart_read.o)
 .bss           0x0000000000036020        0x0 ../tetris_display_driver_bsp/\libhal_bsp.a(altera_avalon_jtag_uart_write.o)
 .bss           0x0000000000036020        0x0 ../tetris_display_driver_bsp/\libhal_bsp.a(altera_avalon_spi.o)
 .bss           0x0000000000036020        0x0 ../tetris_display_driver_bsp/\libhal_bsp.a(altera_avalon_timer_sc.o)
 .bss           0x0000000000036020        0x0 ../tetris_display_driver_bsp/\libhal_bsp.a(alt_alarm_start.o)
 .bss           0x0000000000036020        0x0 ../tetris_display_driver_bsp/\libhal_bsp.a(alt_busy_sleep.o)
 .bss           0x0000000000036020        0x0 ../tetris_display_driver_bsp/\libhal_bsp.a(alt_close.o)
 .bss           0x0000000000036020        0x0 ../tetris_display_driver_bsp/\libhal_bsp.a(alt_dcache_flush_all.o)
 .bss           0x0000000000036020        0x0 ../tetris_display_driver_bsp/\libhal_bsp.a(alt_dev.o)
 .bss           0x0000000000036020        0x0 ../tetris_display_driver_bsp/\libhal_bsp.a(alt_dev_llist_insert.o)
 .bss           0x0000000000036020        0x0 ../tetris_display_driver_bsp/\libhal_bsp.a(alt_do_ctors.o)
 .bss           0x0000000000036020        0x0 ../tetris_display_driver_bsp/\libhal_bsp.a(alt_do_dtors.o)
 .bss           0x0000000000036020        0x0 ../tetris_display_driver_bsp/\libhal_bsp.a(alt_errno.o)
 .bss           0x0000000000036020        0x0 ../tetris_display_driver_bsp/\libhal_bsp.a(alt_icache_flush_all.o)
 .bss           0x0000000000036020        0x0 ../tetris_display_driver_bsp/\libhal_bsp.a(alt_iic.o)
 .bss           0x0000000000036020        0x0 ../tetris_display_driver_bsp/\libhal_bsp.a(alt_iic_isr_register.o)
 .bss           0x0000000000036020        0x0 ../tetris_display_driver_bsp/\libhal_bsp.a(alt_io_redirect.o)
 .bss           0x0000000000036020        0x0 ../tetris_display_driver_bsp/\libhal_bsp.a(alt_irq_entry.o)
 .bss           0x0000000000036020        0x0 ../tetris_display_driver_bsp/\libhal_bsp.a(alt_irq_handler.o)
 .bss           0x0000000000036020        0x0 ../tetris_display_driver_bsp/\libhal_bsp.a(alt_irq_vars.o)
 .bss           0x0000000000036020        0x0 ../tetris_display_driver_bsp/\libhal_bsp.a(alt_open.o)
 .bss           0x0000000000036020        0x0 ../tetris_display_driver_bsp/\libhal_bsp.a(alt_release_fd.o)
 .bss           0x0000000000036020        0x0 ../tetris_display_driver_bsp/\libhal_bsp.a(alt_tick.o)
 .bss           0x0000000000036020        0x0 ../tetris_display_driver_bsp/\libhal_bsp.a(altera_nios2_gen2_irq.o)
 .bss           0x0000000000036020        0x0 ../tetris_display_driver_bsp/\libhal_bsp.a(alt_exception_entry.o)
 .bss           0x0000000000036020        0x0 ../tetris_display_driver_bsp/\libhal_bsp.a(alt_find_dev.o)
 .bss           0x0000000000036020        0x0 ../tetris_display_driver_bsp/\libhal_bsp.a(alt_find_file.o)
 .bss           0x0000000000036020        0x0 ../tetris_display_driver_bsp/\libhal_bsp.a(alt_get_fd.o)
 .bss           0x0000000000036020        0x0 ../tetris_display_driver_bsp/\libhal_bsp.a(alt_instruction_exception_entry.o)
 .bss           0x0000000000036020        0x0 c:/intelfpga_lite/18.1/nios2eds/bin/gnu/h-x86_64-mingw32/bin/../lib/gcc/nios2-elf/5.3.0/../../../../../H-x86_64-mingw32/nios2-elf/lib/mno-hw-mul\libc.a(lib_a-atexit.o)
 .bss           0x0000000000036020        0x0 c:/intelfpga_lite/18.1/nios2eds/bin/gnu/h-x86_64-mingw32/bin/../lib/gcc/nios2-elf/5.3.0/../../../../../H-x86_64-mingw32/nios2-elf/lib/mno-hw-mul\libc.a(lib_a-exit.o)
 .bss           0x0000000000036020        0x0 c:/intelfpga_lite/18.1/nios2eds/bin/gnu/h-x86_64-mingw32/bin/../lib/gcc/nios2-elf/5.3.0/../../../../../H-x86_64-mingw32/nios2-elf/lib/mno-hw-mul\libc.a(lib_a-impure.o)
 .bss           0x0000000000036020        0x0 c:/intelfpga_lite/18.1/nios2eds/bin/gnu/h-x86_64-mingw32/bin/../lib/gcc/nios2-elf/5.3.0/../../../../../H-x86_64-mingw32/nios2-elf/lib/mno-hw-mul\libc.a(lib_a-int_errno.o)
 .bss           0x0000000000036020        0x0 c:/intelfpga_lite/18.1/nios2eds/bin/gnu/h-x86_64-mingw32/bin/../lib/gcc/nios2-elf/5.3.0/../../../../../H-x86_64-mingw32/nios2-elf/lib/mno-hw-mul\libc.a(lib_a-memcmp.o)
 .bss           0x0000000000036020        0x0 c:/intelfpga_lite/18.1/nios2eds/bin/gnu/h-x86_64-mingw32/bin/../lib/gcc/nios2-elf/5.3.0/../../../../../H-x86_64-mingw32/nios2-elf/lib/mno-hw-mul\libc.a(lib_a-memcpy.o)
 .bss           0x0000000000036020        0x0 c:/intelfpga_lite/18.1/nios2eds/bin/gnu/h-x86_64-mingw32/bin/../lib/gcc/nios2-elf/5.3.0/../../../../../H-x86_64-mingw32/nios2-elf/lib/mno-hw-mul\libc.a(lib_a-strlen.o)
 .bss           0x0000000000036020        0x0 c:/intelfpga_lite/18.1/nios2eds/bin/gnu/h-x86_64-mingw32/bin/../lib/gcc/nios2-elf/5.3.0/../../../../../H-x86_64-mingw32/nios2-elf/lib/mno-hw-mul\libc.a(lib_a-__atexit.o)
 .bss           0x0000000000036020        0x0 c:/intelfpga_lite/18.1/nios2eds/bin/gnu/h-x86_64-mingw32/bin/../lib/gcc/nios2-elf/5.3.0/../../../../../H-x86_64-mingw32/nios2-elf/lib/mno-hw-mul\libc.a(lib_a-__call_atexit.o)
 .bss           0x0000000000036020        0x0 c:/intelfpga_lite/18.1/nios2eds/bin/gnu/h-x86_64-mingw32/bin/../lib/gcc/nios2-elf/5.3.0/mno-hw-mul\libgcc.a(lib2-divmod.o)
 .bss           0x0000000000036020        0x0 ../tetris_display_driver_bsp/\libhal_bsp.a(alt_exit.o)
 *(COMMON)
 COMMON         0x0000000000036020      0x100 ../tetris_display_driver_bsp/\libhal_bsp.a(alt_irq_handler.o)
                0x0000000000036020                alt_irq
                0x0000000000036120                . = ALIGN (0x4)
                0x0000000000036120                __bss_end = ABSOLUTE (.)

.memory         0x0000000000036120        0x0
                [!provide]                        PROVIDE (_alt_partition_memory_start, ABSOLUTE (.))
 *(.memory .memory. memory.*)
                0x0000000000036120                . = ALIGN (0x4)
                [!provide]                        PROVIDE (_alt_partition_memory_end, ABSOLUTE (.))
                0x0000000000036120                _end = ABSOLUTE (.)
                0x0000000000036120                end = ABSOLUTE (.)
                0x0000000000036120                __alt_stack_base = ABSOLUTE (.)
                [!provide]                        PROVIDE (_alt_partition_memory_load_addr, LOADADDR (.memory))

.stab
 *(.stab)

.stabstr
 *(.stabstr)

.stab.excl
 *(.stab.excl)

.stab.exclstr
 *(.stab.exclstr)

.stab.index
 *(.stab.index)

.stab.indexstr
 *(.stab.indexstr)

.comment        0x0000000000000000       0x23
 *(.comment)
 .comment       0x0000000000000000       0x23 obj/default/image.o
                                         0x24 (size before relaxing)
 .comment       0x0000000000000023       0x24 obj/default/tetris.o
 .comment       0x0000000000000023       0x24 c:/intelfpga_lite/18.1/nios2eds/bin/gnu/h-x86_64-mingw32/bin/../lib/gcc/nios2-elf/5.3.0/mno-hw-mul\libgcc.a(lib2-mul.o)
 .comment       0x0000000000000023       0x24 ../tetris_display_driver_bsp/\libhal_bsp.a(alt_load.o)
 .comment       0x0000000000000023       0x24 ../tetris_display_driver_bsp/\libhal_bsp.a(alt_main.o)
 .comment       0x0000000000000023       0x24 ../tetris_display_driver_bsp/\libhal_bsp.a(alt_usleep.o)
 .comment       0x0000000000000023       0x24 ../tetris_display_driver_bsp/\libhal_bsp.a(alt_sys_init.o)
 .comment       0x0000000000000023       0x24 ../tetris_display_driver_bsp/\libhal_bsp.a(altera_avalon_jtag_uart_fd.o)
 .comment       0x0000000000000023       0x24 ../tetris_display_driver_bsp/\libhal_bsp.a(altera_avalon_jtag_uart_init.o)
 .comment       0x0000000000000023       0x24 ../tetris_display_driver_bsp/\libhal_bsp.a(altera_avalon_jtag_uart_ioctl.o)
 .comment       0x0000000000000023       0x24 ../tetris_display_driver_bsp/\libhal_bsp.a(altera_avalon_jtag_uart_read.o)
 .comment       0x0000000000000023       0x24 ../tetris_display_driver_bsp/\libhal_bsp.a(altera_avalon_jtag_uart_write.o)
 .comment       0x0000000000000023       0x24 ../tetris_display_driver_bsp/\libhal_bsp.a(altera_avalon_spi.o)
 .comment       0x0000000000000023       0x24 ../tetris_display_driver_bsp/\libhal_bsp.a(altera_avalon_timer_sc.o)
 .comment       0x0000000000000023       0x24 ../tetris_display_driver_bsp/\libhal_bsp.a(alt_alarm_start.o)
 .comment       0x0000000000000023       0x24 ../tetris_display_driver_bsp/\libhal_bsp.a(alt_busy_sleep.o)
 .comment       0x0000000000000023       0x24 ../tetris_display_driver_bsp/\libhal_bsp.a(alt_close.o)
 .comment       0x0000000000000023       0x24 ../tetris_display_driver_bsp/\libhal_bsp.a(alt_dcache_flush_all.o)
 .comment       0x0000000000000023       0x24 ../tetris_display_driver_bsp/\libhal_bsp.a(alt_dev.o)
 .comment       0x0000000000000023       0x24 ../tetris_display_driver_bsp/\libhal_bsp.a(alt_dev_llist_insert.o)
 .comment       0x0000000000000023       0x24 ../tetris_display_driver_bsp/\libhal_bsp.a(alt_do_ctors.o)
 .comment       0x0000000000000023       0x24 ../tetris_display_driver_bsp/\libhal_bsp.a(alt_do_dtors.o)
 .comment       0x0000000000000023       0x24 ../tetris_display_driver_bsp/\libhal_bsp.a(alt_errno.o)
 .comment       0x0000000000000023       0x24 ../tetris_display_driver_bsp/\libhal_bsp.a(alt_icache_flush_all.o)
 .comment       0x0000000000000023       0x24 ../tetris_display_driver_bsp/\libhal_bsp.a(alt_iic.o)
 .comment       0x0000000000000023       0x24 ../tetris_display_driver_bsp/\libhal_bsp.a(alt_iic_isr_register.o)
 .comment       0x0000000000000023       0x24 ../tetris_display_driver_bsp/\libhal_bsp.a(alt_io_redirect.o)
 .comment       0x0000000000000023       0x24 ../tetris_display_driver_bsp/\libhal_bsp.a(alt_irq_handler.o)
 .comment       0x0000000000000023       0x24 ../tetris_display_driver_bsp/\libhal_bsp.a(alt_irq_vars.o)
 .comment       0x0000000000000023       0x24 ../tetris_display_driver_bsp/\libhal_bsp.a(alt_open.o)
 .comment       0x0000000000000023       0x24 ../tetris_display_driver_bsp/\libhal_bsp.a(alt_release_fd.o)
 .comment       0x0000000000000023       0x24 ../tetris_display_driver_bsp/\libhal_bsp.a(alt_tick.o)
 .comment       0x0000000000000023       0x24 ../tetris_display_driver_bsp/\libhal_bsp.a(altera_nios2_gen2_irq.o)
 .comment       0x0000000000000023       0x24 ../tetris_display_driver_bsp/\libhal_bsp.a(alt_find_dev.o)
 .comment       0x0000000000000023       0x24 ../tetris_display_driver_bsp/\libhal_bsp.a(alt_find_file.o)
 .comment       0x0000000000000023       0x24 ../tetris_display_driver_bsp/\libhal_bsp.a(alt_get_fd.o)
 .comment       0x0000000000000023       0x24 ../tetris_display_driver_bsp/\libhal_bsp.a(alt_instruction_exception_entry.o)
 .comment       0x0000000000000023       0x24 c:/intelfpga_lite/18.1/nios2eds/bin/gnu/h-x86_64-mingw32/bin/../lib/gcc/nios2-elf/5.3.0/../../../../../H-x86_64-mingw32/nios2-elf/lib/mno-hw-mul\libc.a(lib_a-atexit.o)
 .comment       0x0000000000000023       0x24 c:/intelfpga_lite/18.1/nios2eds/bin/gnu/h-x86_64-mingw32/bin/../lib/gcc/nios2-elf/5.3.0/../../../../../H-x86_64-mingw32/nios2-elf/lib/mno-hw-mul\libc.a(lib_a-exit.o)
 .comment       0x0000000000000023       0x24 c:/intelfpga_lite/18.1/nios2eds/bin/gnu/h-x86_64-mingw32/bin/../lib/gcc/nios2-elf/5.3.0/../../../../../H-x86_64-mingw32/nios2-elf/lib/mno-hw-mul\libc.a(lib_a-impure.o)
 .comment       0x0000000000000023       0x24 c:/intelfpga_lite/18.1/nios2eds/bin/gnu/h-x86_64-mingw32/bin/../lib/gcc/nios2-elf/5.3.0/../../../../../H-x86_64-mingw32/nios2-elf/lib/mno-hw-mul\libc.a(lib_a-int_errno.o)
 .comment       0x0000000000000023       0x24 c:/intelfpga_lite/18.1/nios2eds/bin/gnu/h-x86_64-mingw32/bin/../lib/gcc/nios2-elf/5.3.0/../../../../../H-x86_64-mingw32/nios2-elf/lib/mno-hw-mul\libc.a(lib_a-memcmp.o)
 .comment       0x0000000000000023       0x24 c:/intelfpga_lite/18.1/nios2eds/bin/gnu/h-x86_64-mingw32/bin/../lib/gcc/nios2-elf/5.3.0/../../../../../H-x86_64-mingw32/nios2-elf/lib/mno-hw-mul\libc.a(lib_a-memcpy.o)
 .comment       0x0000000000000023       0x24 c:/intelfpga_lite/18.1/nios2eds/bin/gnu/h-x86_64-mingw32/bin/../lib/gcc/nios2-elf/5.3.0/../../../../../H-x86_64-mingw32/nios2-elf/lib/mno-hw-mul\libc.a(lib_a-strlen.o)
 .comment       0x0000000000000023       0x24 c:/intelfpga_lite/18.1/nios2eds/bin/gnu/h-x86_64-mingw32/bin/../lib/gcc/nios2-elf/5.3.0/../../../../../H-x86_64-mingw32/nios2-elf/lib/mno-hw-mul\libc.a(lib_a-__atexit.o)
 .comment       0x0000000000000023       0x24 c:/intelfpga_lite/18.1/nios2eds/bin/gnu/h-x86_64-mingw32/bin/../lib/gcc/nios2-elf/5.3.0/../../../../../H-x86_64-mingw32/nios2-elf/lib/mno-hw-mul\libc.a(lib_a-__call_atexit.o)
 .comment       0x0000000000000023       0x24 c:/intelfpga_lite/18.1/nios2eds/bin/gnu/h-x86_64-mingw32/bin/../lib/gcc/nios2-elf/5.3.0/mno-hw-mul\libgcc.a(lib2-divmod.o)
 .comment       0x0000000000000023       0x24 ../tetris_display_driver_bsp/\libhal_bsp.a(alt_exit.o)

.debug
 *(.debug)

.line
 *(.line)

.debug_srcinfo
 *(.debug_srcinfo)

.debug_sfnames
 *(.debug_sfnames)

.debug_aranges  0x0000000000000000      0x670
 *(.debug_aranges)
 .debug_aranges
                0x0000000000000000       0x28 ../tetris_display_driver_bsp//obj/HAL/src/crt0.o
 .debug_aranges
                0x0000000000000028       0x18 obj/default/image.o
 .debug_aranges
                0x0000000000000040       0x20 obj/default/tetris.o
 .debug_aranges
                0x0000000000000060       0x20 c:/intelfpga_lite/18.1/nios2eds/bin/gnu/h-x86_64-mingw32/bin/../lib/gcc/nios2-elf/5.3.0/mno-hw-mul\libgcc.a(lib2-mul.o)
 .debug_aranges
                0x0000000000000080       0x20 ../tetris_display_driver_bsp/\libhal_bsp.a(alt_load.o)
 .debug_aranges
                0x00000000000000a0       0x20 ../tetris_display_driver_bsp/\libhal_bsp.a(alt_main.o)
 .debug_aranges
                0x00000000000000c0       0x20 ../tetris_display_driver_bsp/\libhal_bsp.a(alt_usleep.o)
 .debug_aranges
                0x00000000000000e0       0x20 ../tetris_display_driver_bsp/\libhal_bsp.a(alt_sys_init.o)
 .debug_aranges
                0x0000000000000100       0x20 ../tetris_display_driver_bsp/\libhal_bsp.a(altera_avalon_jtag_uart_fd.o)
 .debug_aranges
                0x0000000000000120       0x20 ../tetris_display_driver_bsp/\libhal_bsp.a(altera_avalon_jtag_uart_init.o)
 .debug_aranges
                0x0000000000000140       0x20 ../tetris_display_driver_bsp/\libhal_bsp.a(altera_avalon_jtag_uart_ioctl.o)
 .debug_aranges
                0x0000000000000160       0x20 ../tetris_display_driver_bsp/\libhal_bsp.a(altera_avalon_jtag_uart_read.o)
 .debug_aranges
                0x0000000000000180       0x20 ../tetris_display_driver_bsp/\libhal_bsp.a(altera_avalon_jtag_uart_write.o)
 .debug_aranges
                0x00000000000001a0       0x20 ../tetris_display_driver_bsp/\libhal_bsp.a(altera_avalon_spi.o)
 .debug_aranges
                0x00000000000001c0       0x20 ../tetris_display_driver_bsp/\libhal_bsp.a(altera_avalon_timer_sc.o)
 .debug_aranges
                0x00000000000001e0       0x20 ../tetris_display_driver_bsp/\libhal_bsp.a(alt_alarm_start.o)
 .debug_aranges
                0x0000000000000200       0x20 ../tetris_display_driver_bsp/\libhal_bsp.a(alt_busy_sleep.o)
 .debug_aranges
                0x0000000000000220       0x20 ../tetris_display_driver_bsp/\libhal_bsp.a(alt_close.o)
 .debug_aranges
                0x0000000000000240       0x20 ../tetris_display_driver_bsp/\libhal_bsp.a(alt_dcache_flush_all.o)
 .debug_aranges
                0x0000000000000260       0x20 ../tetris_display_driver_bsp/\libhal_bsp.a(alt_dev.o)
 .debug_aranges
                0x0000000000000280       0x20 ../tetris_display_driver_bsp/\libhal_bsp.a(alt_dev_llist_insert.o)
 .debug_aranges
                0x00000000000002a0       0x20 ../tetris_display_driver_bsp/\libhal_bsp.a(alt_do_ctors.o)
 .debug_aranges
                0x00000000000002c0       0x20 ../tetris_display_driver_bsp/\libhal_bsp.a(alt_do_dtors.o)
 .debug_aranges
                0x00000000000002e0       0x18 ../tetris_display_driver_bsp/\libhal_bsp.a(alt_errno.o)
 .debug_aranges
                0x00000000000002f8       0x20 ../tetris_display_driver_bsp/\libhal_bsp.a(alt_icache_flush_all.o)
 .debug_aranges
                0x0000000000000318       0x20 ../tetris_display_driver_bsp/\libhal_bsp.a(alt_iic.o)
 .debug_aranges
                0x0000000000000338       0x20 ../tetris_display_driver_bsp/\libhal_bsp.a(alt_iic_isr_register.o)
 .debug_aranges
                0x0000000000000358       0x20 ../tetris_display_driver_bsp/\libhal_bsp.a(alt_io_redirect.o)
 .debug_aranges
                0x0000000000000378       0x30 ../tetris_display_driver_bsp/\libhal_bsp.a(alt_irq_entry.o)
 .debug_aranges
                0x00000000000003a8       0x20 ../tetris_display_driver_bsp/\libhal_bsp.a(alt_irq_handler.o)
 .debug_aranges
                0x00000000000003c8       0x18 ../tetris_display_driver_bsp/\libhal_bsp.a(alt_irq_vars.o)
 .debug_aranges
                0x00000000000003e0       0x20 ../tetris_display_driver_bsp/\libhal_bsp.a(alt_open.o)
 .debug_aranges
                0x0000000000000400       0x20 ../tetris_display_driver_bsp/\libhal_bsp.a(alt_release_fd.o)
 .debug_aranges
                0x0000000000000420       0x20 ../tetris_display_driver_bsp/\libhal_bsp.a(alt_tick.o)
 .debug_aranges
                0x0000000000000440       0x20 ../tetris_display_driver_bsp/\libhal_bsp.a(altera_nios2_gen2_irq.o)
 .debug_aranges
                0x0000000000000460       0x38 ../tetris_display_driver_bsp/\libhal_bsp.a(alt_exception_entry.o)
 .debug_aranges
                0x0000000000000498       0x20 ../tetris_display_driver_bsp/\libhal_bsp.a(alt_find_dev.o)
 .debug_aranges
                0x00000000000004b8       0x20 ../tetris_display_driver_bsp/\libhal_bsp.a(alt_find_file.o)
 .debug_aranges
                0x00000000000004d8       0x20 ../tetris_display_driver_bsp/\libhal_bsp.a(alt_get_fd.o)
 .debug_aranges
                0x00000000000004f8       0x28 ../tetris_display_driver_bsp/\libhal_bsp.a(alt_instruction_exception_entry.o)
 .debug_aranges
                0x0000000000000520       0x20 c:/intelfpga_lite/18.1/nios2eds/bin/gnu/h-x86_64-mingw32/bin/../lib/gcc/nios2-elf/5.3.0/../../../../../H-x86_64-mingw32/nios2-elf/lib/mno-hw-mul\libc.a(lib_a-atexit.o)
 .debug_aranges
                0x0000000000000540       0x20 c:/intelfpga_lite/18.1/nios2eds/bin/gnu/h-x86_64-mingw32/bin/../lib/gcc/nios2-elf/5.3.0/../../../../../H-x86_64-mingw32/nios2-elf/lib/mno-hw-mul\libc.a(lib_a-exit.o)
 .debug_aranges
                0x0000000000000560       0x18 c:/intelfpga_lite/18.1/nios2eds/bin/gnu/h-x86_64-mingw32/bin/../lib/gcc/nios2-elf/5.3.0/../../../../../H-x86_64-mingw32/nios2-elf/lib/mno-hw-mul\libc.a(lib_a-impure.o)
 .debug_aranges
                0x0000000000000578       0x18 c:/intelfpga_lite/18.1/nios2eds/bin/gnu/h-x86_64-mingw32/bin/../lib/gcc/nios2-elf/5.3.0/../../../../../H-x86_64-mingw32/nios2-elf/lib/mno-hw-mul\libc.a(lib_a-int_errno.o)
 .debug_aranges
                0x0000000000000590       0x20 c:/intelfpga_lite/18.1/nios2eds/bin/gnu/h-x86_64-mingw32/bin/../lib/gcc/nios2-elf/5.3.0/../../../../../H-x86_64-mingw32/nios2-elf/lib/mno-hw-mul\libc.a(lib_a-memcmp.o)
 .debug_aranges
                0x00000000000005b0       0x20 c:/intelfpga_lite/18.1/nios2eds/bin/gnu/h-x86_64-mingw32/bin/../lib/gcc/nios2-elf/5.3.0/../../../../../H-x86_64-mingw32/nios2-elf/lib/mno-hw-mul\libc.a(lib_a-memcpy.o)
 .debug_aranges
                0x00000000000005d0       0x20 c:/intelfpga_lite/18.1/nios2eds/bin/gnu/h-x86_64-mingw32/bin/../lib/gcc/nios2-elf/5.3.0/../../../../../H-x86_64-mingw32/nios2-elf/lib/mno-hw-mul\libc.a(lib_a-strlen.o)
 .debug_aranges
                0x00000000000005f0       0x20 c:/intelfpga_lite/18.1/nios2eds/bin/gnu/h-x86_64-mingw32/bin/../lib/gcc/nios2-elf/5.3.0/../../../../../H-x86_64-mingw32/nios2-elf/lib/mno-hw-mul\libc.a(lib_a-__atexit.o)
 .debug_aranges
                0x0000000000000610       0x20 c:/intelfpga_lite/18.1/nios2eds/bin/gnu/h-x86_64-mingw32/bin/../lib/gcc/nios2-elf/5.3.0/../../../../../H-x86_64-mingw32/nios2-elf/lib/mno-hw-mul\libc.a(lib_a-__call_atexit.o)
 .debug_aranges
                0x0000000000000630       0x20 c:/intelfpga_lite/18.1/nios2eds/bin/gnu/h-x86_64-mingw32/bin/../lib/gcc/nios2-elf/5.3.0/mno-hw-mul\libgcc.a(lib2-divmod.o)
 .debug_aranges
                0x0000000000000650       0x20 ../tetris_display_driver_bsp/\libhal_bsp.a(alt_exit.o)

.debug_pubnames
 *(.debug_pubnames)

.debug_info     0x0000000000000000     0x7fac
 *(.debug_info .gnu.linkonce.wi.*)
 .debug_info    0x0000000000000000       0x82 ../tetris_display_driver_bsp//obj/HAL/src/crt0.o
 .debug_info    0x0000000000000082       0x4e obj/default/image.o
 .debug_info    0x00000000000000d0      0x2c7 obj/default/tetris.o
 .debug_info    0x0000000000000397       0xb4 c:/intelfpga_lite/18.1/nios2eds/bin/gnu/h-x86_64-mingw32/bin/../lib/gcc/nios2-elf/5.3.0/mno-hw-mul\libgcc.a(lib2-mul.o)
 .debug_info    0x000000000000044b      0x145 ../tetris_display_driver_bsp/\libhal_bsp.a(alt_load.o)
 .debug_info    0x0000000000000590      0x131 ../tetris_display_driver_bsp/\libhal_bsp.a(alt_main.o)
 .debug_info    0x00000000000006c1       0xb0 ../tetris_display_driver_bsp/\libhal_bsp.a(alt_usleep.o)
 .debug_info    0x0000000000000771      0x4d9 ../tetris_display_driver_bsp/\libhal_bsp.a(alt_sys_init.o)
 .debug_info    0x0000000000000c4a      0x52e ../tetris_display_driver_bsp/\libhal_bsp.a(altera_avalon_jtag_uart_fd.o)
 .debug_info    0x0000000000001178      0x3a0 ../tetris_display_driver_bsp/\libhal_bsp.a(altera_avalon_jtag_uart_init.o)
 .debug_info    0x0000000000001518      0x280 ../tetris_display_driver_bsp/\libhal_bsp.a(altera_avalon_jtag_uart_ioctl.o)
 .debug_info    0x0000000000001798      0x345 ../tetris_display_driver_bsp/\libhal_bsp.a(altera_avalon_jtag_uart_read.o)
 .debug_info    0x0000000000001add      0x340 ../tetris_display_driver_bsp/\libhal_bsp.a(altera_avalon_jtag_uart_write.o)
 .debug_info    0x0000000000001e1d      0x18d ../tetris_display_driver_bsp/\libhal_bsp.a(altera_avalon_spi.o)
 .debug_info    0x0000000000001faa      0x226 ../tetris_display_driver_bsp/\libhal_bsp.a(altera_avalon_timer_sc.o)
 .debug_info    0x00000000000021d0      0x2cc ../tetris_display_driver_bsp/\libhal_bsp.a(alt_alarm_start.o)
 .debug_info    0x000000000000249c       0xd7 ../tetris_display_driver_bsp/\libhal_bsp.a(alt_busy_sleep.o)
 .debug_info    0x0000000000002573      0x321 ../tetris_display_driver_bsp/\libhal_bsp.a(alt_close.o)
 .debug_info    0x0000000000002894       0x92 ../tetris_display_driver_bsp/\libhal_bsp.a(alt_dcache_flush_all.o)
 .debug_info    0x0000000000002926      0x49c ../tetris_display_driver_bsp/\libhal_bsp.a(alt_dev.o)
 .debug_info    0x0000000000002dc2      0x1a9 ../tetris_display_driver_bsp/\libhal_bsp.a(alt_dev_llist_insert.o)
 .debug_info    0x0000000000002f6b       0x83 ../tetris_display_driver_bsp/\libhal_bsp.a(alt_do_ctors.o)
 .debug_info    0x0000000000002fee       0x83 ../tetris_display_driver_bsp/\libhal_bsp.a(alt_do_dtors.o)
 .debug_info    0x0000000000003071       0xa6 ../tetris_display_driver_bsp/\libhal_bsp.a(alt_errno.o)
 .debug_info    0x0000000000003117       0x92 ../tetris_display_driver_bsp/\libhal_bsp.a(alt_icache_flush_all.o)
 .debug_info    0x00000000000031a9      0x350 ../tetris_display_driver_bsp/\libhal_bsp.a(alt_iic.o)
 .debug_info    0x00000000000034f9      0x1ef ../tetris_display_driver_bsp/\libhal_bsp.a(alt_iic_isr_register.o)
 .debug_info    0x00000000000036e8      0x4a5 ../tetris_display_driver_bsp/\libhal_bsp.a(alt_io_redirect.o)
 .debug_info    0x0000000000003b8d       0x8b ../tetris_display_driver_bsp/\libhal_bsp.a(alt_irq_entry.o)
 .debug_info    0x0000000000003c18      0x187 ../tetris_display_driver_bsp/\libhal_bsp.a(alt_irq_handler.o)
 .debug_info    0x0000000000003d9f       0x88 ../tetris_display_driver_bsp/\libhal_bsp.a(alt_irq_vars.o)
 .debug_info    0x0000000000003e27      0x3bb ../tetris_display_driver_bsp/\libhal_bsp.a(alt_open.o)
 .debug_info    0x00000000000041e2      0x2b0 ../tetris_display_driver_bsp/\libhal_bsp.a(alt_release_fd.o)
 .debug_info    0x0000000000004492      0x299 ../tetris_display_driver_bsp/\libhal_bsp.a(alt_tick.o)
 .debug_info    0x000000000000472b       0x92 ../tetris_display_driver_bsp/\libhal_bsp.a(altera_nios2_gen2_irq.o)
 .debug_info    0x00000000000047bd       0x91 ../tetris_display_driver_bsp/\libhal_bsp.a(alt_exception_entry.o)
 .debug_info    0x000000000000484e      0x2e9 ../tetris_display_driver_bsp/\libhal_bsp.a(alt_find_dev.o)
 .debug_info    0x0000000000004b37      0x2e6 ../tetris_display_driver_bsp/\libhal_bsp.a(alt_find_file.o)
 .debug_info    0x0000000000004e1d      0x310 ../tetris_display_driver_bsp/\libhal_bsp.a(alt_get_fd.o)
 .debug_info    0x000000000000512d      0x1e7 ../tetris_display_driver_bsp/\libhal_bsp.a(alt_instruction_exception_entry.o)
 .debug_info    0x0000000000005314       0xfe c:/intelfpga_lite/18.1/nios2eds/bin/gnu/h-x86_64-mingw32/bin/../lib/gcc/nios2-elf/5.3.0/../../../../../H-x86_64-mingw32/nios2-elf/lib/mno-hw-mul\libc.a(lib_a-atexit.o)
 .debug_info    0x0000000000005412      0x8e4 c:/intelfpga_lite/18.1/nios2eds/bin/gnu/h-x86_64-mingw32/bin/../lib/gcc/nios2-elf/5.3.0/../../../../../H-x86_64-mingw32/nios2-elf/lib/mno-hw-mul\libc.a(lib_a-exit.o)
 .debug_info    0x0000000000005cf6      0x8a1 c:/intelfpga_lite/18.1/nios2eds/bin/gnu/h-x86_64-mingw32/bin/../lib/gcc/nios2-elf/5.3.0/../../../../../H-x86_64-mingw32/nios2-elf/lib/mno-hw-mul\libc.a(lib_a-impure.o)
 .debug_info    0x0000000000006597       0x8a c:/intelfpga_lite/18.1/nios2eds/bin/gnu/h-x86_64-mingw32/bin/../lib/gcc/nios2-elf/5.3.0/../../../../../H-x86_64-mingw32/nios2-elf/lib/mno-hw-mul\libc.a(lib_a-int_errno.o)
 .debug_info    0x0000000000006621      0x11a c:/intelfpga_lite/18.1/nios2eds/bin/gnu/h-x86_64-mingw32/bin/../lib/gcc/nios2-elf/5.3.0/../../../../../H-x86_64-mingw32/nios2-elf/lib/mno-hw-mul\libc.a(lib_a-memcmp.o)
 .debug_info    0x000000000000673b      0x144 c:/intelfpga_lite/18.1/nios2eds/bin/gnu/h-x86_64-mingw32/bin/../lib/gcc/nios2-elf/5.3.0/../../../../../H-x86_64-mingw32/nios2-elf/lib/mno-hw-mul\libc.a(lib_a-memcpy.o)
 .debug_info    0x000000000000687f       0xe2 c:/intelfpga_lite/18.1/nios2eds/bin/gnu/h-x86_64-mingw32/bin/../lib/gcc/nios2-elf/5.3.0/../../../../../H-x86_64-mingw32/nios2-elf/lib/mno-hw-mul\libc.a(lib_a-strlen.o)
 .debug_info    0x0000000000006961      0x934 c:/intelfpga_lite/18.1/nios2eds/bin/gnu/h-x86_64-mingw32/bin/../lib/gcc/nios2-elf/5.3.0/../../../../../H-x86_64-mingw32/nios2-elf/lib/mno-hw-mul\libc.a(lib_a-__atexit.o)
 .debug_info    0x0000000000007295      0x965 c:/intelfpga_lite/18.1/nios2eds/bin/gnu/h-x86_64-mingw32/bin/../lib/gcc/nios2-elf/5.3.0/../../../../../H-x86_64-mingw32/nios2-elf/lib/mno-hw-mul\libc.a(lib_a-__call_atexit.o)
 .debug_info    0x0000000000007bfa      0x2c6 c:/intelfpga_lite/18.1/nios2eds/bin/gnu/h-x86_64-mingw32/bin/../lib/gcc/nios2-elf/5.3.0/mno-hw-mul\libgcc.a(lib2-divmod.o)
 .debug_info    0x0000000000007ec0       0xec ../tetris_display_driver_bsp/\libhal_bsp.a(alt_exit.o)

.debug_abbrev   0x0000000000000000     0x2dc1
 *(.debug_abbrev)
 .debug_abbrev  0x0000000000000000       0x12 ../tetris_display_driver_bsp//obj/HAL/src/crt0.o
 .debug_abbrev  0x0000000000000012       0x3e obj/default/image.o
 .debug_abbrev  0x0000000000000050      0x104 obj/default/tetris.o
 .debug_abbrev  0x0000000000000154       0x6f c:/intelfpga_lite/18.1/nios2eds/bin/gnu/h-x86_64-mingw32/bin/../lib/gcc/nios2-elf/5.3.0/mno-hw-mul\libgcc.a(lib2-mul.o)
 .debug_abbrev  0x00000000000001c3       0x9f ../tetris_display_driver_bsp/\libhal_bsp.a(alt_load.o)
 .debug_abbrev  0x0000000000000262       0xba ../tetris_display_driver_bsp/\libhal_bsp.a(alt_main.o)
 .debug_abbrev  0x000000000000031c       0x60 ../tetris_display_driver_bsp/\libhal_bsp.a(alt_usleep.o)
 .debug_abbrev  0x000000000000037c      0x187 ../tetris_display_driver_bsp/\libhal_bsp.a(alt_sys_init.o)
 .debug_abbrev  0x0000000000000503      0x127 ../tetris_display_driver_bsp/\libhal_bsp.a(altera_avalon_jtag_uart_fd.o)
 .debug_abbrev  0x000000000000062a      0x19e ../tetris_display_driver_bsp/\libhal_bsp.a(altera_avalon_jtag_uart_init.o)
 .debug_abbrev  0x00000000000007c8      0x111 ../tetris_display_driver_bsp/\libhal_bsp.a(altera_avalon_jtag_uart_ioctl.o)
 .debug_abbrev  0x00000000000008d9      0x1aa ../tetris_display_driver_bsp/\libhal_bsp.a(altera_avalon_jtag_uart_read.o)
 .debug_abbrev  0x0000000000000a83      0x1a8 ../tetris_display_driver_bsp/\libhal_bsp.a(altera_avalon_jtag_uart_write.o)
 .debug_abbrev  0x0000000000000c2b       0x8a ../tetris_display_driver_bsp/\libhal_bsp.a(altera_avalon_spi.o)
 .debug_abbrev  0x0000000000000cb5      0x155 ../tetris_display_driver_bsp/\libhal_bsp.a(altera_avalon_timer_sc.o)
 .debug_abbrev  0x0000000000000e0a      0x162 ../tetris_display_driver_bsp/\libhal_bsp.a(alt_alarm_start.o)
 .debug_abbrev  0x0000000000000f6c       0x7e ../tetris_display_driver_bsp/\libhal_bsp.a(alt_busy_sleep.o)
 .debug_abbrev  0x0000000000000fea      0x11f ../tetris_display_driver_bsp/\libhal_bsp.a(alt_close.o)
 .debug_abbrev  0x0000000000001109       0x42 ../tetris_display_driver_bsp/\libhal_bsp.a(alt_dcache_flush_all.o)
 .debug_abbrev  0x000000000000114b       0xd9 ../tetris_display_driver_bsp/\libhal_bsp.a(alt_dev.o)
 .debug_abbrev  0x0000000000001224      0x114 ../tetris_display_driver_bsp/\libhal_bsp.a(alt_dev_llist_insert.o)
 .debug_abbrev  0x0000000000001338       0x79 ../tetris_display_driver_bsp/\libhal_bsp.a(alt_do_ctors.o)
 .debug_abbrev  0x00000000000013b1       0x79 ../tetris_display_driver_bsp/\libhal_bsp.a(alt_do_dtors.o)
 .debug_abbrev  0x000000000000142a       0x5a ../tetris_display_driver_bsp/\libhal_bsp.a(alt_errno.o)
 .debug_abbrev  0x0000000000001484       0x42 ../tetris_display_driver_bsp/\libhal_bsp.a(alt_icache_flush_all.o)
 .debug_abbrev  0x00000000000014c6      0x163 ../tetris_display_driver_bsp/\libhal_bsp.a(alt_iic.o)
 .debug_abbrev  0x0000000000001629      0x169 ../tetris_display_driver_bsp/\libhal_bsp.a(alt_iic_isr_register.o)
 .debug_abbrev  0x0000000000001792      0x114 ../tetris_display_driver_bsp/\libhal_bsp.a(alt_io_redirect.o)
 .debug_abbrev  0x00000000000018a6       0x12 ../tetris_display_driver_bsp/\libhal_bsp.a(alt_irq_entry.o)
 .debug_abbrev  0x00000000000018b8      0x122 ../tetris_display_driver_bsp/\libhal_bsp.a(alt_irq_handler.o)
 .debug_abbrev  0x00000000000019da       0x40 ../tetris_display_driver_bsp/\libhal_bsp.a(alt_irq_vars.o)
 .debug_abbrev  0x0000000000001a1a      0x148 ../tetris_display_driver_bsp/\libhal_bsp.a(alt_open.o)
 .debug_abbrev  0x0000000000001b62       0xde ../tetris_display_driver_bsp/\libhal_bsp.a(alt_release_fd.o)
 .debug_abbrev  0x0000000000001c40      0x15a ../tetris_display_driver_bsp/\libhal_bsp.a(alt_tick.o)
 .debug_abbrev  0x0000000000001d9a       0x42 ../tetris_display_driver_bsp/\libhal_bsp.a(altera_nios2_gen2_irq.o)
 .debug_abbrev  0x0000000000001ddc       0x12 ../tetris_display_driver_bsp/\libhal_bsp.a(alt_exception_entry.o)
 .debug_abbrev  0x0000000000001dee       0xf0 ../tetris_display_driver_bsp/\libhal_bsp.a(alt_find_dev.o)
 .debug_abbrev  0x0000000000001ede       0xf0 ../tetris_display_driver_bsp/\libhal_bsp.a(alt_find_file.o)
 .debug_abbrev  0x0000000000001fce      0x10d ../tetris_display_driver_bsp/\libhal_bsp.a(alt_get_fd.o)
 .debug_abbrev  0x00000000000020db       0xdc ../tetris_display_driver_bsp/\libhal_bsp.a(alt_instruction_exception_entry.o)
 .debug_abbrev  0x00000000000021b7       0xaa c:/intelfpga_lite/18.1/nios2eds/bin/gnu/h-x86_64-mingw32/bin/../lib/gcc/nios2-elf/5.3.0/../../../../../H-x86_64-mingw32/nios2-elf/lib/mno-hw-mul\libc.a(lib_a-atexit.o)
 .debug_abbrev  0x0000000000002261      0x1e5 c:/intelfpga_lite/18.1/nios2eds/bin/gnu/h-x86_64-mingw32/bin/../lib/gcc/nios2-elf/5.3.0/../../../../../H-x86_64-mingw32/nios2-elf/lib/mno-hw-mul\libc.a(lib_a-exit.o)
 .debug_abbrev  0x0000000000002446      0x18f c:/intelfpga_lite/18.1/nios2eds/bin/gnu/h-x86_64-mingw32/bin/../lib/gcc/nios2-elf/5.3.0/../../../../../H-x86_64-mingw32/nios2-elf/lib/mno-hw-mul\libc.a(lib_a-impure.o)
 .debug_abbrev  0x00000000000025d5       0x37 c:/intelfpga_lite/18.1/nios2eds/bin/gnu/h-x86_64-mingw32/bin/../lib/gcc/nios2-elf/5.3.0/../../../../../H-x86_64-mingw32/nios2-elf/lib/mno-hw-mul\libc.a(lib_a-int_errno.o)
 .debug_abbrev  0x000000000000260c       0x7f c:/intelfpga_lite/18.1/nios2eds/bin/gnu/h-x86_64-mingw32/bin/../lib/gcc/nios2-elf/5.3.0/../../../../../H-x86_64-mingw32/nios2-elf/lib/mno-hw-mul\libc.a(lib_a-memcmp.o)
 .debug_abbrev  0x000000000000268b       0xa3 c:/intelfpga_lite/18.1/nios2eds/bin/gnu/h-x86_64-mingw32/bin/../lib/gcc/nios2-elf/5.3.0/../../../../../H-x86_64-mingw32/nios2-elf/lib/mno-hw-mul\libc.a(lib_a-memcpy.o)
 .debug_abbrev  0x000000000000272e       0x90 c:/intelfpga_lite/18.1/nios2eds/bin/gnu/h-x86_64-mingw32/bin/../lib/gcc/nios2-elf/5.3.0/../../../../../H-x86_64-mingw32/nios2-elf/lib/mno-hw-mul\libc.a(lib_a-strlen.o)
 .debug_abbrev  0x00000000000027be      0x21e c:/intelfpga_lite/18.1/nios2eds/bin/gnu/h-x86_64-mingw32/bin/../lib/gcc/nios2-elf/5.3.0/../../../../../H-x86_64-mingw32/nios2-elf/lib/mno-hw-mul\libc.a(lib_a-__atexit.o)
 .debug_abbrev  0x00000000000029dc      0x22e c:/intelfpga_lite/18.1/nios2eds/bin/gnu/h-x86_64-mingw32/bin/../lib/gcc/nios2-elf/5.3.0/../../../../../H-x86_64-mingw32/nios2-elf/lib/mno-hw-mul\libc.a(lib_a-__call_atexit.o)
 .debug_abbrev  0x0000000000002c0a      0x10e c:/intelfpga_lite/18.1/nios2eds/bin/gnu/h-x86_64-mingw32/bin/../lib/gcc/nios2-elf/5.3.0/mno-hw-mul\libgcc.a(lib2-divmod.o)
 .debug_abbrev  0x0000000000002d18       0xa9 ../tetris_display_driver_bsp/\libhal_bsp.a(alt_exit.o)

.debug_line     0x0000000000000000     0x2f6b
 *(.debug_line)
 .debug_line    0x0000000000000000       0x66 ../tetris_display_driver_bsp//obj/HAL/src/crt0.o
 .debug_line    0x0000000000000066       0x28 obj/default/image.o
 .debug_line    0x000000000000008e      0x20c obj/default/tetris.o
 .debug_line    0x000000000000029a       0x80 c:/intelfpga_lite/18.1/nios2eds/bin/gnu/h-x86_64-mingw32/bin/../lib/gcc/nios2-elf/5.3.0/mno-hw-mul\libgcc.a(lib2-mul.o)
 .debug_line    0x000000000000031a       0x8e ../tetris_display_driver_bsp/\libhal_bsp.a(alt_load.o)
 .debug_line    0x00000000000003a8       0xa4 ../tetris_display_driver_bsp/\libhal_bsp.a(alt_main.o)
 .debug_line    0x000000000000044c       0xad ../tetris_display_driver_bsp/\libhal_bsp.a(alt_usleep.o)
 .debug_line    0x00000000000004f9      0x152 ../tetris_display_driver_bsp/\libhal_bsp.a(alt_sys_init.o)
 .debug_line    0x000000000000064b      0x12f ../tetris_display_driver_bsp/\libhal_bsp.a(altera_avalon_jtag_uart_fd.o)
 .debug_line    0x000000000000077a      0x18b ../tetris_display_driver_bsp/\libhal_bsp.a(altera_avalon_jtag_uart_init.o)
 .debug_line    0x0000000000000905      0x131 ../tetris_display_driver_bsp/\libhal_bsp.a(altera_avalon_jtag_uart_ioctl.o)
 .debug_line    0x0000000000000a36      0x171 ../tetris_display_driver_bsp/\libhal_bsp.a(altera_avalon_jtag_uart_read.o)
 .debug_line    0x0000000000000ba7      0x170 ../tetris_display_driver_bsp/\libhal_bsp.a(altera_avalon_jtag_uart_write.o)
 .debug_line    0x0000000000000d17       0xb7 ../tetris_display_driver_bsp/\libhal_bsp.a(altera_avalon_spi.o)
 .debug_line    0x0000000000000dce       0xfd ../tetris_display_driver_bsp/\libhal_bsp.a(altera_avalon_timer_sc.o)
 .debug_line    0x0000000000000ecb       0xf9 ../tetris_display_driver_bsp/\libhal_bsp.a(alt_alarm_start.o)
 .debug_line    0x0000000000000fc4       0xa2 ../tetris_display_driver_bsp/\libhal_bsp.a(alt_busy_sleep.o)
 .debug_line    0x0000000000001066      0x165 ../tetris_display_driver_bsp/\libhal_bsp.a(alt_close.o)
 .debug_line    0x00000000000011cb       0x51 ../tetris_display_driver_bsp/\libhal_bsp.a(alt_dcache_flush_all.o)
 .debug_line    0x000000000000121c       0xf8 ../tetris_display_driver_bsp/\libhal_bsp.a(alt_dev.o)
 .debug_line    0x0000000000001314       0xcf ../tetris_display_driver_bsp/\libhal_bsp.a(alt_dev_llist_insert.o)
 .debug_line    0x00000000000013e3       0x59 ../tetris_display_driver_bsp/\libhal_bsp.a(alt_do_ctors.o)
 .debug_line    0x000000000000143c       0x59 ../tetris_display_driver_bsp/\libhal_bsp.a(alt_do_dtors.o)
 .debug_line    0x0000000000001495       0x51 ../tetris_display_driver_bsp/\libhal_bsp.a(alt_errno.o)
 .debug_line    0x00000000000014e6       0x4f ../tetris_display_driver_bsp/\libhal_bsp.a(alt_icache_flush_all.o)
 .debug_line    0x0000000000001535       0xeb ../tetris_display_driver_bsp/\libhal_bsp.a(alt_iic.o)
 .debug_line    0x0000000000001620       0xdb ../tetris_display_driver_bsp/\libhal_bsp.a(alt_iic_isr_register.o)
 .debug_line    0x00000000000016fb      0x135 ../tetris_display_driver_bsp/\libhal_bsp.a(alt_io_redirect.o)
 .debug_line    0x0000000000001830       0x6b ../tetris_display_driver_bsp/\libhal_bsp.a(alt_irq_entry.o)
 .debug_line    0x000000000000189b       0xaa ../tetris_display_driver_bsp/\libhal_bsp.a(alt_irq_handler.o)
 .debug_line    0x0000000000001945       0x50 ../tetris_display_driver_bsp/\libhal_bsp.a(alt_irq_vars.o)
 .debug_line    0x0000000000001995      0x12b ../tetris_display_driver_bsp/\libhal_bsp.a(alt_open.o)
 .debug_line    0x0000000000001ac0       0xb0 ../tetris_display_driver_bsp/\libhal_bsp.a(alt_release_fd.o)
 .debug_line    0x0000000000001b70       0xff ../tetris_display_driver_bsp/\libhal_bsp.a(alt_tick.o)
 .debug_line    0x0000000000001c6f       0x51 ../tetris_display_driver_bsp/\libhal_bsp.a(altera_nios2_gen2_irq.o)
 .debug_line    0x0000000000001cc0       0xb3 ../tetris_display_driver_bsp/\libhal_bsp.a(alt_exception_entry.o)
 .debug_line    0x0000000000001d73       0xb5 ../tetris_display_driver_bsp/\libhal_bsp.a(alt_find_dev.o)
 .debug_line    0x0000000000001e28       0xd1 ../tetris_display_driver_bsp/\libhal_bsp.a(alt_find_file.o)
 .debug_line    0x0000000000001ef9       0xd7 ../tetris_display_driver_bsp/\libhal_bsp.a(alt_get_fd.o)
 .debug_line    0x0000000000001fd0       0xb9 ../tetris_display_driver_bsp/\libhal_bsp.a(alt_instruction_exception_entry.o)
 .debug_line    0x0000000000002089       0xe7 c:/intelfpga_lite/18.1/nios2eds/bin/gnu/h-x86_64-mingw32/bin/../lib/gcc/nios2-elf/5.3.0/../../../../../H-x86_64-mingw32/nios2-elf/lib/mno-hw-mul\libc.a(lib_a-atexit.o)
 .debug_line    0x0000000000002170      0x1fc c:/intelfpga_lite/18.1/nios2eds/bin/gnu/h-x86_64-mingw32/bin/../lib/gcc/nios2-elf/5.3.0/../../../../../H-x86_64-mingw32/nios2-elf/lib/mno-hw-mul\libc.a(lib_a-exit.o)
 .debug_line    0x000000000000236c      0x160 c:/intelfpga_lite/18.1/nios2eds/bin/gnu/h-x86_64-mingw32/bin/../lib/gcc/nios2-elf/5.3.0/../../../../../H-x86_64-mingw32/nios2-elf/lib/mno-hw-mul\libc.a(lib_a-impure.o)
 .debug_line    0x00000000000024cc       0x5f c:/intelfpga_lite/18.1/nios2eds/bin/gnu/h-x86_64-mingw32/bin/../lib/gcc/nios2-elf/5.3.0/../../../../../H-x86_64-mingw32/nios2-elf/lib/mno-hw-mul\libc.a(lib_a-int_errno.o)
 .debug_line    0x000000000000252b      0x176 c:/intelfpga_lite/18.1/nios2eds/bin/gnu/h-x86_64-mingw32/bin/../lib/gcc/nios2-elf/5.3.0/../../../../../H-x86_64-mingw32/nios2-elf/lib/mno-hw-mul\libc.a(lib_a-memcmp.o)
 .debug_line    0x00000000000026a1      0x18c c:/intelfpga_lite/18.1/nios2eds/bin/gnu/h-x86_64-mingw32/bin/../lib/gcc/nios2-elf/5.3.0/../../../../../H-x86_64-mingw32/nios2-elf/lib/mno-hw-mul\libc.a(lib_a-memcpy.o)
 .debug_line    0x000000000000282d      0x16f c:/intelfpga_lite/18.1/nios2eds/bin/gnu/h-x86_64-mingw32/bin/../lib/gcc/nios2-elf/5.3.0/../../../../../H-x86_64-mingw32/nios2-elf/lib/mno-hw-mul\libc.a(lib_a-strlen.o)
 .debug_line    0x000000000000299c      0x21f c:/intelfpga_lite/18.1/nios2eds/bin/gnu/h-x86_64-mingw32/bin/../lib/gcc/nios2-elf/5.3.0/../../../../../H-x86_64-mingw32/nios2-elf/lib/mno-hw-mul\libc.a(lib_a-__atexit.o)
 .debug_line    0x0000000000002bbb      0x23a c:/intelfpga_lite/18.1/nios2eds/bin/gnu/h-x86_64-mingw32/bin/../lib/gcc/nios2-elf/5.3.0/../../../../../H-x86_64-mingw32/nios2-elf/lib/mno-hw-mul\libc.a(lib_a-__call_atexit.o)
 .debug_line    0x0000000000002df5      0x105 c:/intelfpga_lite/18.1/nios2eds/bin/gnu/h-x86_64-mingw32/bin/../lib/gcc/nios2-elf/5.3.0/mno-hw-mul\libgcc.a(lib2-divmod.o)
 .debug_line    0x0000000000002efa       0x71 ../tetris_display_driver_bsp/\libhal_bsp.a(alt_exit.o)

.debug_frame    0x0000000000000000      0xc6c
 *(.debug_frame)
 .debug_frame   0x0000000000000000       0xa0 obj/default/tetris.o
 .debug_frame   0x00000000000000a0       0x20 c:/intelfpga_lite/18.1/nios2eds/bin/gnu/h-x86_64-mingw32/bin/../lib/gcc/nios2-elf/5.3.0/mno-hw-mul\libgcc.a(lib2-mul.o)
 .debug_frame   0x00000000000000c0       0x5c ../tetris_display_driver_bsp/\libhal_bsp.a(alt_load.o)
 .debug_frame   0x000000000000011c       0x2c ../tetris_display_driver_bsp/\libhal_bsp.a(alt_main.o)
 .debug_frame   0x0000000000000148       0x38 ../tetris_display_driver_bsp/\libhal_bsp.a(alt_usleep.o)
 .debug_frame   0x0000000000000180       0x88 ../tetris_display_driver_bsp/\libhal_bsp.a(alt_sys_init.o)
 .debug_frame   0x0000000000000208       0xb0 ../tetris_display_driver_bsp/\libhal_bsp.a(altera_avalon_jtag_uart_fd.o)
 .debug_frame   0x00000000000002b8       0xa4 ../tetris_display_driver_bsp/\libhal_bsp.a(altera_avalon_jtag_uart_init.o)
 .debug_frame   0x000000000000035c       0x34 ../tetris_display_driver_bsp/\libhal_bsp.a(altera_avalon_jtag_uart_ioctl.o)
 .debug_frame   0x0000000000000390       0x38 ../tetris_display_driver_bsp/\libhal_bsp.a(altera_avalon_jtag_uart_read.o)
 .debug_frame   0x00000000000003c8       0x38 ../tetris_display_driver_bsp/\libhal_bsp.a(altera_avalon_jtag_uart_write.o)
 .debug_frame   0x0000000000000400       0x34 ../tetris_display_driver_bsp/\libhal_bsp.a(altera_avalon_spi.o)
 .debug_frame   0x0000000000000434       0x60 ../tetris_display_driver_bsp/\libhal_bsp.a(altera_avalon_timer_sc.o)
 .debug_frame   0x0000000000000494       0x34 ../tetris_display_driver_bsp/\libhal_bsp.a(alt_alarm_start.o)
 .debug_frame   0x00000000000004c8       0x38 ../tetris_display_driver_bsp/\libhal_bsp.a(alt_busy_sleep.o)
 .debug_frame   0x0000000000000500       0x60 ../tetris_display_driver_bsp/\libhal_bsp.a(alt_close.o)
 .debug_frame   0x0000000000000560       0x34 ../tetris_display_driver_bsp/\libhal_bsp.a(alt_dcache_flush_all.o)
 .debug_frame   0x0000000000000594       0x34 ../tetris_display_driver_bsp/\libhal_bsp.a(alt_dev.o)
 .debug_frame   0x00000000000005c8       0x60 ../tetris_display_driver_bsp/\libhal_bsp.a(alt_dev_llist_insert.o)
 .debug_frame   0x0000000000000628       0x38 ../tetris_display_driver_bsp/\libhal_bsp.a(alt_do_ctors.o)
 .debug_frame   0x0000000000000660       0x38 ../tetris_display_driver_bsp/\libhal_bsp.a(alt_do_dtors.o)
 .debug_frame   0x0000000000000698       0x34 ../tetris_display_driver_bsp/\libhal_bsp.a(alt_icache_flush_all.o)
 .debug_frame   0x00000000000006cc       0xa4 ../tetris_display_driver_bsp/\libhal_bsp.a(alt_iic.o)
 .debug_frame   0x0000000000000770       0x38 ../tetris_display_driver_bsp/\libhal_bsp.a(alt_iic_isr_register.o)
 .debug_frame   0x00000000000007a8       0x64 ../tetris_display_driver_bsp/\libhal_bsp.a(alt_io_redirect.o)
 .debug_frame   0x000000000000080c       0x38 ../tetris_display_driver_bsp/\libhal_bsp.a(alt_irq_handler.o)
 .debug_frame   0x0000000000000844       0x8c ../tetris_display_driver_bsp/\libhal_bsp.a(alt_open.o)
 .debug_frame   0x00000000000008d0       0x3c ../tetris_display_driver_bsp/\libhal_bsp.a(alt_release_fd.o)
 .debug_frame   0x000000000000090c       0x5c ../tetris_display_driver_bsp/\libhal_bsp.a(alt_tick.o)
 .debug_frame   0x0000000000000968       0x34 ../tetris_display_driver_bsp/\libhal_bsp.a(altera_nios2_gen2_irq.o)
 .debug_frame   0x000000000000099c       0x38 ../tetris_display_driver_bsp/\libhal_bsp.a(alt_find_dev.o)
 .debug_frame   0x00000000000009d4       0x38 ../tetris_display_driver_bsp/\libhal_bsp.a(alt_find_file.o)
 .debug_frame   0x0000000000000a0c       0x3c ../tetris_display_driver_bsp/\libhal_bsp.a(alt_get_fd.o)
 .debug_frame   0x0000000000000a48       0x5c ../tetris_display_driver_bsp/\libhal_bsp.a(alt_instruction_exception_entry.o)
 .debug_frame   0x0000000000000aa4       0x20 c:/intelfpga_lite/18.1/nios2eds/bin/gnu/h-x86_64-mingw32/bin/../lib/gcc/nios2-elf/5.3.0/../../../../../H-x86_64-mingw32/nios2-elf/lib/mno-hw-mul\libc.a(lib_a-atexit.o)
 .debug_frame   0x0000000000000ac4       0x28 c:/intelfpga_lite/18.1/nios2eds/bin/gnu/h-x86_64-mingw32/bin/../lib/gcc/nios2-elf/5.3.0/../../../../../H-x86_64-mingw32/nios2-elf/lib/mno-hw-mul\libc.a(lib_a-exit.o)
 .debug_frame   0x0000000000000aec       0x20 c:/intelfpga_lite/18.1/nios2eds/bin/gnu/h-x86_64-mingw32/bin/../lib/gcc/nios2-elf/5.3.0/../../../../../H-x86_64-mingw32/nios2-elf/lib/mno-hw-mul\libc.a(lib_a-memcmp.o)
 .debug_frame   0x0000000000000b0c       0x38 c:/intelfpga_lite/18.1/nios2eds/bin/gnu/h-x86_64-mingw32/bin/../lib/gcc/nios2-elf/5.3.0/../../../../../H-x86_64-mingw32/nios2-elf/lib/mno-hw-mul\libc.a(lib_a-memcpy.o)
 .debug_frame   0x0000000000000b44       0x20 c:/intelfpga_lite/18.1/nios2eds/bin/gnu/h-x86_64-mingw32/bin/../lib/gcc/nios2-elf/5.3.0/../../../../../H-x86_64-mingw32/nios2-elf/lib/mno-hw-mul\libc.a(lib_a-strlen.o)
 .debug_frame   0x0000000000000b64       0x38 c:/intelfpga_lite/18.1/nios2eds/bin/gnu/h-x86_64-mingw32/bin/../lib/gcc/nios2-elf/5.3.0/../../../../../H-x86_64-mingw32/nios2-elf/lib/mno-hw-mul\libc.a(lib_a-__atexit.o)
 .debug_frame   0x0000000000000b9c       0x54 c:/intelfpga_lite/18.1/nios2eds/bin/gnu/h-x86_64-mingw32/bin/../lib/gcc/nios2-elf/5.3.0/../../../../../H-x86_64-mingw32/nios2-elf/lib/mno-hw-mul\libc.a(lib_a-__call_atexit.o)
 .debug_frame   0x0000000000000bf0       0x50 c:/intelfpga_lite/18.1/nios2eds/bin/gnu/h-x86_64-mingw32/bin/../lib/gcc/nios2-elf/5.3.0/mno-hw-mul\libgcc.a(lib2-divmod.o)
 .debug_frame   0x0000000000000c40       0x2c ../tetris_display_driver_bsp/\libhal_bsp.a(alt_exit.o)

.debug_str      0x0000000000000000     0x1e0e
 *(.debug_str)
 .debug_str     0x0000000000000000       0xbf obj/default/image.o
 .debug_str     0x00000000000000bf       0xb9 obj/default/tetris.o
                                        0x1cd (size before relaxing)
 .debug_str     0x0000000000000178      0x148 c:/intelfpga_lite/18.1/nios2eds/bin/gnu/h-x86_64-mingw32/bin/../lib/gcc/nios2-elf/5.3.0/mno-hw-mul\libgcc.a(lib2-mul.o)
                                        0x193 (size before relaxing)
 .debug_str     0x00000000000002c0      0x13f ../tetris_display_driver_bsp/\libhal_bsp.a(alt_load.o)
                                        0x226 (size before relaxing)
 .debug_str     0x00000000000003ff       0x70 ../tetris_display_driver_bsp/\libhal_bsp.a(alt_main.o)
                                        0x1b1 (size before relaxing)
 .debug_str     0x000000000000046f       0x27 ../tetris_display_driver_bsp/\libhal_bsp.a(alt_usleep.o)
                                        0x15c (size before relaxing)
 .debug_str     0x0000000000000496      0x1d8 ../tetris_display_driver_bsp/\libhal_bsp.a(alt_sys_init.o)
                                        0x3a2 (size before relaxing)
 .debug_str     0x000000000000066e       0xb2 ../tetris_display_driver_bsp/\libhal_bsp.a(altera_avalon_jtag_uart_fd.o)
                                        0x3b8 (size before relaxing)
 .debug_str     0x0000000000000720       0xd1 ../tetris_display_driver_bsp/\libhal_bsp.a(altera_avalon_jtag_uart_init.o)
                                        0x34c (size before relaxing)
 .debug_str     0x00000000000007f1       0x4a ../tetris_display_driver_bsp/\libhal_bsp.a(altera_avalon_jtag_uart_ioctl.o)
                                        0x2a7 (size before relaxing)
 .debug_str     0x000000000000083b       0x7f ../tetris_display_driver_bsp/\libhal_bsp.a(altera_avalon_jtag_uart_read.o)
                                        0x2fc (size before relaxing)
 .debug_str     0x00000000000008ba       0x4a ../tetris_display_driver_bsp/\libhal_bsp.a(altera_avalon_jtag_uart_write.o)
                                        0x2fd (size before relaxing)
 .debug_str     0x0000000000000904       0xb3 ../tetris_display_driver_bsp/\libhal_bsp.a(altera_avalon_spi.o)
                                        0x1f4 (size before relaxing)
 .debug_str     0x00000000000009b7       0x6d ../tetris_display_driver_bsp/\libhal_bsp.a(altera_avalon_timer_sc.o)
                                        0x25f (size before relaxing)
 .debug_str     0x0000000000000a24       0x59 ../tetris_display_driver_bsp/\libhal_bsp.a(alt_alarm_start.o)
                                        0x292 (size before relaxing)
 .debug_str     0x0000000000000a7d       0x42 ../tetris_display_driver_bsp/\libhal_bsp.a(alt_busy_sleep.o)
                                        0x17f (size before relaxing)
 .debug_str     0x0000000000000abf       0x44 ../tetris_display_driver_bsp/\libhal_bsp.a(alt_close.o)
                                        0x21f (size before relaxing)
 .debug_str     0x0000000000000b03       0x34 ../tetris_display_driver_bsp/\libhal_bsp.a(alt_dcache_flush_all.o)
                                        0x169 (size before relaxing)
 .debug_str     0x0000000000000b37      0x119 ../tetris_display_driver_bsp/\libhal_bsp.a(alt_dev.o)
                                        0x319 (size before relaxing)
 .debug_str     0x0000000000000c50       0x34 ../tetris_display_driver_bsp/\libhal_bsp.a(alt_dev_llist_insert.o)
                                        0x1e0 (size before relaxing)
 .debug_str     0x0000000000000c84       0x48 ../tetris_display_driver_bsp/\libhal_bsp.a(alt_do_ctors.o)
                                         0xe4 (size before relaxing)
 .debug_str     0x0000000000000ccc       0x4c ../tetris_display_driver_bsp/\libhal_bsp.a(alt_do_dtors.o)
                                         0xe3 (size before relaxing)
 .debug_str     0x0000000000000d18       0x14 ../tetris_display_driver_bsp/\libhal_bsp.a(alt_errno.o)
                                        0x159 (size before relaxing)
 .debug_str     0x0000000000000d2c       0x34 ../tetris_display_driver_bsp/\libhal_bsp.a(alt_icache_flush_all.o)
                                        0x169 (size before relaxing)
 .debug_str     0x0000000000000d60       0xbd ../tetris_display_driver_bsp/\libhal_bsp.a(alt_iic.o)
                                        0x252 (size before relaxing)
 .debug_str     0x0000000000000e1d       0x4c ../tetris_display_driver_bsp/\libhal_bsp.a(alt_iic_isr_register.o)
                                        0x1fc (size before relaxing)
 .debug_str     0x0000000000000e69       0x56 ../tetris_display_driver_bsp/\libhal_bsp.a(alt_io_redirect.o)
                                        0x32a (size before relaxing)
 .debug_str     0x0000000000000ebf       0x3a ../tetris_display_driver_bsp/\libhal_bsp.a(alt_irq_handler.o)
                                        0x1ab (size before relaxing)
 .debug_str     0x0000000000000ef9       0x17 ../tetris_display_driver_bsp/\libhal_bsp.a(alt_irq_vars.o)
                                        0x14e (size before relaxing)
 .debug_str     0x0000000000000f10       0x29 ../tetris_display_driver_bsp/\libhal_bsp.a(alt_open.o)
                                        0x25f (size before relaxing)
 .debug_str     0x0000000000000f39       0x28 ../tetris_display_driver_bsp/\libhal_bsp.a(alt_release_fd.o)
                                        0x1e7 (size before relaxing)
 .debug_str     0x0000000000000f61       0x4a ../tetris_display_driver_bsp/\libhal_bsp.a(alt_tick.o)
                                        0x266 (size before relaxing)
 .debug_str     0x0000000000000fab       0x3b ../tetris_display_driver_bsp/\libhal_bsp.a(altera_nios2_gen2_irq.o)
                                        0x170 (size before relaxing)
 .debug_str     0x0000000000000fe6       0x24 ../tetris_display_driver_bsp/\libhal_bsp.a(alt_find_dev.o)
                                        0x200 (size before relaxing)
 .debug_str     0x000000000000100a       0x26 ../tetris_display_driver_bsp/\libhal_bsp.a(alt_find_file.o)
                                        0x20e (size before relaxing)
 .debug_str     0x0000000000001030       0x30 ../tetris_display_driver_bsp/\libhal_bsp.a(alt_get_fd.o)
                                        0x230 (size before relaxing)
 .debug_str     0x0000000000001060      0x48b ../tetris_display_driver_bsp/\libhal_bsp.a(alt_instruction_exception_entry.o)
                                        0x5b4 (size before relaxing)
 .debug_str     0x00000000000014eb      0x17c c:/intelfpga_lite/18.1/nios2eds/bin/gnu/h-x86_64-mingw32/bin/../lib/gcc/nios2-elf/5.3.0/../../../../../H-x86_64-mingw32/nios2-elf/lib/mno-hw-mul\libc.a(lib_a-atexit.o)
                                        0x221 (size before relaxing)
 .debug_str     0x0000000000001667      0x3af c:/intelfpga_lite/18.1/nios2eds/bin/gnu/h-x86_64-mingw32/bin/../lib/gcc/nios2-elf/5.3.0/../../../../../H-x86_64-mingw32/nios2-elf/lib/mno-hw-mul\libc.a(lib_a-exit.o)
                                        0x5be (size before relaxing)
 .debug_str     0x0000000000001a16       0xd6 c:/intelfpga_lite/18.1/nios2eds/bin/gnu/h-x86_64-mingw32/bin/../lib/gcc/nios2-elf/5.3.0/../../../../../H-x86_64-mingw32/nios2-elf/lib/mno-hw-mul\libc.a(lib_a-impure.o)
                                        0x5b5 (size before relaxing)
 .debug_str     0x0000000000001aec       0x3f c:/intelfpga_lite/18.1/nios2eds/bin/gnu/h-x86_64-mingw32/bin/../lib/gcc/nios2-elf/5.3.0/../../../../../H-x86_64-mingw32/nios2-elf/lib/mno-hw-mul\libc.a(lib_a-int_errno.o)
                                        0x1dd (size before relaxing)
 .debug_str     0x0000000000001b2b       0xda c:/intelfpga_lite/18.1/nios2eds/bin/gnu/h-x86_64-mingw32/bin/../lib/gcc/nios2-elf/5.3.0/../../../../../H-x86_64-mingw32/nios2-elf/lib/mno-hw-mul\libc.a(lib_a-memcmp.o)
                                        0x1e4 (size before relaxing)
 .debug_str     0x0000000000001c05       0x6b c:/intelfpga_lite/18.1/nios2eds/bin/gnu/h-x86_64-mingw32/bin/../lib/gcc/nios2-elf/5.3.0/../../../../../H-x86_64-mingw32/nios2-elf/lib/mno-hw-mul\libc.a(lib_a-memcpy.o)
                                        0x20b (size before relaxing)
 .debug_str     0x0000000000001c70       0x51 c:/intelfpga_lite/18.1/nios2eds/bin/gnu/h-x86_64-mingw32/bin/../lib/gcc/nios2-elf/5.3.0/../../../../../H-x86_64-mingw32/nios2-elf/lib/mno-hw-mul\libc.a(lib_a-strlen.o)
                                        0x1f7 (size before relaxing)
 .debug_str     0x0000000000001cc1       0x3f c:/intelfpga_lite/18.1/nios2eds/bin/gnu/h-x86_64-mingw32/bin/../lib/gcc/nios2-elf/5.3.0/../../../../../H-x86_64-mingw32/nios2-elf/lib/mno-hw-mul\libc.a(lib_a-__atexit.o)
                                        0x5f6 (size before relaxing)
 .debug_str     0x0000000000001d00       0x65 c:/intelfpga_lite/18.1/nios2eds/bin/gnu/h-x86_64-mingw32/bin/../lib/gcc/nios2-elf/5.3.0/../../../../../H-x86_64-mingw32/nios2-elf/lib/mno-hw-mul\libc.a(lib_a-__call_atexit.o)
                                        0x5e2 (size before relaxing)
 .debug_str     0x0000000000001d65       0x7f c:/intelfpga_lite/18.1/nios2eds/bin/gnu/h-x86_64-mingw32/bin/../lib/gcc/nios2-elf/5.3.0/mno-hw-mul\libgcc.a(lib2-divmod.o)
                                        0x1d2 (size before relaxing)
 .debug_str     0x0000000000001de4       0x2a ../tetris_display_driver_bsp/\libhal_bsp.a(alt_exit.o)
                                        0x165 (size before relaxing)

.debug_loc      0x0000000000000000      0xcd1
 *(.debug_loc)
 .debug_loc     0x0000000000000000       0x93 c:/intelfpga_lite/18.1/nios2eds/bin/gnu/h-x86_64-mingw32/bin/../lib/gcc/nios2-elf/5.3.0/mno-hw-mul\libgcc.a(lib2-mul.o)
 .debug_loc     0x0000000000000093       0x2c c:/intelfpga_lite/18.1/nios2eds/bin/gnu/h-x86_64-mingw32/bin/../lib/gcc/nios2-elf/5.3.0/../../../../../H-x86_64-mingw32/nios2-elf/lib/mno-hw-mul\libc.a(lib_a-atexit.o)
 .debug_loc     0x00000000000000bf       0x1e c:/intelfpga_lite/18.1/nios2eds/bin/gnu/h-x86_64-mingw32/bin/../lib/gcc/nios2-elf/5.3.0/../../../../../H-x86_64-mingw32/nios2-elf/lib/mno-hw-mul\libc.a(lib_a-exit.o)
 .debug_loc     0x00000000000000dd      0x126 c:/intelfpga_lite/18.1/nios2eds/bin/gnu/h-x86_64-mingw32/bin/../lib/gcc/nios2-elf/5.3.0/../../../../../H-x86_64-mingw32/nios2-elf/lib/mno-hw-mul\libc.a(lib_a-memcmp.o)
 .debug_loc     0x0000000000000203      0x266 c:/intelfpga_lite/18.1/nios2eds/bin/gnu/h-x86_64-mingw32/bin/../lib/gcc/nios2-elf/5.3.0/../../../../../H-x86_64-mingw32/nios2-elf/lib/mno-hw-mul\libc.a(lib_a-memcpy.o)
 .debug_loc     0x0000000000000469       0x47 c:/intelfpga_lite/18.1/nios2eds/bin/gnu/h-x86_64-mingw32/bin/../lib/gcc/nios2-elf/5.3.0/../../../../../H-x86_64-mingw32/nios2-elf/lib/mno-hw-mul\libc.a(lib_a-strlen.o)
 .debug_loc     0x00000000000004b0      0x185 c:/intelfpga_lite/18.1/nios2eds/bin/gnu/h-x86_64-mingw32/bin/../lib/gcc/nios2-elf/5.3.0/../../../../../H-x86_64-mingw32/nios2-elf/lib/mno-hw-mul\libc.a(lib_a-__atexit.o)
 .debug_loc     0x0000000000000635      0x1ce c:/intelfpga_lite/18.1/nios2eds/bin/gnu/h-x86_64-mingw32/bin/../lib/gcc/nios2-elf/5.3.0/../../../../../H-x86_64-mingw32/nios2-elf/lib/mno-hw-mul\libc.a(lib_a-__call_atexit.o)
 .debug_loc     0x0000000000000803      0x4ce c:/intelfpga_lite/18.1/nios2eds/bin/gnu/h-x86_64-mingw32/bin/../lib/gcc/nios2-elf/5.3.0/mno-hw-mul\libgcc.a(lib2-divmod.o)

.debug_macinfo
 *(.debug_macinfo)

.debug_weaknames
 *(.debug_weaknames)

.debug_funcnames
 *(.debug_funcnames)

.debug_typenames
 *(.debug_typenames)

.debug_varnames
 *(.debug_varnames)

.debug_alt_sim_info
                0x0000000000000000       0x40
 *(.debug_alt_sim_info)
 .debug_alt_sim_info
                0x0000000000000000       0x10 ../tetris_display_driver_bsp//obj/HAL/src/crt0.o
 .debug_alt_sim_info
                0x0000000000000010       0x30 ../tetris_display_driver_bsp/\libhal_bsp.a(alt_busy_sleep.o)
                0x0000000000040000                __alt_data_end = 0x40000
                0x0000000000040000                PROVIDE (__alt_stack_pointer, __alt_data_end)
                [!provide]                        PROVIDE (__alt_stack_limit, __alt_stack_base)
                [!provide]                        PROVIDE (__alt_heap_start, end)
                [!provide]                        PROVIDE (__alt_heap_limit, 0x40000)
OUTPUT(tetris_display_driver.elf elf32-littlenios2)

.debug_ranges   0x0000000000000000      0x1d8
 .debug_ranges  0x0000000000000000       0x20 ../tetris_display_driver_bsp//obj/HAL/src/crt0.o
 .debug_ranges  0x0000000000000020       0x30 ../tetris_display_driver_bsp/\libhal_bsp.a(altera_avalon_jtag_uart_init.o)
 .debug_ranges  0x0000000000000050       0x18 ../tetris_display_driver_bsp/\libhal_bsp.a(altera_avalon_jtag_uart_read.o)
 .debug_ranges  0x0000000000000068       0x28 ../tetris_display_driver_bsp/\libhal_bsp.a(alt_irq_entry.o)
 .debug_ranges  0x0000000000000090       0x10 ../tetris_display_driver_bsp/\libhal_bsp.a(alt_irq_handler.o)
 .debug_ranges  0x00000000000000a0       0x30 ../tetris_display_driver_bsp/\libhal_bsp.a(alt_exception_entry.o)
 .debug_ranges  0x00000000000000d0       0x18 ../tetris_display_driver_bsp/\libhal_bsp.a(alt_instruction_exception_entry.o)
 .debug_ranges  0x00000000000000e8       0x10 c:/intelfpga_lite/18.1/nios2eds/bin/gnu/h-x86_64-mingw32/bin/../lib/gcc/nios2-elf/5.3.0/../../../../../H-x86_64-mingw32/nios2-elf/lib/mno-hw-mul\libc.a(lib_a-atexit.o)
 .debug_ranges  0x00000000000000f8       0x10 c:/intelfpga_lite/18.1/nios2eds/bin/gnu/h-x86_64-mingw32/bin/../lib/gcc/nios2-elf/5.3.0/../../../../../H-x86_64-mingw32/nios2-elf/lib/mno-hw-mul\libc.a(lib_a-exit.o)
 .debug_ranges  0x0000000000000108       0x10 c:/intelfpga_lite/18.1/nios2eds/bin/gnu/h-x86_64-mingw32/bin/../lib/gcc/nios2-elf/5.3.0/../../../../../H-x86_64-mingw32/nios2-elf/lib/mno-hw-mul\libc.a(lib_a-memcmp.o)
 .debug_ranges  0x0000000000000118       0x10 c:/intelfpga_lite/18.1/nios2eds/bin/gnu/h-x86_64-mingw32/bin/../lib/gcc/nios2-elf/5.3.0/../../../../../H-x86_64-mingw32/nios2-elf/lib/mno-hw-mul\libc.a(lib_a-memcpy.o)
 .debug_ranges  0x0000000000000128       0x10 c:/intelfpga_lite/18.1/nios2eds/bin/gnu/h-x86_64-mingw32/bin/../lib/gcc/nios2-elf/5.3.0/../../../../../H-x86_64-mingw32/nios2-elf/lib/mno-hw-mul\libc.a(lib_a-strlen.o)
 .debug_ranges  0x0000000000000138       0x10 c:/intelfpga_lite/18.1/nios2eds/bin/gnu/h-x86_64-mingw32/bin/../lib/gcc/nios2-elf/5.3.0/../../../../../H-x86_64-mingw32/nios2-elf/lib/mno-hw-mul\libc.a(lib_a-__atexit.o)
 .debug_ranges  0x0000000000000148       0x30 c:/intelfpga_lite/18.1/nios2eds/bin/gnu/h-x86_64-mingw32/bin/../lib/gcc/nios2-elf/5.3.0/../../../../../H-x86_64-mingw32/nios2-elf/lib/mno-hw-mul\libc.a(lib_a-__call_atexit.o)
 .debug_ranges  0x0000000000000178       0x60 c:/intelfpga_lite/18.1/nios2eds/bin/gnu/h-x86_64-mingw32/bin/../lib/gcc/nios2-elf/5.3.0/mno-hw-mul\libgcc.a(lib2-divmod.o)